Archive member included to satisfy reference by file (symbol)

/usr/lib/arm-none-eabi/newlib/thumb//libc_nano.a(lib_a-atexit.o)
                              /usr/lib/gcc/arm-none-eabi/4.9.3/../../../arm-none-eabi/lib/armv6-m/crt0.o (atexit)
/usr/lib/arm-none-eabi/newlib/thumb//libc_nano.a(lib_a-exit.o)
                              /usr/lib/gcc/arm-none-eabi/4.9.3/../../../arm-none-eabi/lib/armv6-m/crt0.o (exit)
/usr/lib/arm-none-eabi/newlib/thumb//libc_nano.a(lib_a-fini.o)
                              /usr/lib/gcc/arm-none-eabi/4.9.3/../../../arm-none-eabi/lib/armv6-m/crt0.o (__libc_fini_array)
/usr/lib/arm-none-eabi/newlib/thumb//libc_nano.a(lib_a-impure.o)
                              /usr/lib/arm-none-eabi/newlib/thumb//libc_nano.a(lib_a-exit.o) (_global_impure_ptr)
/usr/lib/arm-none-eabi/newlib/thumb//libc_nano.a(lib_a-init.o)
                              /usr/lib/gcc/arm-none-eabi/4.9.3/../../../arm-none-eabi/lib/armv6-m/crt0.o (__libc_init_array)
/usr/lib/arm-none-eabi/newlib/thumb//libc_nano.a(lib_a-memset.o)
                              /usr/lib/gcc/arm-none-eabi/4.9.3/../../../arm-none-eabi/lib/armv6-m/crt0.o (memset)
/usr/lib/arm-none-eabi/newlib/thumb//libc_nano.a(lib_a-sprintf.o)
                              build/main.o (sprintf)
/usr/lib/arm-none-eabi/newlib/thumb//libc_nano.a(lib_a-__atexit.o)
                              /usr/lib/arm-none-eabi/newlib/thumb//libc_nano.a(lib_a-atexit.o) (__register_exitproc)
/usr/lib/arm-none-eabi/newlib/thumb//libc_nano.a(lib_a-__call_atexit.o)
                              /usr/lib/arm-none-eabi/newlib/thumb//libc_nano.a(lib_a-__atexit.o) (__call_exitprocs)
/usr/lib/arm-none-eabi/newlib/thumb//libc_nano.a(lib_a-nano-svfprintf.o)
                              /usr/lib/arm-none-eabi/newlib/thumb//libc_nano.a(lib_a-sprintf.o) (_svfprintf_r)
/usr/lib/arm-none-eabi/newlib/thumb//libc_nano.a(lib_a-nano-vfprintf_i.o)
                              /usr/lib/arm-none-eabi/newlib/thumb//libc_nano.a(lib_a-nano-svfprintf.o) (_printf_i)
/usr/lib/arm-none-eabi/newlib/thumb//libc_nano.a(lib_a-memchr.o)
                              /usr/lib/arm-none-eabi/newlib/thumb//libc_nano.a(lib_a-nano-svfprintf.o) (memchr)
/usr/lib/arm-none-eabi/newlib/thumb//libc_nano.a(lib_a-memcpy.o)
                              /usr/lib/arm-none-eabi/newlib/thumb//libc_nano.a(lib_a-nano-svfprintf.o) (memcpy)
/usr/lib/arm-none-eabi/newlib/thumb//libc_nano.a(lib_a-memmove.o)
                              /usr/lib/arm-none-eabi/newlib/thumb//libc_nano.a(lib_a-nano-svfprintf.o) (memmove)
/usr/lib/arm-none-eabi/newlib/thumb//libc_nano.a(lib_a-nano-freer.o)
                              /usr/lib/arm-none-eabi/newlib/thumb//libc_nano.a(lib_a-nano-svfprintf.o) (_free_r)
/usr/lib/arm-none-eabi/newlib/thumb//libc_nano.a(lib_a-nano-mallocr.o)
                              /usr/lib/arm-none-eabi/newlib/thumb//libc_nano.a(lib_a-nano-svfprintf.o) (_malloc_r)
/usr/lib/arm-none-eabi/newlib/thumb//libc_nano.a(lib_a-nano-reallocr.o)
                              /usr/lib/arm-none-eabi/newlib/thumb//libc_nano.a(lib_a-nano-svfprintf.o) (_realloc_r)
/usr/lib/arm-none-eabi/newlib/thumb//libc_nano.a(lib_a-sbrkr.o)
                              /usr/lib/arm-none-eabi/newlib/thumb//libc_nano.a(lib_a-nano-mallocr.o) (_sbrk_r)
/usr/lib/arm-none-eabi/newlib/thumb//libc_nano.a(lib_a-nano-msizer.o)
                              /usr/lib/arm-none-eabi/newlib/thumb//libc_nano.a(lib_a-nano-reallocr.o) (_malloc_usable_size_r)
/usr/lib/arm-none-eabi/newlib/thumb//libc_nano.a(lib_a-reent.o)
                              /usr/lib/arm-none-eabi/newlib/thumb//libc_nano.a(lib_a-sbrkr.o) (errno)
/usr/lib/arm-none-eabi/newlib/thumb//libnosys.a(sbrk.o)
                              /usr/lib/arm-none-eabi/newlib/thumb//libc_nano.a(lib_a-sbrkr.o) (_sbrk)
/usr/lib/arm-none-eabi/newlib/thumb//libnosys.a(_exit.o)
                              /usr/lib/arm-none-eabi/newlib/thumb//libc_nano.a(lib_a-exit.o) (_exit)
/usr/lib/gcc/arm-none-eabi/4.9.3/armv6-m/libgcc.a(_udivsi3.o)
                              build/rtc_ds3231_object.o (__aeabi_uidiv)
/usr/lib/gcc/arm-none-eabi/4.9.3/armv6-m/libgcc.a(_dvmd_tls.o)
                              /usr/lib/gcc/arm-none-eabi/4.9.3/armv6-m/libgcc.a(_udivsi3.o) (__aeabi_idiv0)
/usr/lib/gcc/arm-none-eabi/4.9.3/armv6-m/libgcc.a(_arm_cmpdf2.o)
                              build/depth_switch_object.o (__aeabi_dcmpeq)
/usr/lib/gcc/arm-none-eabi/4.9.3/armv6-m/libgcc.a(_aeabi_uldivmod.o)
                              build/stm32l0xx_hal_uart.o (__aeabi_uldivmod)
/usr/lib/gcc/arm-none-eabi/4.9.3/armv6-m/libgcc.a(_fixunsdfsi.o)
                              build/main.o (__aeabi_d2uiz)
/usr/lib/gcc/arm-none-eabi/4.9.3/armv6-m/libgcc.a(bpabi.o)
                              /usr/lib/gcc/arm-none-eabi/4.9.3/armv6-m/libgcc.a(_aeabi_uldivmod.o) (__gnu_uldivmod_helper)
/usr/lib/gcc/arm-none-eabi/4.9.3/armv6-m/libgcc.a(adddf3.o)
                              build/depth_switch_object.o (__aeabi_dadd)
[...]
Memory Configuration

Name             Origin             Length             Attributes
RAM              0x0000000020000000 0x0000000000005000 xrw
FLASH            0x0000000008000000 0x0000000000010000 xr
*default*        0x0000000000000000 0xffffffffffffffff

Linker script and memory map

LOAD /usr/lib/gcc/arm-none-eabi/4.9.3/armv6-m/crti.o
LOAD /usr/lib/gcc/arm-none-eabi/4.9.3/armv6-m/crtbegin.o
LOAD /usr/lib/gcc/arm-none-eabi/4.9.3/../../../arm-none-eabi/lib/armv6-m/crt0.o
LOAD build/main.o
LOAD build/gpio.o
LOAD build/tim.o
LOAD build/adc.o
LOAD build/i2c.o
LOAD build/spi.o
LOAD build/sys.o
LOAD build/usart.o
LOAD build/stm32l0xx_it.o
LOAD build/stm32l0xx_hal_msp.o
LOAD build/depth_switch_object.o
LOAD build/rtc_ds3231_object.o
LOAD build/pressure_sensor_object.o
LOAD build/voltmeter_object.o
LOAD build/fonts.o
LOAD build/ssd1306.o
LOAD build/one_second_timer_object.o
LOAD build/stm32l0xx_hal_adc.o
LOAD build/stm32l0xx_hal_adc_ex.o
LOAD build/stm32l0xx_hal.o
LOAD build/stm32l0xx_hal_i2c.o
LOAD build/stm32l0xx_hal_i2c_ex.o
LOAD build/stm32l0xx_hal_rcc.o
LOAD build/stm32l0xx_hal_rcc_ex.o
LOAD build/stm32l0xx_hal_flash_ramfunc.o
LOAD build/stm32l0xx_hal_flash.o
LOAD build/stm32l0xx_hal_flash_ex.o
LOAD build/stm32l0xx_hal_gpio.o
LOAD build/stm32l0xx_hal_dma.o
LOAD build/stm32l0xx_hal_pwr.o
LOAD build/stm32l0xx_hal_pwr_ex.o
LOAD build/stm32l0xx_hal_cortex.o
LOAD build/stm32l0xx_hal_spi.o
LOAD build/stm32l0xx_hal_tim.o
LOAD build/stm32l0xx_hal_tim_ex.o
LOAD build/stm32l0xx_hal_uart.o
LOAD build/stm32l0xx_hal_uart_ex.o
LOAD build/system_stm32l0xx.o
LOAD build/startup_stm32l071xx.o
LOAD /usr/lib/arm-none-eabi/newlib/thumb//libc_nano.a
LOAD /usr/lib/arm-none-eabi/newlib/thumb//libm.a
LOAD /usr/lib/arm-none-eabi/newlib/thumb//libnosys.a
START GROUP
LOAD /usr/lib/gcc/arm-none-eabi/4.9.3/armv6-m/libgcc.a
LOAD /usr/lib/arm-none-eabi/newlib/thumb//libc_nano.a
END GROUP
START GROUP
LOAD /usr/lib/gcc/arm-none-eabi/4.9.3/armv6-m/libgcc.a
LOAD /usr/lib/arm-none-eabi/newlib/thumb//libc_nano.a
END GROUP
LOAD /usr/lib/gcc/arm-none-eabi/4.9.3/armv6-m/crtend.o
LOAD /usr/lib/gcc/arm-none-eabi/4.9.3/armv6-m/crtn.o
                0x0000000020005000                _estack = 0x20005000
                0x0000000000000800                _Min_Heap_Size = 0x800
                0x0000000000000f00                _Min_Stack_Size = 0xf00

.isr_vector     0x0000000008000000       0xc0
                0x0000000008000000                . = ALIGN (0x4)
 *(.isr_vector)
 .isr_vector    0x0000000008000000       0xc0 build/startup_stm32l071xx.o
                0x0000000008000000                g_pfnVectors
                0x00000000080000c0                . = ALIGN (0x4)

.text           0x00000000080000c0     0x6c00
                0x00000000080000c0                . = ALIGN (0x4)
 *(.text)
 .text          0x00000000080000c0       0xb4 /usr/lib/gcc/arm-none-eabi/4.9.3/armv6-m/crtbegin.o
 .text          0x0000000008000174      0x120 /usr/lib/gcc/arm-none-eabi/4.9.3/armv6-m/libgcc.a(_udivsi3.o)
                0x0000000008000174                __udivsi3
                0x0000000008000174                __aeabi_uidiv
                0x0000000008000280                __aeabi_uidivmod
 .text          0x0000000008000294        0x4 /usr/lib/gcc/arm-none-eabi/4.9.3/armv6-m/libgcc.a(_dvmd_tls.o)
                0x0000000008000294                __aeabi_ldiv0
                0x0000000008000294                __aeabi_idiv0
 .text          0x0000000008000298       0x7c /usr/lib/gcc/arm-none-eabi/4.9.3/armv6-m/libgcc.a(_arm_cmpdf2.o)
                0x0000000008000298                __aeabi_cdrcmple
                0x00000000080002a8                __aeabi_cdcmple
                0x00000000080002a8                __aeabi_cdcmpeq
                0x00000000080002b8                __aeabi_dcmpeq
                0x00000000080002c4                __aeabi_dcmplt
                0x00000000080002d8                __aeabi_dcmple
                0x00000000080002ec                __aeabi_dcmpgt
                0x0000000008000300                __aeabi_dcmpge
 .text          0x0000000008000314       0x40 /usr/lib/gcc/arm-none-eabi/4.9.3/armv6-m/libgcc.a(_aeabi_uldivmod.o)
                0x0000000008000314                __aeabi_uldivmod
 .text          0x0000000008000354       0x3c /usr/lib/gcc/arm-none-eabi/4.9.3/armv6-m/libgcc.a(_fixunsdfsi.o)
                0x0000000008000354                __fixunsdfsi
                0x0000000008000354                __aeabi_d2uiz
 .text          0x0000000008000390       0x6c /usr/lib/gcc/arm-none-eabi/4.9.3/armv6-m/libgcc.a(bpabi.o)
                0x0000000008000390                __gnu_ldivmod_helper
                0x00000000080003c8                __gnu_uldivmod_helper
 .text          0x00000000080003fc      0x650 /usr/lib/gcc/arm-none-eabi/4.9.3/armv6-m/libgcc.a(adddf3.o)
                0x00000000080003fc                __aeabi_dadd
 .text          0x0000000008000a4c      0x648 /usr/lib/gcc/arm-none-eabi/4.9.3/armv6-m/libgcc.a(divdf3.o)
                0x0000000008000a4c                __aeabi_ddiv
 .text          0x0000000008001094       0x88 /usr/lib/gcc/arm-none-eabi/4.9.3/armv6-m/libgcc.a(eqdf2.o)
                0x0000000008001094                __eqdf2
                0x0000000008001094                __nedf2
 .text          0x000000000800111c       0xe0 /usr/lib/gcc/arm-none-eabi/4.9.3/armv6-m/libgcc.a(gedf2.o)
                0x000000000800111c                __gtdf2
                0x000000000800111c                __gedf2
 .text          0x00000000080011fc       0xcc /usr/lib/gcc/arm-none-eabi/4.9.3/armv6-m/libgcc.a(ledf2.o)
                0x00000000080011fc                __ltdf2
                0x00000000080011fc                __ledf2
 .text          0x00000000080012c8      0x534 /usr/lib/gcc/arm-none-eabi/4.9.3/armv6-m/libgcc.a(muldf3.o)
                0x00000000080012c8                __aeabi_dmul
 .text          0x00000000080017fc      0x6f4 /usr/lib/gcc/arm-none-eabi/4.9.3/armv6-m/libgcc.a(subdf3.o)
                0x00000000080017fc                __aeabi_dsub
 .text          0x0000000008001ef0       0x6c /usr/lib/gcc/arm-none-eabi/4.9.3/armv6-m/libgcc.a(fixdfsi.o)
                0x0000000008001ef0                __aeabi_d2iz
 .text          0x0000000008001f5c       0x78 /usr/lib/gcc/arm-none-eabi/4.9.3/armv6-m/libgcc.a(floatsidf.o)
                0x0000000008001f5c                __aeabi_i2d
 .text          0x0000000008001fd4       0x64 /usr/lib/gcc/arm-none-eabi/4.9.3/armv6-m/libgcc.a(floatunsidf.o)
                0x0000000008001fd4                __aeabi_ui2d
 .text          0x0000000008002038       0x3c /usr/lib/gcc/arm-none-eabi/4.9.3/armv6-m/libgcc.a(_clzsi2.o)
                0x0000000008002038                __clzsi2
 .text          0x0000000008002074       0x54 /usr/lib/gcc/arm-none-eabi/4.9.3/armv6-m/libgcc.a(_muldi3.o)
                0x0000000008002074                __aeabi_lmul
                0x0000000008002074                __muldi3
 .text          0x00000000080020c8      0x1f0 /usr/lib/gcc/arm-none-eabi/4.9.3/armv6-m/libgcc.a(_divdi3.o)
                0x00000000080020c8                __divdi3
 .text          0x00000000080022b8      0x158 /usr/lib/gcc/arm-none-eabi/4.9.3/armv6-m/libgcc.a(_udivdi3.o)
                0x00000000080022b8                __udivdi3
 .text          0x0000000008002410       0x18 /usr/lib/gcc/arm-none-eabi/4.9.3/armv6-m/libgcc.a(_clzdi2.o)
                0x0000000008002410                __clzdi2
 *(.text*)
 .text.SystemClock_Config
                0x0000000008002428       0x94 build/main.o
                0x0000000008002428                SystemClock_Config
 .text.main     0x00000000080024bc      0xb7c build/main.o
                0x00000000080024bc                main
 .text.Error_Handler
                0x0000000008003038        0x4 build/main.o
                0x0000000008003038                Error_Handler
 .text.MX_GPIO_Init
                0x000000000800303c       0x98 build/gpio.o
                0x000000000800303c                MX_GPIO_Init
 .text.MX_TIM2_Init
                0x00000000080030d4       0x64 build/tim.o
                0x00000000080030d4                MX_TIM2_Init
 .text.HAL_TIM_Base_MspInit
                0x0000000008003138       0x2c build/tim.o
                0x0000000008003138                HAL_TIM_Base_MspInit
 .text.MX_ADC_Init
                0x0000000008003164       0x78 build/adc.o
                0x0000000008003164                MX_ADC_Init
 .text.HAL_ADC_MspInit
                0x00000000080031dc       0x50 build/adc.o
                0x00000000080031dc                HAL_ADC_MspInit
 .text.MX_I2C1_Init
                0x000000000800322c       0x58 build/i2c.o
                0x000000000800322c                MX_I2C1_Init
 .text.MX_I2C3_Init
                0x0000000008003284       0x58 build/i2c.o
                0x0000000008003284                MX_I2C3_Init
 .text.HAL_I2C_MspInit
                0x00000000080032dc      0x120 build/i2c.o
                0x00000000080032dc                HAL_I2C_MspInit
 .text.MX_SPI1_Init
                0x00000000080033fc       0x40 build/spi.o
                0x00000000080033fc                MX_SPI1_Init
 .text.HAL_SPI_MspInit
                0x000000000800343c       0x58 build/spi.o
                0x000000000800343c                HAL_SPI_MspInit
 .text.MX_USART1_UART_Init
                0x0000000008003494       0x38 build/usart.o
                0x0000000008003494                MX_USART1_UART_Init
 .text.HAL_UART_MspInit
                0x00000000080034cc       0x58 build/usart.o
                0x00000000080034cc                HAL_UART_MspInit
 .text.NMI_Handler
                0x0000000008003524        0x4 build/stm32l0xx_it.o
                0x0000000008003524                NMI_Handler
 .text.HardFault_Handler
                0x0000000008003528        0x4 build/stm32l0xx_it.o
                0x0000000008003528                HardFault_Handler
 .text.SVC_Handler
                0x000000000800352c        0x4 build/stm32l0xx_it.o
                0x000000000800352c                SVC_Handler
 .text.PendSV_Handler
                0x0000000008003530        0x4 build/stm32l0xx_it.o
                0x0000000008003530                PendSV_Handler
 .text.SysTick_Handler
                0x0000000008003534        0xc build/stm32l0xx_it.o
                0x0000000008003534                SysTick_Handler
 .text.TIM2_IRQHandler
                0x0000000008003540       0x10 build/stm32l0xx_it.o
                0x0000000008003540                TIM2_IRQHandler
 .text.HAL_TIM_PeriodElapsedCallback
                0x0000000008003550       0x18 build/stm32l0xx_it.o
                0x0000000008003550                HAL_TIM_PeriodElapsedCallback
 .text.HAL_MspInit
                0x0000000008003568       0x1c build/stm32l0xx_hal_msp.o
                0x0000000008003568                HAL_MspInit
 .text.depth_switch_check_gpio
                0x0000000008003584       0x14 build/depth_switch_object.o
                0x0000000008003584                depth_switch_check_gpio
 .text.depth_switch_turn_signal_led
                0x0000000008003598       0x64 build/depth_switch_object.o
                0x0000000008003598                depth_switch_turn_signal_led
 .text.depth_switch_step_current_depth
                0x00000000080035fc       0xa8 build/depth_switch_object.o
                0x00000000080035fc                depth_switch_step_current_depth
 .text.depth_switch_step_to_test
                0x00000000080036a4       0x1c build/depth_switch_object.o
                0x00000000080036a4                depth_switch_step_to_test
 .text.depth_switch_get_current_depth
                0x00000000080036c0        0xc build/depth_switch_object.o
                0x00000000080036c0                depth_switch_get_current_depth
 .text.depth_switch_action
                0x00000000080036cc       0x54 build/depth_switch_object.o
                0x00000000080036cc                depth_switch_action
 .text.rtc_ds3231_get_date
                0x0000000008003720       0x20 build/rtc_ds3231_object.o
                0x0000000008003720                rtc_ds3231_get_date
 .text.rtc_ds3231_get_time
                0x0000000008003740       0x20 build/rtc_ds3231_object.o
                0x0000000008003740                rtc_ds3231_get_time
 .text.rtc_ds3231_set_i2c_handle
                0x0000000008003760        0xc build/rtc_ds3231_object.o
                0x0000000008003760                rtc_ds3231_set_i2c_handle
 .text.rtc_ds3231_action
                0x000000000800376c      0x134 build/rtc_ds3231_object.o
                0x000000000800376c                rtc_ds3231_action
 .text.write_byte
                0x00000000080038a0       0x20 build/pressure_sensor_object.o
                0x00000000080038a0                write_byte
 .text.pressure_sensor_object_init
                0x00000000080038c0       0x60 build/pressure_sensor_object.o
                0x00000000080038c0                pressure_sensor_object_init
 .text.pressure_sensor_measure_pressure_temperature
                0x0000000008003920      0x330 build/pressure_sensor_object.o
                0x0000000008003920                pressure_sensor_measure_pressure_temperature
 .text.pressure_sensor_get_pressure
                0x0000000008003c50        0xc build/pressure_sensor_object.o
                0x0000000008003c50                pressure_sensor_get_pressure
 .text.pressure_sensor_get_temperature
                0x0000000008003c5c        0xc build/pressure_sensor_object.o
                0x0000000008003c5c                pressure_sensor_get_temperature
 .text.voltmeter_measure_voltage
                0x0000000008003c68       0xec build/voltmeter_object.o
                0x0000000008003c68                voltmeter_measure_voltage
 .text.voltmeter_get_voltage
                0x0000000008003d54        0xc build/voltmeter_object.o
                0x0000000008003d54                voltmeter_get_voltage
 .text.voltmeter_get_percentage
                0x0000000008003d60        0xc build/voltmeter_object.o
                0x0000000008003d60                voltmeter_get_percentage
 .text.ssd1306_WriteCommand
                0x0000000008003d6c       0x2c build/ssd1306.o
 .text.ssd1306_set_i2c_port
                0x0000000008003d98       0x28 build/ssd1306.o
                0x0000000008003d98                ssd1306_set_i2c_port
 .text.ssd1306_Fill
                0x0000000008003dc0       0x28 build/ssd1306.o
                0x0000000008003dc0                ssd1306_Fill
 .text.ssd1306_UpdateScreen
                0x0000000008003de8       0x54 build/ssd1306.o
                0x0000000008003de8                ssd1306_UpdateScreen
 .text.ssd1306_Init
                0x0000000008003e3c       0xd0 build/ssd1306.o
                0x0000000008003e3c                ssd1306_Init
 .text.ssd1306_DrawPixel
                0x0000000008003f0c       0x60 build/ssd1306.o
                0x0000000008003f0c                ssd1306_DrawPixel
 .text.ssd1306_WriteChar
                0x0000000008003f6c       0xb4 build/ssd1306.o
                0x0000000008003f6c                ssd1306_WriteChar
 .text.ssd1306_WriteString
                0x0000000008004020       0x2c build/ssd1306.o
                0x0000000008004020                ssd1306_WriteString
 .text.ssd1306_SetCursor
                0x000000000800404c        0xc build/ssd1306.o
                0x000000000800404c                ssd1306_SetCursor
 .text.one_second_timer_start
                0x0000000008004058       0x10 build/one_second_timer_object.o
                0x0000000008004058                one_second_timer_start
 .text.one_second_timer_set_flag
                0x0000000008004068        0xc build/one_second_timer_object.o
                0x0000000008004068                one_second_timer_set_flag
 .text.one_second_timer_reset_flag
                0x0000000008004074        0xc build/one_second_timer_object.o
                0x0000000008004074                one_second_timer_reset_flag
 .text.one_second_timer_init
                0x0000000008004080        0xc build/one_second_timer_object.o
                0x0000000008004080                one_second_timer_init
 .text.one_second_timer_get_flag
                0x000000000800408c        0xc build/one_second_timer_object.o
                0x000000000800408c                one_second_timer_get_flag
 .text.one_second_timer_increment_counter
                0x0000000008004098       0x10 build/one_second_timer_object.o
                0x0000000008004098                one_second_timer_increment_counter
 .text.ADC_DelayMicroSecond
                0x00000000080040a8       0x30 build/stm32l0xx_hal_adc.o
 .text.ADC_Enable
                0x00000000080040d8       0x88 build/stm32l0xx_hal_adc.o
 .text.HAL_ADC_Init
                0x0000000008004160      0x1ec build/stm32l0xx_hal_adc.o
                0x0000000008004160                HAL_ADC_Init
 .text.HAL_ADC_Start
                0x000000000800434c       0x60 build/stm32l0xx_hal_adc.o
                0x000000000800434c                HAL_ADC_Start
 .text.HAL_ADC_PollForConversion
                0x00000000080043ac       0xc8 build/stm32l0xx_hal_adc.o
                0x00000000080043ac                HAL_ADC_PollForConversion
 .text.HAL_ADC_GetValue
                0x0000000008004474        0x8 build/stm32l0xx_hal_adc.o
                0x0000000008004474                HAL_ADC_GetValue
 .text.HAL_ADC_ConfigChannel
                0x000000000800447c       0xb8 build/stm32l0xx_hal_adc.o
                0x000000000800447c                HAL_ADC_ConfigChannel
 .text.HAL_InitTick
                0x0000000008004534       0x30 build/stm32l0xx_hal.o
                0x0000000008004534                HAL_InitTick
 .text.HAL_Init
                0x0000000008004564       0x28 build/stm32l0xx_hal.o
                0x0000000008004564                HAL_Init
 .text.HAL_IncTick
                0x000000000800458c       0x10 build/stm32l0xx_hal.o
                0x000000000800458c                HAL_IncTick
 .text.HAL_GetTick
                0x000000000800459c        0xc build/stm32l0xx_hal.o
                0x000000000800459c                HAL_GetTick
 .text.HAL_Delay
                0x00000000080045a8       0x1c build/stm32l0xx_hal.o
                0x00000000080045a8                HAL_Delay
 .text.I2C_Flush_TXDR
                0x00000000080045c4       0x20 build/stm32l0xx_hal_i2c.o
 .text.I2C_TransferConfig
                0x00000000080045e4       0x2c build/stm32l0xx_hal_i2c.o
 .text.I2C_IsAcknowledgeFailed
                0x0000000008004610       0x80 build/stm32l0xx_hal_i2c.o
 .text.I2C_WaitOnTXISFlagUntilTimeout
                0x0000000008004690       0x54 build/stm32l0xx_hal_i2c.o
 .text.I2C_WaitOnFlagUntilTimeout
                0x00000000080046e4       0x50 build/stm32l0xx_hal_i2c.o
 .text.I2C_RequestMemoryWrite
                0x0000000008004734       0x74 build/stm32l0xx_hal_i2c.o
 .text.I2C_RequestMemoryRead
                0x00000000080047a8       0x70 build/stm32l0xx_hal_i2c.o
 .text.I2C_WaitOnSTOPFlagUntilTimeout
                0x0000000008004818       0x50 build/stm32l0xx_hal_i2c.o
 .text.HAL_I2C_Init
                0x0000000008004868       0xc8 build/stm32l0xx_hal_i2c.o
                0x0000000008004868                HAL_I2C_Init
 .text.HAL_I2C_Mem_Write
                0x0000000008004930      0x1a4 build/stm32l0xx_hal_i2c.o
                0x0000000008004930                HAL_I2C_Mem_Write
 .text.HAL_I2C_Mem_Read
                0x0000000008004ad4      0x1b4 build/stm32l0xx_hal_i2c.o
                0x0000000008004ad4                HAL_I2C_Mem_Read
 .text.HAL_I2CEx_ConfigAnalogFilter
                0x0000000008004c88       0x58 build/stm32l0xx_hal_i2c_ex.o
                0x0000000008004c88                HAL_I2CEx_ConfigAnalogFilter
 .text.HAL_I2CEx_ConfigDigitalFilter
                0x0000000008004ce0       0x54 build/stm32l0xx_hal_i2c_ex.o
                0x0000000008004ce0                HAL_I2CEx_ConfigDigitalFilter
 .text.HAL_RCC_GetSysClockFreq
                0x0000000008004d34       0x90 build/stm32l0xx_hal_rcc.o
                0x0000000008004d34                HAL_RCC_GetSysClockFreq
 .text.HAL_RCC_OscConfig
                0x0000000008004dc4      0x544 build/stm32l0xx_hal_rcc.o
                0x0000000008004dc4                HAL_RCC_OscConfig
 .text.HAL_RCC_ClockConfig
                0x0000000008005308      0x1b8 build/stm32l0xx_hal_rcc.o
                0x0000000008005308                HAL_RCC_ClockConfig
 .text.HAL_RCC_GetHCLKFreq
                0x00000000080054c0        0xc build/stm32l0xx_hal_rcc.o
                0x00000000080054c0                HAL_RCC_GetHCLKFreq
 .text.HAL_RCC_GetPCLK1Freq
                0x00000000080054cc       0x20 build/stm32l0xx_hal_rcc.o
                0x00000000080054cc                HAL_RCC_GetPCLK1Freq
 .text.HAL_RCC_GetPCLK2Freq
                0x00000000080054ec       0x20 build/stm32l0xx_hal_rcc.o
                0x00000000080054ec                HAL_RCC_GetPCLK2Freq
 .text.HAL_RCCEx_PeriphCLKConfig
                0x000000000800550c      0x1c8 build/stm32l0xx_hal_rcc_ex.o
                0x000000000800550c                HAL_RCCEx_PeriphCLKConfig
 .text.HAL_GPIO_Init
                0x00000000080056d4      0x1ac build/stm32l0xx_hal_gpio.o
                0x00000000080056d4                HAL_GPIO_Init
 .text.HAL_GPIO_WritePin
                0x0000000008005880        0xc build/stm32l0xx_hal_gpio.o
                0x0000000008005880                HAL_GPIO_WritePin
 .text.HAL_NVIC_SetPriority
                0x000000000800588c       0x64 build/stm32l0xx_hal_cortex.o
                0x000000000800588c                HAL_NVIC_SetPriority
 .text.HAL_NVIC_EnableIRQ
                0x00000000080058f0       0x14 build/stm32l0xx_hal_cortex.o
                0x00000000080058f0                HAL_NVIC_EnableIRQ
 .text.HAL_SYSTICK_Config
                0x0000000008005904       0x38 build/stm32l0xx_hal_cortex.o
                0x0000000008005904                HAL_SYSTICK_Config
 .text.HAL_SYSTICK_Callback
                0x000000000800593c        0x4 build/stm32l0xx_hal_cortex.o
                0x000000000800593c                HAL_SYSTICK_Callback
 .text.HAL_SYSTICK_IRQHandler
                0x0000000008005940        0x8 build/stm32l0xx_hal_cortex.o
                0x0000000008005940                HAL_SYSTICK_IRQHandler
 .text.HAL_SPI_Init
                0x0000000008005948       0x88 build/stm32l0xx_hal_spi.o
                0x0000000008005948                HAL_SPI_Init
 .text.TIM_Base_SetConfig
                0x00000000080059d0       0x70 build/stm32l0xx_hal_tim.o
 .text.TIM_TI1_ConfigInputStage
                0x0000000008005a40       0x24 build/stm32l0xx_hal_tim.o
 .text.TIM_TI2_ConfigInputStage
                0x0000000008005a64       0x28 build/stm32l0xx_hal_tim.o
 .text.TIM_ITRx_SetConfig
                0x0000000008005a8c       0x10 build/stm32l0xx_hal_tim.o
 .text.TIM_ETR_SetConfig
                0x0000000008005a9c       0x18 build/stm32l0xx_hal_tim.o
 .text.HAL_TIM_Base_Init
                0x0000000008005ab4       0x34 build/stm32l0xx_hal_tim.o
                0x0000000008005ab4                HAL_TIM_Base_Init
 .text.HAL_TIM_Base_Start_IT
                0x0000000008005ae8       0x24 build/stm32l0xx_hal_tim.o
                0x0000000008005ae8                HAL_TIM_Base_Start_IT
 .text.HAL_TIM_ConfigClockSource
                0x0000000008005b0c       0xe8 build/stm32l0xx_hal_tim.o
                0x0000000008005b0c                HAL_TIM_ConfigClockSource
 .text.HAL_TIM_OC_DelayElapsedCallback
                0x0000000008005bf4        0x4 build/stm32l0xx_hal_tim.o
                0x0000000008005bf4                HAL_TIM_OC_DelayElapsedCallback
 .text.HAL_TIM_IC_CaptureCallback
                0x0000000008005bf8        0x4 build/stm32l0xx_hal_tim.o
                0x0000000008005bf8                HAL_TIM_IC_CaptureCallback
 .text.HAL_TIM_PWM_PulseFinishedCallback
                0x0000000008005bfc        0x4 build/stm32l0xx_hal_tim.o
                0x0000000008005bfc                HAL_TIM_PWM_PulseFinishedCallback
 .text.HAL_TIM_TriggerCallback
                0x0000000008005c00        0x4 build/stm32l0xx_hal_tim.o
                0x0000000008005c00                HAL_TIM_TriggerCallback
 .text.HAL_TIM_IRQHandler
                0x0000000008005c04      0x120 build/stm32l0xx_hal_tim.o
                0x0000000008005c04                HAL_TIM_IRQHandler
 .text.HAL_TIMEx_MasterConfigSynchronization
                0x0000000008005d24       0x58 build/stm32l0xx_hal_tim_ex.o
                0x0000000008005d24                HAL_TIMEx_MasterConfigSynchronization
 .text.UART_SetConfig
                0x0000000008005d7c      0x390 build/stm32l0xx_hal_uart.o
                0x0000000008005d7c                UART_SetConfig
 .text.UART_AdvFeatureConfig
                0x000000000800610c       0xe0 build/stm32l0xx_hal_uart.o
                0x000000000800610c                UART_AdvFeatureConfig
 .text.UART_WaitOnFlagUntilTimeout
                0x00000000080061ec       0x68 build/stm32l0xx_hal_uart.o
                0x00000000080061ec                UART_WaitOnFlagUntilTimeout
 .text.UART_CheckIdleState
                0x0000000008006254       0x6c build/stm32l0xx_hal_uart.o
                0x0000000008006254                UART_CheckIdleState
 .text.HAL_UART_Init
                0x00000000080062c0       0x6c build/stm32l0xx_hal_uart.o
                0x00000000080062c0                HAL_UART_Init
 .text.SystemInit
                0x000000000800632c       0x5c build/system_stm32l0xx.o
                0x000000000800632c                SystemInit
 .text.Reset_Handler
                0x0000000008006388       0x50 build/startup_stm32l071xx.o
                0x0000000008006388                Reset_Handler
 .text.Default_Handler
                0x00000000080063d8        0x2 build/startup_stm32l071xx.o
                0x00000000080063d8                ADC1_COMP_IRQHandler
                0x00000000080063d8                TIM6_IRQHandler
                0x00000000080063d8                PVD_IRQHandler
                0x00000000080063d8                I2C1_IRQHandler
                0x00000000080063d8                SPI1_IRQHandler
                0x00000000080063d8                EXTI2_3_IRQHandler
                0x00000000080063d8                I2C2_IRQHandler
                0x00000000080063d8                RTC_IRQHandler
                0x00000000080063d8                DMA1_Channel4_5_6_7_IRQHandler
                0x00000000080063d8                TIM3_IRQHandler
                0x00000000080063d8                EXTI4_15_IRQHandler
                0x00000000080063d8                RCC_IRQHandler
                0x00000000080063d8                DMA1_Channel1_IRQHandler
                0x00000000080063d8                USART4_5_IRQHandler
                0x00000000080063d8                Default_Handler
                0x00000000080063d8                TIM22_IRQHandler
                0x00000000080063d8                TIM7_IRQHandler
                0x00000000080063d8                EXTI0_1_IRQHandler
                0x00000000080063d8                I2C3_IRQHandler
                0x00000000080063d8                SPI2_IRQHandler
                0x00000000080063d8                TIM21_IRQHandler
                0x00000000080063d8                WWDG_IRQHandler
                0x00000000080063d8                LPUART1_IRQHandler
                0x00000000080063d8                DMA1_Channel2_3_IRQHandler
                0x00000000080063d8                USART2_IRQHandler
                0x00000000080063d8                FLASH_IRQHandler
                0x00000000080063d8                USART1_IRQHandler
                0x00000000080063d8                LPTIM1_IRQHandler
 *fill*         0x00000000080063da        0x2 
 .text.__libc_init_array
                0x00000000080063dc       0x58 /usr/lib/arm-none-eabi/newlib/thumb//libc_nano.a(lib_a-init.o)
                0x00000000080063dc                __libc_init_array
 .text.sprintf  0x0000000008006434       0x44 /usr/lib/arm-none-eabi/newlib/thumb//libc_nano.a(lib_a-sprintf.o)
                0x0000000008006434                sprintf
                0x0000000008006434                siprintf
 .text.__ssputs_r
                0x0000000008006478       0xc4 /usr/lib/arm-none-eabi/newlib/thumb//libc_nano.a(lib_a-nano-svfprintf.o)
                0x0000000008006478                __ssputs_r
 .text._svfprintf_r
                0x000000000800653c      0x1f4 /usr/lib/arm-none-eabi/newlib/thumb//libc_nano.a(lib_a-nano-svfprintf.o)
                0x000000000800653c                _svfprintf_r
                0x000000000800653c                _svfiprintf_r
 .text._printf_common
                0x0000000008006730       0xea /usr/lib/arm-none-eabi/newlib/thumb//libc_nano.a(lib_a-nano-vfprintf_i.o)
                0x0000000008006730                _printf_common
 *fill*         0x000000000800681a        0x2 
 .text._printf_i
                0x000000000800681c      0x240 /usr/lib/arm-none-eabi/newlib/thumb//libc_nano.a(lib_a-nano-vfprintf_i.o)
                0x000000000800681c                _printf_i
 .text.memchr   0x0000000008006a5c       0x18 /usr/lib/arm-none-eabi/newlib/thumb//libc_nano.a(lib_a-memchr.o)
                0x0000000008006a5c                memchr
 .text.memcpy   0x0000000008006a74       0x16 /usr/lib/arm-none-eabi/newlib/thumb//libc_nano.a(lib_a-memcpy.o)
                0x0000000008006a74                memcpy
 .text.memmove  0x0000000008006a8a       0x2c /usr/lib/arm-none-eabi/newlib/thumb//libc_nano.a(lib_a-memmove.o)
                0x0000000008006a8a                memmove
 *fill*         0x0000000008006ab6        0x2 
 .text._free_r  0x0000000008006ab8       0x90 /usr/lib/arm-none-eabi/newlib/thumb//libc_nano.a(lib_a-nano-freer.o)
                0x0000000008006ab8                _free_r
 .text._malloc_r
                0x0000000008006b48       0xb4 /usr/lib/arm-none-eabi/newlib/thumb//libc_nano.a(lib_a-nano-mallocr.o)
                0x0000000008006b48                _malloc_r
 .text._realloc_r
                0x0000000008006bfc       0x50 /usr/lib/arm-none-eabi/newlib/thumb//libc_nano.a(lib_a-nano-reallocr.o)
                0x0000000008006bfc                _realloc_r
 .text._sbrk_r  0x0000000008006c4c       0x28 /usr/lib/arm-none-eabi/newlib/thumb//libc_nano.a(lib_a-sbrkr.o)
                0x0000000008006c4c                _sbrk_r
 .text._malloc_usable_size_r
                0x0000000008006c74       0x16 /usr/lib/arm-none-eabi/newlib/thumb//libc_nano.a(lib_a-nano-msizer.o)
                0x0000000008006c74                _malloc_usable_size_r
 *fill*         0x0000000008006c8a        0x2 
 .text._sbrk    0x0000000008006c8c       0x1c /usr/lib/arm-none-eabi/newlib/thumb//libnosys.a(sbrk.o)
                0x0000000008006c8c                _sbrk
 *(.glue_7)
 .glue_7        0x0000000008006ca8        0x0 linker stubs
 *(.glue_7t)
 .glue_7t       0x0000000008006ca8        0x0 linker stubs
 *(.eh_frame)
 .eh_frame      0x0000000008006ca8        0x0 /usr/lib/gcc/arm-none-eabi/4.9.3/armv6-m/crtbegin.o
 *(.init)
 .init          0x0000000008006ca8        0x4 /usr/lib/gcc/arm-none-eabi/4.9.3/armv6-m/crti.o
                0x0000000008006ca8                _init
 .init          0x0000000008006cac        0x8 /usr/lib/gcc/arm-none-eabi/4.9.3/armv6-m/crtn.o
 *(.fini)
 .fini          0x0000000008006cb4        0x4 /usr/lib/gcc/arm-none-eabi/4.9.3/armv6-m/crti.o
                0x0000000008006cb4                _fini
 .fini          0x0000000008006cb8        0x8 /usr/lib/gcc/arm-none-eabi/4.9.3/armv6-m/crtn.o
                0x0000000008006cc0                . = ALIGN (0x4)
                0x0000000008006cc0                _etext = .

.vfp11_veneer   0x0000000008006cc0        0x0
 .vfp11_veneer  0x0000000008006cc0        0x0 linker stubs

.v4_bx          0x0000000008006cc0        0x0
 .v4_bx         0x0000000008006cc0        0x0 linker stubs

.iplt           0x0000000008006cc0        0x0
 .iplt          0x0000000008006cc0        0x0 /usr/lib/gcc/arm-none-eabi/4.9.3/armv6-m/crtbegin.o

.rodata         0x0000000008006cc0     0x226c
                0x0000000008006cc0                . = ALIGN (0x4)
 *(.rodata)
 .rodata        0x0000000008006cc0       0x40 /usr/lib/gcc/arm-none-eabi/4.9.3/armv6-m/libgcc.a(divdf3.o)
 .rodata        0x0000000008006d00       0x40 /usr/lib/gcc/arm-none-eabi/4.9.3/armv6-m/libgcc.a(muldf3.o)
 *(.rodata*)
 .rodata.str1.4
                0x0000000008006d40       0xa4 build/main.o
 .rodata.Font11x18
                0x0000000008006de4      0xd5c build/fonts.o
 .rodata.Font16x26
                0x0000000008007b40     0x134c build/fonts.o
 .rodata.UART_SetConfig
                0x0000000008008e8c       0x48 build/stm32l0xx_hal_uart.o
 .rodata.AHBPrescTable
                0x0000000008008ed4       0x10 build/system_stm32l0xx.o
                0x0000000008008ed4                AHBPrescTable
 .rodata.APBPrescTable
                0x0000000008008ee4        0x8 build/system_stm32l0xx.o
                0x0000000008008ee4                APBPrescTable
 .rodata.PLLMulTable
                0x0000000008008eec        0x9 build/system_stm32l0xx.o
                0x0000000008008eec                PLLMulTable
 .rodata.str1.1
                0x0000000008008ef5        0x2 /usr/lib/arm-none-eabi/newlib/thumb//libc_nano.a(lib_a-impure.o)
 .rodata.str1.1
                0x0000000008008ef7       0x11 /usr/lib/arm-none-eabi/newlib/thumb//libc_nano.a(lib_a-nano-svfprintf.o)
 .rodata.str1.1
                0x0000000008008f08       0x22 /usr/lib/arm-none-eabi/newlib/thumb//libc_nano.a(lib_a-nano-vfprintf_i.o)
                0x0000000008008f2c                . = ALIGN (0x4)
 *fill*         0x0000000008008f2a        0x2 

.ARM.extab
 *(.ARM.extab* .gnu.linkonce.armextab.*)

.ARM            0x0000000008008f2c        0x8
                0x0000000008008f2c                __exidx_start = .
 *(.ARM.exidx*)
 .ARM.exidx     0x0000000008008f2c        0x8 /usr/lib/gcc/arm-none-eabi/4.9.3/armv6-m/libgcc.a(_divdi3.o)
 .ARM.exidx     0x0000000008008f34        0x0 /usr/lib/gcc/arm-none-eabi/4.9.3/armv6-m/libgcc.a(_udivdi3.o)
                                          0x8 (size before relaxing)
                0x0000000008008f34                __exidx_end = .

.rel.dyn        0x0000000008008f34        0x0
 .rel.iplt      0x0000000008008f34        0x0 /usr/lib/gcc/arm-none-eabi/4.9.3/armv6-m/crtbegin.o

.preinit_array  0x0000000008008f34        0x0
                0x0000000008008f34                PROVIDE (__preinit_array_start, .)
 *(.preinit_array*)
                0x0000000008008f34                PROVIDE (__preinit_array_end, .)

.init_array     0x0000000008008f34        0x4
                0x0000000008008f34                PROVIDE (__init_array_start, .)
 *(SORT(.init_array.*))
 *(.init_array*)
 .init_array    0x0000000008008f34        0x4 /usr/lib/gcc/arm-none-eabi/4.9.3/armv6-m/crtbegin.o
                0x0000000008008f38                PROVIDE (__init_array_end, .)

.fini_array     0x0000000008008f38        0x4
                0x0000000008008f38                PROVIDE (__fini_array_start, .)
 *(SORT(.fini_array.*))
 *(.fini_array*)
 .fini_array    0x0000000008008f38        0x4 /usr/lib/gcc/arm-none-eabi/4.9.3/armv6-m/crtbegin.o
                0x0000000008008f3c                PROVIDE (__fini_array_end, .)
                0x0000000008008f3c                _sidata = LOADADDR (.data)

.data           0x0000000020000000       0x88 load address 0x0000000008008f3c
                0x0000000020000000                . = ALIGN (0x4)
                0x0000000020000000                _sdata = .
 *(.data)
 *(.data*)
 .data.order0   0x0000000020000000        0x8 build/depth_switch_object.o
 .data.current_depth
                0x0000000020000008        0x8 build/depth_switch_object.o
 .data.Font_11x18
                0x0000000020000010        0x8 build/fonts.o
                0x0000000020000010                Font_11x18
 .data.Font_16x26
                0x0000000020000018        0x8 build/fonts.o
                0x0000000020000018                Font_16x26
 .data.SystemCoreClock
                0x0000000020000020        0x4 build/system_stm32l0xx.o
                0x0000000020000020                SystemCoreClock
 .data.impure_data
                0x0000000020000024       0x60 /usr/lib/arm-none-eabi/newlib/thumb//libc_nano.a(lib_a-impure.o)
 .data._impure_ptr
                0x0000000020000084        0x4 /usr/lib/arm-none-eabi/newlib/thumb//libc_nano.a(lib_a-impure.o)
                0x0000000020000084                _impure_ptr
                0x0000000020000088                . = ALIGN (0x4)
                0x0000000020000088                _edata = .

.jcr            0x0000000020000088        0x0 load address 0x0000000008008fc4
 .jcr           0x0000000020000088        0x0 /usr/lib/gcc/arm-none-eabi/4.9.3/armv6-m/crtbegin.o

.tm_clone_table
                0x0000000020000088        0x0 load address 0x0000000008008fc4
 .tm_clone_table
                0x0000000020000088        0x0 /usr/lib/gcc/arm-none-eabi/4.9.3/armv6-m/crtbegin.o
 .tm_clone_table
                0x0000000020000088        0x0 /usr/lib/gcc/arm-none-eabi/4.9.3/armv6-m/crtend.o

.igot.plt       0x0000000020000088        0x0 load address 0x0000000008008fc4
 .igot.plt      0x0000000020000088        0x0 /usr/lib/gcc/arm-none-eabi/4.9.3/armv6-m/crtbegin.o
                0x0000000020000088                . = ALIGN (0x4)

.bss            0x0000000020000088      0x7dc load address 0x0000000008008fc4
                0x0000000020000088                _sbss = .
                0x0000000020000088                __bss_start__ = _sbss
 *(.bss)
 .bss           0x0000000020000088       0x1c /usr/lib/gcc/arm-none-eabi/4.9.3/armv6-m/crtbegin.o
 *(.bss*)
 .bss.timestamp
                0x00000000200000a4       0x40 build/main.o
 .bss.message   0x00000000200000e4       0x40 build/main.o
 .bss.temperature_message
                0x0000000020000124       0x40 build/main.o
 *fill*         0x0000000020000164        0x4 
 .bss.order1    0x0000000020000168        0x8 build/depth_switch_object.o
 .bss.depth_switch_key_press_period_counter
                0x0000000020000170        0x4 build/depth_switch_object.o
 .bss.year      0x0000000020000174        0x1 build/rtc_ds3231_object.o
 *fill*         0x0000000020000175        0x3 
 .bss.ds3231_buffer
                0x0000000020000178        0x7 build/rtc_ds3231_object.o
 .bss.seconds   0x000000002000017f        0x1 build/rtc_ds3231_object.o
 .bss.minutes   0x0000000020000180        0x1 build/rtc_ds3231_object.o
 *fill*         0x0000000020000181        0x3 
 .bss.ds3231_i2c_handle
                0x0000000020000184        0x4 build/rtc_ds3231_object.o
 .bss.hours     0x0000000020000188        0x1 build/rtc_ds3231_object.o
 .bss.date      0x0000000020000189        0x1 build/rtc_ds3231_object.o
 .bss.month     0x000000002000018a        0x1 build/rtc_ds3231_object.o
 *fill*         0x000000002000018b        0x1 
 .bss.pressure  0x000000002000018c        0x4 build/pressure_sensor_object.o
 .bss.actual_temperature
                0x0000000020000190        0x8 build/pressure_sensor_object.o
 .bss.P         0x0000000020000198        0x8 build/pressure_sensor_object.o
 .bss.temperature
                0x00000000200001a0        0x4 build/pressure_sensor_object.o
 *fill*         0x00000000200001a4        0x4 
 .bss.dT        0x00000000200001a8        0x8 build/pressure_sensor_object.o
 .bss.OFF       0x00000000200001b0        0x8 build/pressure_sensor_object.o
 .bss.sensor_prom
                0x00000000200001b8        0xe build/pressure_sensor_object.o
 *fill*         0x00000000200001c6        0x2 
 .bss.SENS      0x00000000200001c8        0x8 build/pressure_sensor_object.o
 .bss.accu_voltage
                0x00000000200001d0        0x8 build/voltmeter_object.o
 .bss.accu_percentage
                0x00000000200001d8        0x8 build/voltmeter_object.o
 .bss.SSD1306_Buffer
                0x00000000200001e0        0x4 build/ssd1306.o
 .bss.SSD1306   0x00000000200001e4        0x6 build/ssd1306.o
 *fill*         0x00000000200001ea        0x2 
 .bss.SSD1306_Buffer1
                0x00000000200001ec      0x400 build/ssd1306.o
 .bss.SSD1306_Buffer2
                0x00000000200005ec        0x1 build/ssd1306.o
 *fill*         0x00000000200005ed        0x3 
 .bss.one_second_timer_flag
                0x00000000200005f0        0x4 build/one_second_timer_object.o
 .bss.seconds_counter
                0x00000000200005f4        0x4 build/one_second_timer_object.o
 .bss.__malloc_sbrk_start
                0x00000000200005f8        0x4 /usr/lib/arm-none-eabi/newlib/thumb//libc_nano.a(lib_a-nano-mallocr.o)
                0x00000000200005f8                __malloc_sbrk_start
 .bss.__malloc_free_list
                0x00000000200005fc        0x4 /usr/lib/arm-none-eabi/newlib/thumb//libc_nano.a(lib_a-nano-mallocr.o)
                0x00000000200005fc                __malloc_free_list
 .bss.heap_end.4079
                0x0000000020000600        0x4 /usr/lib/arm-none-eabi/newlib/thumb//libnosys.a(sbrk.o)
 *(COMMON)
 COMMON         0x0000000020000604        0x4 build/main.o
                0x0000000020000604                SSD1306_I2C_PORT
 COMMON         0x0000000020000608       0x3c build/tim.o
                0x0000000020000608                htim2
 COMMON         0x0000000020000644       0x5c build/adc.o
                0x0000000020000644                hadc
 COMMON         0x00000000200006a0       0xe4 build/i2c.o
                0x00000000200006a0                hi2c3
                0x00000000200006ec                hi2c1
                0x0000000020000738                hi2c2
 COMMON         0x0000000020000784       0x58 build/spi.o
                0x0000000020000784                hspi1
 COMMON         0x00000000200007dc       0x80 build/usart.o
                0x00000000200007dc                huart1
 COMMON         0x000000002000085c        0x4 build/stm32l0xx_hal.o
                0x000000002000085c                uwTick
 COMMON         0x0000000020000860        0x4 /usr/lib/arm-none-eabi/newlib/thumb//libc_nano.a(lib_a-reent.o)
                0x0000000020000860                errno
                0x0000000020000864                . = ALIGN (0x4)
                0x0000000020000864                _ebss = .
                0x0000000020000864                __bss_end__ = _ebss

._user_heap_stack
                0x0000000020000864     0x1704 load address 0x0000000008008fc4
                0x0000000020000868                . = ALIGN (0x8)
 *fill*         0x0000000020000864        0x4 
                0x0000000020000868                PROVIDE (end, .)
                [!provide]                        PROVIDE (_end, .)
                0x0000000020001068                . = (. + _Min_Heap_Size)
 *fill*         0x0000000020000868      0x800 
                0x0000000020001f68                . = (. + _Min_Stack_Size)
 *fill*         0x0000000020001068      0xf00 
                0x0000000020001f68                . = ALIGN (0x8)

/DISCARD/
 libc.a(*)
 libm.a(*)
 libgcc.a(*)

.ARM.attributes
                0x0000000000000000       0x2d
 *(.ARM.attributes)
 .ARM.attributes
                0x0000000000000000       0x1e /usr/lib/gcc/arm-none-eabi/4.9.3/armv6-m/crti.o
 .ARM.attributes
                0x000000000000001e       0x2c /usr/lib/gcc/arm-none-eabi/4.9.3/armv6-m/crtbegin.o
 .ARM.attributes
                0x000000000000004a       0x32 build/main.o
 .ARM.attributes
                0x000000000000007c       0x32 build/gpio.o
 .ARM.attributes
                0x00000000000000ae       0x32 build/tim.o
 .ARM.attributes
                0x00000000000000e0       0x32 build/adc.o
 .ARM.attributes
                0x0000000000000112       0x32 build/i2c.o
 .ARM.attributes
                0x0000000000000144       0x32 build/spi.o
 .ARM.attributes
                0x0000000000000176       0x32 build/usart.o
 .ARM.attributes
                0x00000000000001a8       0x32 build/stm32l0xx_it.o
 .ARM.attributes
                0x00000000000001da       0x32 build/stm32l0xx_hal_msp.o
 .ARM.attributes
                0x000000000000020c       0x32 build/depth_switch_object.o
 .ARM.attributes
                0x000000000000023e       0x32 build/rtc_ds3231_object.o
 .ARM.attributes
                0x0000000000000270       0x32 build/pressure_sensor_object.o
 .ARM.attributes
                0x00000000000002a2       0x32 build/voltmeter_object.o
 .ARM.attributes
                0x00000000000002d4       0x32 build/fonts.o
 .ARM.attributes
                0x0000000000000306       0x32 build/ssd1306.o
 .ARM.attributes
                0x0000000000000338       0x32 build/one_second_timer_object.o
 .ARM.attributes
                0x000000000000036a       0x32 build/stm32l0xx_hal_adc.o
 .ARM.attributes
                0x000000000000039c       0x32 build/stm32l0xx_hal.o
 .ARM.attributes
                0x00000000000003ce       0x32 build/stm32l0xx_hal_i2c.o
 .ARM.attributes
                0x0000000000000400       0x32 build/stm32l0xx_hal_i2c_ex.o
 .ARM.attributes
                0x0000000000000432       0x32 build/stm32l0xx_hal_rcc.o
 .ARM.attributes
                0x0000000000000464       0x32 build/stm32l0xx_hal_rcc_ex.o
 .ARM.attributes
                0x0000000000000496       0x32 build/stm32l0xx_hal_gpio.o
 .ARM.attributes
                0x00000000000004c8       0x32 build/stm32l0xx_hal_cortex.o
 .ARM.attributes
                0x00000000000004fa       0x32 build/stm32l0xx_hal_spi.o
 .ARM.attributes
                0x000000000000052c       0x32 build/stm32l0xx_hal_tim.o
 .ARM.attributes
                0x000000000000055e       0x32 build/stm32l0xx_hal_tim_ex.o
 .ARM.attributes
                0x0000000000000590       0x32 build/stm32l0xx_hal_uart.o
 .ARM.attributes
                0x00000000000005c2       0x32 build/system_stm32l0xx.o
 .ARM.attributes
                0x00000000000005f4       0x22 build/startup_stm32l071xx.o
 .ARM.attributes
                0x0000000000000616       0x30 /usr/lib/arm-none-eabi/newlib/thumb//libc_nano.a(lib_a-impure.o)
 .ARM.attributes
                0x0000000000000646       0x30 /usr/lib/arm-none-eabi/newlib/thumb//libc_nano.a(lib_a-init.o)
 .ARM.attributes
                0x0000000000000676       0x30 /usr/lib/arm-none-eabi/newlib/thumb//libc_nano.a(lib_a-sprintf.o)
 .ARM.attributes
                0x00000000000006a6       0x30 /usr/lib/arm-none-eabi/newlib/thumb//libc_nano.a(lib_a-nano-svfprintf.o)
 .ARM.attributes
                0x00000000000006d6       0x30 /usr/lib/arm-none-eabi/newlib/thumb//libc_nano.a(lib_a-nano-vfprintf_i.o)
 .ARM.attributes
                0x0000000000000706       0x30 /usr/lib/arm-none-eabi/newlib/thumb//libc_nano.a(lib_a-memchr.o)
 .ARM.attributes
                0x0000000000000736       0x30 /usr/lib/arm-none-eabi/newlib/thumb//libc_nano.a(lib_a-memcpy.o)
 .ARM.attributes
                0x0000000000000766       0x30 /usr/lib/arm-none-eabi/newlib/thumb//libc_nano.a(lib_a-memmove.o)
 .ARM.attributes
                0x0000000000000796       0x30 /usr/lib/arm-none-eabi/newlib/thumb//libc_nano.a(lib_a-nano-freer.o)
 .ARM.attributes
                0x00000000000007c6       0x30 /usr/lib/arm-none-eabi/newlib/thumb//libc_nano.a(lib_a-nano-mallocr.o)
 .ARM.attributes
                0x00000000000007f6       0x30 /usr/lib/arm-none-eabi/newlib/thumb//libc_nano.a(lib_a-nano-reallocr.o)
 .ARM.attributes
                0x0000000000000826       0x30 /usr/lib/arm-none-eabi/newlib/thumb//libc_nano.a(lib_a-sbrkr.o)
 .ARM.attributes
                0x0000000000000856       0x30 /usr/lib/arm-none-eabi/newlib/thumb//libc_nano.a(lib_a-nano-msizer.o)
 .ARM.attributes
                0x0000000000000886       0x30 /usr/lib/arm-none-eabi/newlib/thumb//libc_nano.a(lib_a-reent.o)
 .ARM.attributes
                0x00000000000008b6       0x30 /usr/lib/arm-none-eabi/newlib/thumb//libnosys.a(sbrk.o)
 .ARM.attributes
                0x00000000000008e6       0x1e /usr/lib/gcc/arm-none-eabi/4.9.3/armv6-m/libgcc.a(_udivsi3.o)
 .ARM.attributes
                0x0000000000000904       0x1e /usr/lib/gcc/arm-none-eabi/4.9.3/armv6-m/libgcc.a(_dvmd_tls.o)
 .ARM.attributes
                0x0000000000000922       0x1e /usr/lib/gcc/arm-none-eabi/4.9.3/armv6-m/libgcc.a(_arm_cmpdf2.o)
 .ARM.attributes
                0x0000000000000940       0x1e /usr/lib/gcc/arm-none-eabi/4.9.3/armv6-m/libgcc.a(_aeabi_uldivmod.o)
 .ARM.attributes
                0x000000000000095e       0x2c /usr/lib/gcc/arm-none-eabi/4.9.3/armv6-m/libgcc.a(_fixunsdfsi.o)
 .ARM.attributes
                0x000000000000098a       0x2c /usr/lib/gcc/arm-none-eabi/4.9.3/armv6-m/libgcc.a(bpabi.o)
 .ARM.attributes
                0x00000000000009b6       0x2c /usr/lib/gcc/arm-none-eabi/4.9.3/armv6-m/libgcc.a(adddf3.o)
 .ARM.attributes
                0x00000000000009e2       0x2c /usr/lib/gcc/arm-none-eabi/4.9.3/armv6-m/libgcc.a(divdf3.o)
 .ARM.attributes
                0x0000000000000a0e       0x2c /usr/lib/gcc/arm-none-eabi/4.9.3/armv6-m/libgcc.a(eqdf2.o)
 .ARM.attributes
                0x0000000000000a3a       0x2c /usr/lib/gcc/arm-none-eabi/4.9.3/armv6-m/libgcc.a(gedf2.o)
 .ARM.attributes
                0x0000000000000a66       0x2c /usr/lib/gcc/arm-none-eabi/4.9.3/armv6-m/libgcc.a(ledf2.o)
 .ARM.attributes
                0x0000000000000a92       0x2c /usr/lib/gcc/arm-none-eabi/4.9.3/armv6-m/libgcc.a(muldf3.o)
 .ARM.attributes
                0x0000000000000abe       0x2c /usr/lib/gcc/arm-none-eabi/4.9.3/armv6-m/libgcc.a(subdf3.o)
 .ARM.attributes
                0x0000000000000aea       0x2c /usr/lib/gcc/arm-none-eabi/4.9.3/armv6-m/libgcc.a(fixdfsi.o)
 .ARM.attributes
                0x0000000000000b16       0x2c /usr/lib/gcc/arm-none-eabi/4.9.3/armv6-m/libgcc.a(floatsidf.o)
 .ARM.attributes
                0x0000000000000b42       0x2c /usr/lib/gcc/arm-none-eabi/4.9.3/armv6-m/libgcc.a(floatunsidf.o)
 .ARM.attributes
                0x0000000000000b6e       0x1e /usr/lib/gcc/arm-none-eabi/4.9.3/armv6-m/libgcc.a(_clzsi2.o)
 .ARM.attributes
                0x0000000000000b8c       0x2c /usr/lib/gcc/arm-none-eabi/4.9.3/armv6-m/libgcc.a(_muldi3.o)
 .ARM.attributes
                0x0000000000000bb8       0x2c /usr/lib/gcc/arm-none-eabi/4.9.3/armv6-m/libgcc.a(_divdi3.o)
 .ARM.attributes
                0x0000000000000be4       0x2c /usr/lib/gcc/arm-none-eabi/4.9.3/armv6-m/libgcc.a(_udivdi3.o)
 .ARM.attributes
                0x0000000000000c10       0x1e /usr/lib/gcc/arm-none-eabi/4.9.3/armv6-m/libgcc.a(_clzdi2.o)
 .ARM.attributes
                0x0000000000000c2e       0x2c /usr/lib/gcc/arm-none-eabi/4.9.3/armv6-m/crtend.o
 .ARM.attributes
                0x0000000000000c5a       0x1e /usr/lib/gcc/arm-none-eabi/4.9.3/armv6-m/crtn.o
OUTPUT(build/vihr_l071test_aux.elf elf32-littlearm)

.comment        0x0000000000000000       0x70
 .comment       0x0000000000000000       0x38 /usr/lib/gcc/arm-none-eabi/4.9.3/armv6-m/crtbegin.o
                                         0x39 (size before relaxing)
 .comment       0x0000000000000038       0x39 build/main.o
 .comment       0x0000000000000038       0x39 build/gpio.o
 .comment       0x0000000000000038       0x39 build/tim.o
 .comment       0x0000000000000038       0x39 build/adc.o
 .comment       0x0000000000000038       0x39 build/i2c.o
 .comment       0x0000000000000038       0x39 build/spi.o
 .comment       0x0000000000000038       0x39 build/usart.o
 .comment       0x0000000000000038       0x39 build/stm32l0xx_it.o
 .comment       0x0000000000000038       0x39 build/stm32l0xx_hal_msp.o
 .comment       0x0000000000000038       0x39 build/depth_switch_object.o
 .comment       0x0000000000000038       0x39 build/rtc_ds3231_object.o
 .comment       0x0000000000000038       0x39 build/pressure_sensor_object.o
 .comment       0x0000000000000038       0x39 build/voltmeter_object.o
 .comment       0x0000000000000038       0x39 build/fonts.o
 .comment       0x0000000000000038       0x39 build/ssd1306.o
 .comment       0x0000000000000038       0x39 build/one_second_timer_object.o
 .comment       0x0000000000000038       0x39 build/stm32l0xx_hal_adc.o
 .comment       0x0000000000000038       0x39 build/stm32l0xx_hal.o
 .comment       0x0000000000000038       0x39 build/stm32l0xx_hal_i2c.o
 .comment       0x0000000000000038       0x39 build/stm32l0xx_hal_i2c_ex.o
 .comment       0x0000000000000038       0x39 build/stm32l0xx_hal_rcc.o
 .comment       0x0000000000000038       0x39 build/stm32l0xx_hal_rcc_ex.o
 .comment       0x0000000000000038       0x39 build/stm32l0xx_hal_gpio.o
 .comment       0x0000000000000038       0x39 build/stm32l0xx_hal_cortex.o
 .comment       0x0000000000000038       0x39 build/stm32l0xx_hal_spi.o
 .comment       0x0000000000000038       0x39 build/stm32l0xx_hal_tim.o
 .comment       0x0000000000000038       0x39 build/stm32l0xx_hal_tim_ex.o
 .comment       0x0000000000000038       0x39 build/stm32l0xx_hal_uart.o
 .comment       0x0000000000000038       0x39 build/system_stm32l0xx.o
 .comment       0x0000000000000038       0x38 /usr/lib/arm-none-eabi/newlib/thumb//libc_nano.a(lib_a-impure.o)
                                         0x39 (size before relaxing)
 .comment       0x0000000000000070       0x39 /usr/lib/arm-none-eabi/newlib/thumb//libc_nano.a(lib_a-init.o)
 .comment       0x0000000000000070       0x39 /usr/lib/arm-none-eabi/newlib/thumb//libc_nano.a(lib_a-sprintf.o)
 .comment       0x0000000000000070       0x39 /usr/lib/arm-none-eabi/newlib/thumb//libc_nano.a(lib_a-nano-svfprintf.o)
 .comment       0x0000000000000070       0x39 /usr/lib/arm-none-eabi/newlib/thumb//libc_nano.a(lib_a-nano-vfprintf_i.o)
 .comment       0x0000000000000070       0x39 /usr/lib/arm-none-eabi/newlib/thumb//libc_nano.a(lib_a-memchr.o)
 .comment       0x0000000000000070       0x39 /usr/lib/arm-none-eabi/newlib/thumb//libc_nano.a(lib_a-memcpy.o)
 .comment       0x0000000000000070       0x39 /usr/lib/arm-none-eabi/newlib/thumb//libc_nano.a(lib_a-memmove.o)
 .comment       0x0000000000000070       0x39 /usr/lib/arm-none-eabi/newlib/thumb//libc_nano.a(lib_a-nano-freer.o)
 .comment       0x0000000000000070       0x39 /usr/lib/arm-none-eabi/newlib/thumb//libc_nano.a(lib_a-nano-mallocr.o)
 .comment       0x0000000000000070       0x39 /usr/lib/arm-none-eabi/newlib/thumb//libc_nano.a(lib_a-nano-reallocr.o)
 .comment       0x0000000000000070       0x39 /usr/lib/arm-none-eabi/newlib/thumb//libc_nano.a(lib_a-sbrkr.o)
 .comment       0x0000000000000070       0x39 /usr/lib/arm-none-eabi/newlib/thumb//libc_nano.a(lib_a-nano-msizer.o)
 .comment       0x0000000000000070       0x39 /usr/lib/arm-none-eabi/newlib/thumb//libc_nano.a(lib_a-reent.o)
 .comment       0x0000000000000070       0x39 /usr/lib/arm-none-eabi/newlib/thumb//libnosys.a(sbrk.o)
 .comment       0x0000000000000070       0x39 /usr/lib/gcc/arm-none-eabi/4.9.3/armv6-m/libgcc.a(_fixunsdfsi.o)
 .comment       0x0000000000000070       0x39 /usr/lib/gcc/arm-none-eabi/4.9.3/armv6-m/libgcc.a(bpabi.o)
 .comment       0x0000000000000070       0x39 /usr/lib/gcc/arm-none-eabi/4.9.3/armv6-m/libgcc.a(adddf3.o)
 .comment       0x0000000000000070       0x39 /usr/lib/gcc/arm-none-eabi/4.9.3/armv6-m/libgcc.a(divdf3.o)
 .comment       0x0000000000000070       0x39 /usr/lib/gcc/arm-none-eabi/4.9.3/armv6-m/libgcc.a(eqdf2.o)
 .comment       0x0000000000000070       0x39 /usr/lib/gcc/arm-none-eabi/4.9.3/armv6-m/libgcc.a(gedf2.o)
 .comment       0x0000000000000070       0x39 /usr/lib/gcc/arm-none-eabi/4.9.3/armv6-m/libgcc.a(ledf2.o)
 .comment       0x0000000000000070       0x39 /usr/lib/gcc/arm-none-eabi/4.9.3/armv6-m/libgcc.a(muldf3.o)
 .comment       0x0000000000000070       0x39 /usr/lib/gcc/arm-none-eabi/4.9.3/armv6-m/libgcc.a(subdf3.o)
 .comment       0x0000000000000070       0x39 /usr/lib/gcc/arm-none-eabi/4.9.3/armv6-m/libgcc.a(fixdfsi.o)
 .comment       0x0000000000000070       0x39 /usr/lib/gcc/arm-none-eabi/4.9.3/armv6-m/libgcc.a(floatsidf.o)
 .comment       0x0000000000000070       0x39 /usr/lib/gcc/arm-none-eabi/4.9.3/armv6-m/libgcc.a(floatunsidf.o)
 .comment       0x0000000000000070       0x39 /usr/lib/gcc/arm-none-eabi/4.9.3/armv6-m/libgcc.a(_muldi3.o)
 .comment       0x0000000000000070       0x39 /usr/lib/gcc/arm-none-eabi/4.9.3/armv6-m/libgcc.a(_divdi3.o)
 .comment       0x0000000000000070       0x39 /usr/lib/gcc/arm-none-eabi/4.9.3/armv6-m/libgcc.a(_udivdi3.o)
 .comment       0x0000000000000070       0x39 /usr/lib/gcc/arm-none-eabi/4.9.3/armv6-m/crtend.o

.debug_info     0x0000000000000000    0x21849
 .debug_info    0x0000000000000000     0x22f4 build/main.o
 .debug_info    0x00000000000022f4      0x485 build/gpio.o
 .debug_info    0x0000000000002779      0xa39 build/tim.o
 .debug_info    0x00000000000031b2      0xa46 build/adc.o
 .debug_info    0x0000000000003bf8      0xc9d build/i2c.o
 .debug_info    0x0000000000004895      0x99c build/spi.o
 .debug_info    0x0000000000005231      0xa27 build/usart.o
 .debug_info    0x0000000000005c58      0x6a4 build/stm32l0xx_it.o
 .debug_info    0x00000000000062fc      0x1fe build/stm32l0xx_hal_msp.o
 .debug_info    0x00000000000064fa      0x3c3 build/depth_switch_object.o
 .debug_info    0x00000000000068bd      0xb53 build/rtc_ds3231_object.o
 .debug_info    0x0000000000007410      0x569 build/pressure_sensor_object.o
 .debug_info    0x0000000000007979      0x73f build/voltmeter_object.o
 .debug_info    0x00000000000080b8      0x193 build/fonts.o
 .debug_info    0x000000000000824b      0xccb build/ssd1306.o
 .debug_info    0x0000000000008f16      0x6e6 build/one_second_timer_object.o
 .debug_info    0x00000000000095fc      0xfcc build/stm32l0xx_hal_adc.o
 .debug_info    0x000000000000a5c8      0x8ba build/stm32l0xx_hal.o
 .debug_info    0x000000000000ae82     0x3a2c build/stm32l0xx_hal_i2c.o
 .debug_info    0x000000000000e8ae      0x928 build/stm32l0xx_hal_i2c_ex.o
 .debug_info    0x000000000000f1d6      0xc50 build/stm32l0xx_hal_rcc.o
 .debug_info    0x000000000000fe26      0x5b3 build/stm32l0xx_hal_rcc_ex.o
 .debug_info    0x00000000000103d9      0x697 build/stm32l0xx_hal_gpio.o
 .debug_info    0x0000000000010a70      0x9ad build/stm32l0xx_hal_cortex.o
 .debug_info    0x000000000001141d     0x1cd2 build/stm32l0xx_hal_spi.o
 .debug_info    0x00000000000130ef     0x32d5 build/stm32l0xx_hal_tim.o
 .debug_info    0x00000000000163c4      0x660 build/stm32l0xx_hal_tim_ex.o
 .debug_info    0x0000000000016a24     0x1ca6 build/stm32l0xx_hal_uart.o
 .debug_info    0x00000000000186ca      0x3b1 build/system_stm32l0xx.o
 .debug_info    0x0000000000018a7b       0x77 build/startup_stm32l071xx.o
 .debug_info    0x0000000000018af2      0x7d3 /usr/lib/arm-none-eabi/newlib/thumb//libc_nano.a(lib_a-impure.o)
 .debug_info    0x00000000000192c5      0x105 /usr/lib/arm-none-eabi/newlib/thumb//libc_nano.a(lib_a-init.o)
 .debug_info    0x00000000000193ca      0x899 /usr/lib/arm-none-eabi/newlib/thumb//libc_nano.a(lib_a-sprintf.o)
 .debug_info    0x0000000000019c63      0xe05 /usr/lib/arm-none-eabi/newlib/thumb//libc_nano.a(lib_a-nano-svfprintf.o)
 .debug_info    0x000000000001aa68      0xb77 /usr/lib/arm-none-eabi/newlib/thumb//libc_nano.a(lib_a-nano-vfprintf_i.o)
 .debug_info    0x000000000001b5df       0xf8 /usr/lib/arm-none-eabi/newlib/thumb//libc_nano.a(lib_a-memchr.o)
 .debug_info    0x000000000001b6d7      0x102 /usr/lib/arm-none-eabi/newlib/thumb//libc_nano.a(lib_a-memcpy.o)
 .debug_info    0x000000000001b7d9      0x102 /usr/lib/arm-none-eabi/newlib/thumb//libc_nano.a(lib_a-memmove.o)
 .debug_info    0x000000000001b8db      0x81e /usr/lib/arm-none-eabi/newlib/thumb//libc_nano.a(lib_a-nano-freer.o)
 .debug_info    0x000000000001c0f9      0x8f9 /usr/lib/arm-none-eabi/newlib/thumb//libc_nano.a(lib_a-nano-mallocr.o)
 .debug_info    0x000000000001c9f2      0x8b3 /usr/lib/arm-none-eabi/newlib/thumb//libc_nano.a(lib_a-nano-reallocr.o)
 .debug_info    0x000000000001d2a5      0x7a0 /usr/lib/arm-none-eabi/newlib/thumb//libc_nano.a(lib_a-sbrkr.o)
 .debug_info    0x000000000001da45      0x7b7 /usr/lib/arm-none-eabi/newlib/thumb//libc_nano.a(lib_a-nano-msizer.o)
 .debug_info    0x000000000001e1fc      0x8f8 /usr/lib/arm-none-eabi/newlib/thumb//libc_nano.a(lib_a-reent.o)
 .debug_info    0x000000000001eaf4       0x9b /usr/lib/arm-none-eabi/newlib/thumb//libnosys.a(sbrk.o)
 .debug_info    0x000000000001eb8f       0xb9 /usr/lib/gcc/arm-none-eabi/4.9.3/armv6-m/libgcc.a(_udivsi3.o)
 .debug_info    0x000000000001ec48       0xb9 /usr/lib/gcc/arm-none-eabi/4.9.3/armv6-m/libgcc.a(_dvmd_tls.o)
 .debug_info    0x000000000001ed01       0xb9 /usr/lib/gcc/arm-none-eabi/4.9.3/armv6-m/libgcc.a(_arm_cmpdf2.o)
 .debug_info    0x000000000001edba       0xb9 /usr/lib/gcc/arm-none-eabi/4.9.3/armv6-m/libgcc.a(_aeabi_uldivmod.o)
 .debug_info    0x000000000001ee73       0xd5 /usr/lib/gcc/arm-none-eabi/4.9.3/armv6-m/libgcc.a(_fixunsdfsi.o)
 .debug_info    0x000000000001ef48      0x15e /usr/lib/gcc/arm-none-eabi/4.9.3/armv6-m/libgcc.a(bpabi.o)
 .debug_info    0x000000000001f0a6      0x485 /usr/lib/gcc/arm-none-eabi/4.9.3/armv6-m/libgcc.a(adddf3.o)
 .debug_info    0x000000000001f52b      0x5c2 /usr/lib/gcc/arm-none-eabi/4.9.3/armv6-m/libgcc.a(divdf3.o)
 .debug_info    0x000000000001faed      0x1e7 /usr/lib/gcc/arm-none-eabi/4.9.3/armv6-m/libgcc.a(eqdf2.o)
 .debug_info    0x000000000001fcd4      0x20d /usr/lib/gcc/arm-none-eabi/4.9.3/armv6-m/libgcc.a(gedf2.o)
 .debug_info    0x000000000001fee1      0x20d /usr/lib/gcc/arm-none-eabi/4.9.3/armv6-m/libgcc.a(ledf2.o)
 .debug_info    0x00000000000200ee      0x60a /usr/lib/gcc/arm-none-eabi/4.9.3/armv6-m/libgcc.a(muldf3.o)
 .debug_info    0x00000000000206f8      0x4a2 /usr/lib/gcc/arm-none-eabi/4.9.3/armv6-m/libgcc.a(subdf3.o)
 .debug_info    0x0000000000020b9a      0x1a2 /usr/lib/gcc/arm-none-eabi/4.9.3/armv6-m/libgcc.a(fixdfsi.o)
 .debug_info    0x0000000000020d3c      0x1c2 /usr/lib/gcc/arm-none-eabi/4.9.3/armv6-m/libgcc.a(floatsidf.o)
 .debug_info    0x0000000000020efe      0x1b7 /usr/lib/gcc/arm-none-eabi/4.9.3/armv6-m/libgcc.a(floatunsidf.o)
 .debug_info    0x00000000000210b5       0xb9 /usr/lib/gcc/arm-none-eabi/4.9.3/armv6-m/libgcc.a(_clzsi2.o)
 .debug_info    0x000000000002116e      0x1fa /usr/lib/gcc/arm-none-eabi/4.9.3/armv6-m/libgcc.a(_muldi3.o)
 .debug_info    0x0000000000021368      0x261 /usr/lib/gcc/arm-none-eabi/4.9.3/armv6-m/libgcc.a(_divdi3.o)
 .debug_info    0x00000000000215c9      0x1c7 /usr/lib/gcc/arm-none-eabi/4.9.3/armv6-m/libgcc.a(_udivdi3.o)
 .debug_info    0x0000000000021790       0xb9 /usr/lib/gcc/arm-none-eabi/4.9.3/armv6-m/libgcc.a(_clzdi2.o)

.debug_abbrev   0x0000000000000000     0x5b80
 .debug_abbrev  0x0000000000000000      0x325 build/main.o
 .debug_abbrev  0x0000000000000325      0x157 build/gpio.o
 .debug_abbrev  0x000000000000047c      0x1fa build/tim.o
 .debug_abbrev  0x0000000000000676      0x1d6 build/adc.o
 .debug_abbrev  0x000000000000084c      0x1e7 build/i2c.o
 .debug_abbrev  0x0000000000000a33      0x1c7 build/spi.o
 .debug_abbrev  0x0000000000000bfa      0x1c7 build/usart.o
 .debug_abbrev  0x0000000000000dc1      0x1a0 build/stm32l0xx_it.o
 .debug_abbrev  0x0000000000000f61       0x90 build/stm32l0xx_hal_msp.o
 .debug_abbrev  0x0000000000000ff1      0x190 build/depth_switch_object.o
 .debug_abbrev  0x0000000000001181      0x1ed build/rtc_ds3231_object.o
 .debug_abbrev  0x000000000000136e      0x1a8 build/pressure_sensor_object.o
 .debug_abbrev  0x0000000000001516      0x1c6 build/voltmeter_object.o
 .debug_abbrev  0x00000000000016dc       0x91 build/fonts.o
 .debug_abbrev  0x000000000000176d      0x23d build/ssd1306.o
 .debug_abbrev  0x00000000000019aa      0x191 build/one_second_timer_object.o
 .debug_abbrev  0x0000000000001b3b      0x263 build/stm32l0xx_hal_adc.o
 .debug_abbrev  0x0000000000001d9e      0x251 build/stm32l0xx_hal.o
 .debug_abbrev  0x0000000000001fef      0x2a4 build/stm32l0xx_hal_i2c.o
 .debug_abbrev  0x0000000000002293      0x18f build/stm32l0xx_hal_i2c_ex.o
 .debug_abbrev  0x0000000000002422      0x28e build/stm32l0xx_hal_rcc.o
 .debug_abbrev  0x00000000000026b0      0x1a5 build/stm32l0xx_hal_rcc_ex.o
 .debug_abbrev  0x0000000000002855      0x1fe build/stm32l0xx_hal_gpio.o
 .debug_abbrev  0x0000000000002a53      0x223 build/stm32l0xx_hal_cortex.o
 .debug_abbrev  0x0000000000002c76      0x2b5 build/stm32l0xx_hal_spi.o
 .debug_abbrev  0x0000000000002f2b      0x25b build/stm32l0xx_hal_tim.o
 .debug_abbrev  0x0000000000003186      0x16c build/stm32l0xx_hal_tim_ex.o
 .debug_abbrev  0x00000000000032f2      0x270 build/stm32l0xx_hal_uart.o
 .debug_abbrev  0x0000000000003562       0xf2 build/system_stm32l0xx.o
 .debug_abbrev  0x0000000000003654       0x12 build/startup_stm32l071xx.o
 .debug_abbrev  0x0000000000003666      0x136 /usr/lib/arm-none-eabi/newlib/thumb//libc_nano.a(lib_a-impure.o)
 .debug_abbrev  0x000000000000379c       0xba /usr/lib/arm-none-eabi/newlib/thumb//libc_nano.a(lib_a-init.o)
 .debug_abbrev  0x0000000000003856      0x1bd /usr/lib/arm-none-eabi/newlib/thumb//libc_nano.a(lib_a-sprintf.o)
 .debug_abbrev  0x0000000000003a13      0x269 /usr/lib/arm-none-eabi/newlib/thumb//libc_nano.a(lib_a-nano-svfprintf.o)
 .debug_abbrev  0x0000000000003c7c      0x21a /usr/lib/arm-none-eabi/newlib/thumb//libc_nano.a(lib_a-nano-vfprintf_i.o)
 .debug_abbrev  0x0000000000003e96       0xab /usr/lib/arm-none-eabi/newlib/thumb//libc_nano.a(lib_a-memchr.o)
 .debug_abbrev  0x0000000000003f41       0xa4 /usr/lib/arm-none-eabi/newlib/thumb//libc_nano.a(lib_a-memcpy.o)
 .debug_abbrev  0x0000000000003fe5       0x9c /usr/lib/arm-none-eabi/newlib/thumb//libc_nano.a(lib_a-memmove.o)
 .debug_abbrev  0x0000000000004081      0x1b8 /usr/lib/arm-none-eabi/newlib/thumb//libc_nano.a(lib_a-nano-freer.o)
 .debug_abbrev  0x0000000000004239      0x248 /usr/lib/arm-none-eabi/newlib/thumb//libc_nano.a(lib_a-nano-mallocr.o)
 .debug_abbrev  0x0000000000004481      0x1bb /usr/lib/arm-none-eabi/newlib/thumb//libc_nano.a(lib_a-nano-reallocr.o)
 .debug_abbrev  0x000000000000463c      0x1a2 /usr/lib/arm-none-eabi/newlib/thumb//libc_nano.a(lib_a-sbrkr.o)
 .debug_abbrev  0x00000000000047de      0x161 /usr/lib/arm-none-eabi/newlib/thumb//libc_nano.a(lib_a-nano-msizer.o)
 .debug_abbrev  0x000000000000493f      0x1e4 /usr/lib/arm-none-eabi/newlib/thumb//libc_nano.a(lib_a-reent.o)
 .debug_abbrev  0x0000000000004b23       0x92 /usr/lib/arm-none-eabi/newlib/thumb//libnosys.a(sbrk.o)
 .debug_abbrev  0x0000000000004bb5       0x14 /usr/lib/gcc/arm-none-eabi/4.9.3/armv6-m/libgcc.a(_udivsi3.o)
 .debug_abbrev  0x0000000000004bc9       0x14 /usr/lib/gcc/arm-none-eabi/4.9.3/armv6-m/libgcc.a(_dvmd_tls.o)
 .debug_abbrev  0x0000000000004bdd       0x14 /usr/lib/gcc/arm-none-eabi/4.9.3/armv6-m/libgcc.a(_arm_cmpdf2.o)
 .debug_abbrev  0x0000000000004bf1       0x14 /usr/lib/gcc/arm-none-eabi/4.9.3/armv6-m/libgcc.a(_aeabi_uldivmod.o)
 .debug_abbrev  0x0000000000004c05       0x60 /usr/lib/gcc/arm-none-eabi/4.9.3/armv6-m/libgcc.a(_fixunsdfsi.o)
 .debug_abbrev  0x0000000000004c65       0xb7 /usr/lib/gcc/arm-none-eabi/4.9.3/armv6-m/libgcc.a(bpabi.o)
 .debug_abbrev  0x0000000000004d1c      0x13a /usr/lib/gcc/arm-none-eabi/4.9.3/armv6-m/libgcc.a(adddf3.o)
 .debug_abbrev  0x0000000000004e56      0x120 /usr/lib/gcc/arm-none-eabi/4.9.3/armv6-m/libgcc.a(divdf3.o)
 .debug_abbrev  0x0000000000004f76      0x11b /usr/lib/gcc/arm-none-eabi/4.9.3/armv6-m/libgcc.a(eqdf2.o)
 .debug_abbrev  0x0000000000005091      0x128 /usr/lib/gcc/arm-none-eabi/4.9.3/armv6-m/libgcc.a(gedf2.o)
 .debug_abbrev  0x00000000000051b9      0x128 /usr/lib/gcc/arm-none-eabi/4.9.3/armv6-m/libgcc.a(ledf2.o)
 .debug_abbrev  0x00000000000052e1      0x132 /usr/lib/gcc/arm-none-eabi/4.9.3/armv6-m/libgcc.a(muldf3.o)
 .debug_abbrev  0x0000000000005413      0x13a /usr/lib/gcc/arm-none-eabi/4.9.3/armv6-m/libgcc.a(subdf3.o)
 .debug_abbrev  0x000000000000554d      0x119 /usr/lib/gcc/arm-none-eabi/4.9.3/armv6-m/libgcc.a(fixdfsi.o)
 .debug_abbrev  0x0000000000005666      0x10a /usr/lib/gcc/arm-none-eabi/4.9.3/armv6-m/libgcc.a(floatsidf.o)
 .debug_abbrev  0x0000000000005770      0x10a /usr/lib/gcc/arm-none-eabi/4.9.3/armv6-m/libgcc.a(floatunsidf.o)
 .debug_abbrev  0x000000000000587a       0x14 /usr/lib/gcc/arm-none-eabi/4.9.3/armv6-m/libgcc.a(_clzsi2.o)
 .debug_abbrev  0x000000000000588e       0xef /usr/lib/gcc/arm-none-eabi/4.9.3/armv6-m/libgcc.a(_muldi3.o)
 .debug_abbrev  0x000000000000597d      0x128 /usr/lib/gcc/arm-none-eabi/4.9.3/armv6-m/libgcc.a(_divdi3.o)
 .debug_abbrev  0x0000000000005aa5       0xc7 /usr/lib/gcc/arm-none-eabi/4.9.3/armv6-m/libgcc.a(_udivdi3.o)
 .debug_abbrev  0x0000000000005b6c       0x14 /usr/lib/gcc/arm-none-eabi/4.9.3/armv6-m/libgcc.a(_clzdi2.o)

.debug_loc      0x0000000000000000    0x1910a
 .debug_loc     0x0000000000000000      0x627 build/main.o
 .debug_loc     0x0000000000000627       0x2c build/gpio.o
 .debug_loc     0x0000000000000653       0x6d build/tim.o
 .debug_loc     0x00000000000006c0       0xba build/adc.o
 .debug_loc     0x000000000000077a      0x15f build/i2c.o
 .debug_loc     0x00000000000008d9       0xae build/spi.o
 .debug_loc     0x0000000000000987       0xae build/usart.o
 .debug_loc     0x0000000000000a35       0x81 build/stm32l0xx_it.o
 .debug_loc     0x0000000000000ab6       0xd4 build/depth_switch_object.o
 .debug_loc     0x0000000000000b8a      0x14a build/rtc_ds3231_object.o
 .debug_loc     0x0000000000000cd4      0x1c4 build/pressure_sensor_object.o
 .debug_loc     0x0000000000000e98       0x6a build/voltmeter_object.o
 .debug_loc     0x0000000000000f02      0x303 build/ssd1306.o
 .debug_loc     0x0000000000001205       0x60 build/one_second_timer_object.o
 .debug_loc     0x0000000000001265      0xdbd build/stm32l0xx_hal_adc.o
 .debug_loc     0x0000000000002022      0x189 build/stm32l0xx_hal.o
 .debug_loc     0x00000000000021ab     0x4119 build/stm32l0xx_hal_i2c.o
 .debug_loc     0x00000000000062c4      0x2ad build/stm32l0xx_hal_i2c_ex.o
 .debug_loc     0x0000000000006571      0x83f build/stm32l0xx_hal_rcc.o
 .debug_loc     0x0000000000006db0      0x8e1 build/stm32l0xx_hal_rcc_ex.o
 .debug_loc     0x0000000000007691      0x328 build/stm32l0xx_hal_gpio.o
 .debug_loc     0x00000000000079b9      0x2e9 build/stm32l0xx_hal_cortex.o
 .debug_loc     0x0000000000007ca2     0x1f0b build/stm32l0xx_hal_spi.o
 .debug_loc     0x0000000000009bad     0x430a build/stm32l0xx_hal_tim.o
 .debug_loc     0x000000000000deb7      0x14b build/stm32l0xx_hal_tim_ex.o
 .debug_loc     0x000000000000e002     0x1cb0 build/stm32l0xx_hal_uart.o
 .debug_loc     0x000000000000fcb2      0x137 build/system_stm32l0xx.o
 .debug_loc     0x000000000000fde9       0x3c /usr/lib/arm-none-eabi/newlib/thumb//libc_nano.a(lib_a-init.o)
 .debug_loc     0x000000000000fe25       0x88 /usr/lib/arm-none-eabi/newlib/thumb//libc_nano.a(lib_a-sprintf.o)
 .debug_loc     0x000000000000fead      0x54f /usr/lib/arm-none-eabi/newlib/thumb//libc_nano.a(lib_a-nano-svfprintf.o)
 .debug_loc     0x00000000000103fc      0x57d /usr/lib/arm-none-eabi/newlib/thumb//libc_nano.a(lib_a-nano-vfprintf_i.o)
 .debug_loc     0x0000000000010979       0xa7 /usr/lib/arm-none-eabi/newlib/thumb//libc_nano.a(lib_a-memchr.o)
 .debug_loc     0x0000000000010a20       0xcf /usr/lib/arm-none-eabi/newlib/thumb//libc_nano.a(lib_a-memcpy.o)
 .debug_loc     0x0000000000010aef      0x152 /usr/lib/arm-none-eabi/newlib/thumb//libc_nano.a(lib_a-memmove.o)
 .debug_loc     0x0000000000010c41      0x137 /usr/lib/arm-none-eabi/newlib/thumb//libc_nano.a(lib_a-nano-freer.o)
 .debug_loc     0x0000000000010d78      0x214 /usr/lib/arm-none-eabi/newlib/thumb//libc_nano.a(lib_a-nano-mallocr.o)
 .debug_loc     0x0000000000010f8c      0x142 /usr/lib/arm-none-eabi/newlib/thumb//libc_nano.a(lib_a-nano-reallocr.o)
 .debug_loc     0x00000000000110ce       0x4d /usr/lib/arm-none-eabi/newlib/thumb//libc_nano.a(lib_a-sbrkr.o)
 .debug_loc     0x000000000001111b       0x9c /usr/lib/arm-none-eabi/newlib/thumb//libc_nano.a(lib_a-nano-msizer.o)
 .debug_loc     0x00000000000111b7       0xc0 /usr/lib/arm-none-eabi/newlib/thumb//libc_nano.a(lib_a-reent.o)
 .debug_loc     0x0000000000011277       0x3f /usr/lib/arm-none-eabi/newlib/thumb//libnosys.a(sbrk.o)
 .debug_loc     0x00000000000112b6       0x28 /usr/lib/gcc/arm-none-eabi/4.9.3/armv6-m/libgcc.a(_fixunsdfsi.o)
 .debug_loc     0x00000000000112de       0xe0 /usr/lib/gcc/arm-none-eabi/4.9.3/armv6-m/libgcc.a(bpabi.o)
 .debug_loc     0x00000000000113be     0x1974 /usr/lib/gcc/arm-none-eabi/4.9.3/armv6-m/libgcc.a(adddf3.o)
 .debug_loc     0x0000000000012d32     0x22a6 /usr/lib/gcc/arm-none-eabi/4.9.3/armv6-m/libgcc.a(divdf3.o)
 .debug_loc     0x0000000000014fd8      0x19e /usr/lib/gcc/arm-none-eabi/4.9.3/armv6-m/libgcc.a(eqdf2.o)
 .debug_loc     0x0000000000015176      0x2eb /usr/lib/gcc/arm-none-eabi/4.9.3/armv6-m/libgcc.a(gedf2.o)
 .debug_loc     0x0000000000015461      0x2b6 /usr/lib/gcc/arm-none-eabi/4.9.3/armv6-m/libgcc.a(ledf2.o)
 .debug_loc     0x0000000000015717     0x123f /usr/lib/gcc/arm-none-eabi/4.9.3/armv6-m/libgcc.a(muldf3.o)
 .debug_loc     0x0000000000016956     0x17f7 /usr/lib/gcc/arm-none-eabi/4.9.3/armv6-m/libgcc.a(subdf3.o)
 .debug_loc     0x000000000001814d       0xe9 /usr/lib/gcc/arm-none-eabi/4.9.3/armv6-m/libgcc.a(fixdfsi.o)
 .debug_loc     0x0000000000018236      0x1ab /usr/lib/gcc/arm-none-eabi/4.9.3/armv6-m/libgcc.a(floatsidf.o)
 .debug_loc     0x00000000000183e1      0x1de /usr/lib/gcc/arm-none-eabi/4.9.3/armv6-m/libgcc.a(floatunsidf.o)
 .debug_loc     0x00000000000185bf      0x191 /usr/lib/gcc/arm-none-eabi/4.9.3/armv6-m/libgcc.a(_muldi3.o)
 .debug_loc     0x0000000000018750      0x541 /usr/lib/gcc/arm-none-eabi/4.9.3/armv6-m/libgcc.a(_divdi3.o)
 .debug_loc     0x0000000000018c91      0x479 /usr/lib/gcc/arm-none-eabi/4.9.3/armv6-m/libgcc.a(_udivdi3.o)

.debug_aranges  0x0000000000000000     0x16a0
 .debug_aranges
                0x0000000000000000       0x30 build/main.o
 .debug_aranges
                0x0000000000000030       0x20 build/gpio.o
 .debug_aranges
                0x0000000000000050       0x30 build/tim.o
 .debug_aranges
                0x0000000000000080       0x30 build/adc.o
 .debug_aranges
                0x00000000000000b0       0x40 build/i2c.o
 .debug_aranges
                0x00000000000000f0       0x30 build/spi.o
 .debug_aranges
                0x0000000000000120       0x30 build/usart.o
 .debug_aranges
                0x0000000000000150       0x50 build/stm32l0xx_it.o
 .debug_aranges
                0x00000000000001a0       0x20 build/stm32l0xx_hal_msp.o
 .debug_aranges
                0x00000000000001c0       0x48 build/depth_switch_object.o
 .debug_aranges
                0x0000000000000208       0x48 build/rtc_ds3231_object.o
 .debug_aranges
                0x0000000000000250       0x40 build/pressure_sensor_object.o
 .debug_aranges
                0x0000000000000290       0x30 build/voltmeter_object.o
 .debug_aranges
                0x00000000000002c0       0x18 build/fonts.o
 .debug_aranges
                0x00000000000002d8       0x60 build/ssd1306.o
 .debug_aranges
                0x0000000000000338       0x58 build/one_second_timer_object.o
 .debug_aranges
                0x0000000000000390      0x100 build/stm32l0xx_hal_adc.o
 .debug_aranges
                0x0000000000000490       0xf8 build/stm32l0xx_hal.o
 .debug_aranges
                0x0000000000000588      0x288 build/stm32l0xx_hal_i2c.o
 .debug_aranges
                0x0000000000000810       0x48 build/stm32l0xx_hal_i2c_ex.o
 .debug_aranges
                0x0000000000000858       0x80 build/stm32l0xx_hal_rcc.o
 .debug_aranges
                0x00000000000008d8       0x58 build/stm32l0xx_hal_rcc_ex.o
 .debug_aranges
                0x0000000000000930       0x58 build/stm32l0xx_hal_gpio.o
 .debug_aranges
                0x0000000000000988       0x90 build/stm32l0xx_hal_cortex.o
 .debug_aranges
                0x0000000000000a18      0x1d0 build/stm32l0xx_hal_spi.o
 .debug_aranges
                0x0000000000000be8      0x3a8 build/stm32l0xx_hal_tim.o
 .debug_aranges
                0x0000000000000f90       0x28 build/stm32l0xx_hal_tim_ex.o
 .debug_aranges
                0x0000000000000fb8      0x1f8 build/stm32l0xx_hal_uart.o
 .debug_aranges
                0x00000000000011b0       0x28 build/system_stm32l0xx.o
 .debug_aranges
                0x00000000000011d8       0x28 build/startup_stm32l071xx.o
 .debug_aranges
                0x0000000000001200       0x18 /usr/lib/arm-none-eabi/newlib/thumb//libc_nano.a(lib_a-impure.o)
 .debug_aranges
                0x0000000000001218       0x20 /usr/lib/arm-none-eabi/newlib/thumb//libc_nano.a(lib_a-init.o)
 .debug_aranges
                0x0000000000001238       0x28 /usr/lib/arm-none-eabi/newlib/thumb//libc_nano.a(lib_a-sprintf.o)
 .debug_aranges
                0x0000000000001260       0x30 /usr/lib/arm-none-eabi/newlib/thumb//libc_nano.a(lib_a-nano-svfprintf.o)
 .debug_aranges
                0x0000000000001290       0x28 /usr/lib/arm-none-eabi/newlib/thumb//libc_nano.a(lib_a-nano-vfprintf_i.o)
 .debug_aranges
                0x00000000000012b8       0x20 /usr/lib/arm-none-eabi/newlib/thumb//libc_nano.a(lib_a-memchr.o)
 .debug_aranges
                0x00000000000012d8       0x20 /usr/lib/arm-none-eabi/newlib/thumb//libc_nano.a(lib_a-memcpy.o)
 .debug_aranges
                0x00000000000012f8       0x20 /usr/lib/arm-none-eabi/newlib/thumb//libc_nano.a(lib_a-memmove.o)
 .debug_aranges
                0x0000000000001318       0x20 /usr/lib/arm-none-eabi/newlib/thumb//libc_nano.a(lib_a-nano-freer.o)
 .debug_aranges
                0x0000000000001338       0x20 /usr/lib/arm-none-eabi/newlib/thumb//libc_nano.a(lib_a-nano-mallocr.o)
 .debug_aranges
                0x0000000000001358       0x20 /usr/lib/arm-none-eabi/newlib/thumb//libc_nano.a(lib_a-nano-reallocr.o)
 .debug_aranges
                0x0000000000001378       0x20 /usr/lib/arm-none-eabi/newlib/thumb//libc_nano.a(lib_a-sbrkr.o)
 .debug_aranges
                0x0000000000001398       0x20 /usr/lib/arm-none-eabi/newlib/thumb//libc_nano.a(lib_a-nano-msizer.o)
 .debug_aranges
                0x00000000000013b8       0x28 /usr/lib/arm-none-eabi/newlib/thumb//libc_nano.a(lib_a-reent.o)
 .debug_aranges
                0x00000000000013e0       0x20 /usr/lib/arm-none-eabi/newlib/thumb//libnosys.a(sbrk.o)
 .debug_aranges
                0x0000000000001400       0x20 /usr/lib/gcc/arm-none-eabi/4.9.3/armv6-m/libgcc.a(_udivsi3.o)
 .debug_aranges
                0x0000000000001420       0x20 /usr/lib/gcc/arm-none-eabi/4.9.3/armv6-m/libgcc.a(_dvmd_tls.o)
 .debug_aranges
                0x0000000000001440       0x20 /usr/lib/gcc/arm-none-eabi/4.9.3/armv6-m/libgcc.a(_arm_cmpdf2.o)
 .debug_aranges
                0x0000000000001460       0x20 /usr/lib/gcc/arm-none-eabi/4.9.3/armv6-m/libgcc.a(_aeabi_uldivmod.o)
 .debug_aranges
                0x0000000000001480       0x20 /usr/lib/gcc/arm-none-eabi/4.9.3/armv6-m/libgcc.a(_fixunsdfsi.o)
 .debug_aranges
                0x00000000000014a0       0x20 /usr/lib/gcc/arm-none-eabi/4.9.3/armv6-m/libgcc.a(bpabi.o)
 .debug_aranges
                0x00000000000014c0       0x20 /usr/lib/gcc/arm-none-eabi/4.9.3/armv6-m/libgcc.a(adddf3.o)
 .debug_aranges
                0x00000000000014e0       0x20 /usr/lib/gcc/arm-none-eabi/4.9.3/armv6-m/libgcc.a(divdf3.o)
 .debug_aranges
                0x0000000000001500       0x20 /usr/lib/gcc/arm-none-eabi/4.9.3/armv6-m/libgcc.a(eqdf2.o)
 .debug_aranges
                0x0000000000001520       0x20 /usr/lib/gcc/arm-none-eabi/4.9.3/armv6-m/libgcc.a(gedf2.o)
 .debug_aranges
                0x0000000000001540       0x20 /usr/lib/gcc/arm-none-eabi/4.9.3/armv6-m/libgcc.a(ledf2.o)
 .debug_aranges
                0x0000000000001560       0x20 /usr/lib/gcc/arm-none-eabi/4.9.3/armv6-m/libgcc.a(muldf3.o)
 .debug_aranges
                0x0000000000001580       0x20 /usr/lib/gcc/arm-none-eabi/4.9.3/armv6-m/libgcc.a(subdf3.o)
 .debug_aranges
                0x00000000000015a0       0x20 /usr/lib/gcc/arm-none-eabi/4.9.3/armv6-m/libgcc.a(fixdfsi.o)
 .debug_aranges
                0x00000000000015c0       0x20 /usr/lib/gcc/arm-none-eabi/4.9.3/armv6-m/libgcc.a(floatsidf.o)
 .debug_aranges
                0x00000000000015e0       0x20 /usr/lib/gcc/arm-none-eabi/4.9.3/armv6-m/libgcc.a(floatunsidf.o)
 .debug_aranges
                0x0000000000001600       0x20 /usr/lib/gcc/arm-none-eabi/4.9.3/armv6-m/libgcc.a(_clzsi2.o)
 .debug_aranges
                0x0000000000001620       0x20 /usr/lib/gcc/arm-none-eabi/4.9.3/armv6-m/libgcc.a(_muldi3.o)
 .debug_aranges
                0x0000000000001640       0x20 /usr/lib/gcc/arm-none-eabi/4.9.3/armv6-m/libgcc.a(_divdi3.o)
 .debug_aranges
                0x0000000000001660       0x20 /usr/lib/gcc/arm-none-eabi/4.9.3/armv6-m/libgcc.a(_udivdi3.o)
 .debug_aranges
                0x0000000000001680       0x20 /usr/lib/gcc/arm-none-eabi/4.9.3/armv6-m/libgcc.a(_clzdi2.o)

.debug_ranges   0x0000000000000000     0x1ba8
 .debug_ranges  0x0000000000000000       0x20 build/main.o
 .debug_ranges  0x0000000000000020       0x10 build/gpio.o
 .debug_ranges  0x0000000000000030       0x20 build/tim.o
 .debug_ranges  0x0000000000000050       0x20 build/adc.o
 .debug_ranges  0x0000000000000070       0x30 build/i2c.o
 .debug_ranges  0x00000000000000a0       0x20 build/spi.o
 .debug_ranges  0x00000000000000c0       0x20 build/usart.o
 .debug_ranges  0x00000000000000e0       0x40 build/stm32l0xx_it.o
 .debug_ranges  0x0000000000000120       0x10 build/stm32l0xx_hal_msp.o
 .debug_ranges  0x0000000000000130       0x38 build/depth_switch_object.o
 .debug_ranges  0x0000000000000168       0x38 build/rtc_ds3231_object.o
 .debug_ranges  0x00000000000001a0       0x30 build/pressure_sensor_object.o
 .debug_ranges  0x00000000000001d0       0x20 build/voltmeter_object.o
 .debug_ranges  0x00000000000001f0       0x50 build/ssd1306.o
 .debug_ranges  0x0000000000000240       0x48 build/one_second_timer_object.o
 .debug_ranges  0x0000000000000288       0xf0 build/stm32l0xx_hal_adc.o
 .debug_ranges  0x0000000000000378       0xe8 build/stm32l0xx_hal.o
 .debug_ranges  0x0000000000000460      0x278 build/stm32l0xx_hal_i2c.o
 .debug_ranges  0x00000000000006d8       0x38 build/stm32l0xx_hal_i2c_ex.o
 .debug_ranges  0x0000000000000710       0x88 build/stm32l0xx_hal_rcc.o
 .debug_ranges  0x0000000000000798       0x60 build/stm32l0xx_hal_rcc_ex.o
 .debug_ranges  0x00000000000007f8       0x48 build/stm32l0xx_hal_gpio.o
 .debug_ranges  0x0000000000000840       0x80 build/stm32l0xx_hal_cortex.o
 .debug_ranges  0x00000000000008c0      0x1c0 build/stm32l0xx_hal_spi.o
 .debug_ranges  0x0000000000000a80      0x398 build/stm32l0xx_hal_tim.o
 .debug_ranges  0x0000000000000e18       0x18 build/stm32l0xx_hal_tim_ex.o
 .debug_ranges  0x0000000000000e30      0x1e8 build/stm32l0xx_hal_uart.o
 .debug_ranges  0x0000000000001018       0x18 build/system_stm32l0xx.o
 .debug_ranges  0x0000000000001030       0x20 build/startup_stm32l071xx.o
 .debug_ranges  0x0000000000001050       0x10 /usr/lib/arm-none-eabi/newlib/thumb//libc_nano.a(lib_a-init.o)
 .debug_ranges  0x0000000000001060       0x18 /usr/lib/arm-none-eabi/newlib/thumb//libc_nano.a(lib_a-sprintf.o)
 .debug_ranges  0x0000000000001078       0x58 /usr/lib/arm-none-eabi/newlib/thumb//libc_nano.a(lib_a-nano-svfprintf.o)
 .debug_ranges  0x00000000000010d0       0x58 /usr/lib/arm-none-eabi/newlib/thumb//libc_nano.a(lib_a-nano-vfprintf_i.o)
 .debug_ranges  0x0000000000001128       0x10 /usr/lib/arm-none-eabi/newlib/thumb//libc_nano.a(lib_a-memchr.o)
 .debug_ranges  0x0000000000001138       0x10 /usr/lib/arm-none-eabi/newlib/thumb//libc_nano.a(lib_a-memcpy.o)
 .debug_ranges  0x0000000000001148       0x10 /usr/lib/arm-none-eabi/newlib/thumb//libc_nano.a(lib_a-memmove.o)
 .debug_ranges  0x0000000000001158       0x10 /usr/lib/arm-none-eabi/newlib/thumb//libc_nano.a(lib_a-nano-freer.o)
 .debug_ranges  0x0000000000001168       0x28 /usr/lib/arm-none-eabi/newlib/thumb//libc_nano.a(lib_a-nano-mallocr.o)
 .debug_ranges  0x0000000000001190       0x10 /usr/lib/arm-none-eabi/newlib/thumb//libc_nano.a(lib_a-nano-reallocr.o)
 .debug_ranges  0x00000000000011a0       0x10 /usr/lib/arm-none-eabi/newlib/thumb//libc_nano.a(lib_a-sbrkr.o)
 .debug_ranges  0x00000000000011b0       0x10 /usr/lib/arm-none-eabi/newlib/thumb//libc_nano.a(lib_a-nano-msizer.o)
 .debug_ranges  0x00000000000011c0       0x18 /usr/lib/arm-none-eabi/newlib/thumb//libc_nano.a(lib_a-reent.o)
 .debug_ranges  0x00000000000011d8       0x10 /usr/lib/arm-none-eabi/newlib/thumb//libnosys.a(sbrk.o)
 .debug_ranges  0x00000000000011e8      0x290 /usr/lib/gcc/arm-none-eabi/4.9.3/armv6-m/libgcc.a(adddf3.o)
 .debug_ranges  0x0000000000001478      0x168 /usr/lib/gcc/arm-none-eabi/4.9.3/armv6-m/libgcc.a(divdf3.o)
 .debug_ranges  0x00000000000015e0       0x18 /usr/lib/gcc/arm-none-eabi/4.9.3/armv6-m/libgcc.a(eqdf2.o)
 .debug_ranges  0x00000000000015f8       0x60 /usr/lib/gcc/arm-none-eabi/4.9.3/armv6-m/libgcc.a(gedf2.o)
 .debug_ranges  0x0000000000001658       0x60 /usr/lib/gcc/arm-none-eabi/4.9.3/armv6-m/libgcc.a(ledf2.o)
 .debug_ranges  0x00000000000016b8      0x188 /usr/lib/gcc/arm-none-eabi/4.9.3/armv6-m/libgcc.a(muldf3.o)
 .debug_ranges  0x0000000000001840      0x2a0 /usr/lib/gcc/arm-none-eabi/4.9.3/armv6-m/libgcc.a(subdf3.o)
 .debug_ranges  0x0000000000001ae0       0x40 /usr/lib/gcc/arm-none-eabi/4.9.3/armv6-m/libgcc.a(fixdfsi.o)
 .debug_ranges  0x0000000000001b20       0x18 /usr/lib/gcc/arm-none-eabi/4.9.3/armv6-m/libgcc.a(floatsidf.o)
 .debug_ranges  0x0000000000001b38       0x18 /usr/lib/gcc/arm-none-eabi/4.9.3/armv6-m/libgcc.a(floatunsidf.o)
 .debug_ranges  0x0000000000001b50       0x28 /usr/lib/gcc/arm-none-eabi/4.9.3/armv6-m/libgcc.a(_muldi3.o)
 .debug_ranges  0x0000000000001b78       0x18 /usr/lib/gcc/arm-none-eabi/4.9.3/armv6-m/libgcc.a(_divdi3.o)
 .debug_ranges  0x0000000000001b90       0x18 /usr/lib/gcc/arm-none-eabi/4.9.3/armv6-m/libgcc.a(_udivdi3.o)

.debug_line     0x0000000000000000     0x9f9e
 .debug_line    0x0000000000000000      0x3ca build/main.o
 .debug_line    0x00000000000003ca      0x11b build/gpio.o
 .debug_line    0x00000000000004e5      0x1a9 build/tim.o
 .debug_line    0x000000000000068e      0x1a9 build/adc.o
 .debug_line    0x0000000000000837      0x20d build/i2c.o
 .debug_line    0x0000000000000a44      0x190 build/spi.o
 .debug_line    0x0000000000000bd4      0x191 build/usart.o
 .debug_line    0x0000000000000d65      0x1fa build/stm32l0xx_it.o
 .debug_line    0x0000000000000f5f       0xdb build/stm32l0xx_hal_msp.o
 .debug_line    0x000000000000103a      0x1a6 build/depth_switch_object.o
 .debug_line    0x00000000000011e0      0x1c7 build/rtc_ds3231_object.o
 .debug_line    0x00000000000013a7      0x241 build/pressure_sensor_object.o
 .debug_line    0x00000000000015e8      0x1c4 build/voltmeter_object.o
 .debug_line    0x00000000000017ac       0x90 build/fonts.o
 .debug_line    0x000000000000183c      0x292 build/ssd1306.o
 .debug_line    0x0000000000001ace      0x1e5 build/one_second_timer_object.o
 .debug_line    0x0000000000001cb3      0x65a build/stm32l0xx_hal_adc.o
 .debug_line    0x000000000000230d      0x389 build/stm32l0xx_hal.o
 .debug_line    0x0000000000002696     0x1482 build/stm32l0xx_hal_i2c.o
 .debug_line    0x0000000000003b18      0x294 build/stm32l0xx_hal_i2c_ex.o
 .debug_line    0x0000000000003dac      0x487 build/stm32l0xx_hal_rcc.o
 .debug_line    0x0000000000004233      0x344 build/stm32l0xx_hal_rcc_ex.o
 .debug_line    0x0000000000004577      0x297 build/stm32l0xx_hal_gpio.o
 .debug_line    0x000000000000480e      0x317 build/stm32l0xx_hal_cortex.o
 .debug_line    0x0000000000004b25      0xb72 build/stm32l0xx_hal_spi.o
 .debug_line    0x0000000000005697     0x1039 build/stm32l0xx_hal_tim.o
 .debug_line    0x00000000000066d0      0x1d0 build/stm32l0xx_hal_tim_ex.o
 .debug_line    0x00000000000068a0      0xca0 build/stm32l0xx_hal_uart.o
 .debug_line    0x0000000000007540      0x12f build/system_stm32l0xx.o
 .debug_line    0x000000000000766f       0x78 build/startup_stm32l071xx.o
 .debug_line    0x00000000000076e7       0xf1 /usr/lib/arm-none-eabi/newlib/thumb//libc_nano.a(lib_a-impure.o)
 .debug_line    0x00000000000077d8       0xb5 /usr/lib/arm-none-eabi/newlib/thumb//libc_nano.a(lib_a-init.o)
 .debug_line    0x000000000000788d      0x1b7 /usr/lib/arm-none-eabi/newlib/thumb//libc_nano.a(lib_a-sprintf.o)
 .debug_line    0x0000000000007a44      0x2f2 /usr/lib/arm-none-eabi/newlib/thumb//libc_nano.a(lib_a-nano-svfprintf.o)
 .debug_line    0x0000000000007d36      0x2ff /usr/lib/arm-none-eabi/newlib/thumb//libc_nano.a(lib_a-nano-vfprintf_i.o)
 .debug_line    0x0000000000008035       0xf1 /usr/lib/arm-none-eabi/newlib/thumb//libc_nano.a(lib_a-memchr.o)
 .debug_line    0x0000000000008126       0xf1 /usr/lib/arm-none-eabi/newlib/thumb//libc_nano.a(lib_a-memcpy.o)
 .debug_line    0x0000000000008217       0xf8 /usr/lib/arm-none-eabi/newlib/thumb//libc_nano.a(lib_a-memmove.o)
 .debug_line    0x000000000000830f      0x13f /usr/lib/arm-none-eabi/newlib/thumb//libc_nano.a(lib_a-nano-freer.o)
 .debug_line    0x000000000000844e      0x19a /usr/lib/arm-none-eabi/newlib/thumb//libc_nano.a(lib_a-nano-mallocr.o)
 .debug_line    0x00000000000085e8      0x170 /usr/lib/arm-none-eabi/newlib/thumb//libc_nano.a(lib_a-nano-reallocr.o)
 .debug_line    0x0000000000008758      0x162 /usr/lib/arm-none-eabi/newlib/thumb//libc_nano.a(lib_a-sbrkr.o)
 .debug_line    0x00000000000088ba      0x10f /usr/lib/arm-none-eabi/newlib/thumb//libc_nano.a(lib_a-nano-msizer.o)
 .debug_line    0x00000000000089c9      0x198 /usr/lib/arm-none-eabi/newlib/thumb//libc_nano.a(lib_a-reent.o)
 .debug_line    0x0000000000008b61       0x58 /usr/lib/arm-none-eabi/newlib/thumb//libnosys.a(sbrk.o)
 .debug_line    0x0000000000008bb9       0x6c /usr/lib/gcc/arm-none-eabi/4.9.3/armv6-m/libgcc.a(_udivsi3.o)
 .debug_line    0x0000000000008c25       0x5e /usr/lib/gcc/arm-none-eabi/4.9.3/armv6-m/libgcc.a(_dvmd_tls.o)
 .debug_line    0x0000000000008c83       0x76 /usr/lib/gcc/arm-none-eabi/4.9.3/armv6-m/libgcc.a(_arm_cmpdf2.o)
 .debug_line    0x0000000000008cf9       0x69 /usr/lib/gcc/arm-none-eabi/4.9.3/armv6-m/libgcc.a(_aeabi_uldivmod.o)
 .debug_line    0x0000000000008d62       0x64 /usr/lib/gcc/arm-none-eabi/4.9.3/armv6-m/libgcc.a(_fixunsdfsi.o)
 .debug_line    0x0000000000008dc6       0x68 /usr/lib/gcc/arm-none-eabi/4.9.3/armv6-m/libgcc.a(bpabi.o)
 .debug_line    0x0000000000008e2e      0x343 /usr/lib/gcc/arm-none-eabi/4.9.3/armv6-m/libgcc.a(adddf3.o)
 .debug_line    0x0000000000009171      0x267 /usr/lib/gcc/arm-none-eabi/4.9.3/armv6-m/libgcc.a(divdf3.o)
 .debug_line    0x00000000000093d8       0xb0 /usr/lib/gcc/arm-none-eabi/4.9.3/armv6-m/libgcc.a(eqdf2.o)
 .debug_line    0x0000000000009488       0xd6 /usr/lib/gcc/arm-none-eabi/4.9.3/armv6-m/libgcc.a(gedf2.o)
 .debug_line    0x000000000000955e       0xd6 /usr/lib/gcc/arm-none-eabi/4.9.3/armv6-m/libgcc.a(ledf2.o)
 .debug_line    0x0000000000009634      0x1a2 /usr/lib/gcc/arm-none-eabi/4.9.3/armv6-m/libgcc.a(muldf3.o)
 .debug_line    0x00000000000097d6      0x366 /usr/lib/gcc/arm-none-eabi/4.9.3/armv6-m/libgcc.a(subdf3.o)
 .debug_line    0x0000000000009b3c       0x99 /usr/lib/gcc/arm-none-eabi/4.9.3/armv6-m/libgcc.a(fixdfsi.o)
 .debug_line    0x0000000000009bd5       0x93 /usr/lib/gcc/arm-none-eabi/4.9.3/armv6-m/libgcc.a(floatsidf.o)
 .debug_line    0x0000000000009c68       0x8a /usr/lib/gcc/arm-none-eabi/4.9.3/armv6-m/libgcc.a(floatunsidf.o)
 .debug_line    0x0000000000009cf2       0x72 /usr/lib/gcc/arm-none-eabi/4.9.3/armv6-m/libgcc.a(_clzsi2.o)
 .debug_line    0x0000000000009d64       0x8d /usr/lib/gcc/arm-none-eabi/4.9.3/armv6-m/libgcc.a(_muldi3.o)
 .debug_line    0x0000000000009df1       0xab /usr/lib/gcc/arm-none-eabi/4.9.3/armv6-m/libgcc.a(_divdi3.o)
 .debug_line    0x0000000000009e9c       0x9a /usr/lib/gcc/arm-none-eabi/4.9.3/armv6-m/libgcc.a(_udivdi3.o)
 .debug_line    0x0000000000009f36       0x68 /usr/lib/gcc/arm-none-eabi/4.9.3/armv6-m/libgcc.a(_clzdi2.o)

.debug_str      0x0000000000000000     0x5f19
 .debug_str     0x0000000000000000      0xd4b build/main.o
                                        0xe50 (size before relaxing)
 .debug_str     0x0000000000000d4b       0xe9 build/gpio.o
                                        0x2da (size before relaxing)
 .debug_str     0x0000000000000e34      0x4f3 build/tim.o
                                        0x926 (size before relaxing)
 .debug_str     0x0000000000001327      0x279 build/adc.o
                                        0x754 (size before relaxing)
 .debug_str     0x00000000000015a0       0x8b build/i2c.o
                                        0x81a (size before relaxing)
 .debug_str     0x000000000000162b      0x1cb build/spi.o
                                        0x6fa (size before relaxing)
 .debug_str     0x00000000000017f6      0x1b6 build/usart.o
                                        0x708 (size before relaxing)
 .debug_str     0x00000000000019ac      0x102 build/stm32l0xx_it.o
                                        0x619 (size before relaxing)
 .debug_str     0x0000000000001aae       0x24 build/stm32l0xx_hal_msp.o
                                        0x214 (size before relaxing)
 .debug_str     0x0000000000001ad2       0xa7 build/depth_switch_object.o
                                        0x2fe (size before relaxing)
 .debug_str     0x0000000000001b79       0xba build/rtc_ds3231_object.o
                                        0x78e (size before relaxing)
 .debug_str     0x0000000000001c33       0x53 build/pressure_sensor_object.o
                                        0x30c (size before relaxing)
 .debug_str     0x0000000000001c86       0x6c build/voltmeter_object.o
                                        0x669 (size before relaxing)
 .debug_str     0x0000000000001cf2       0x33 build/fonts.o
                                        0x1d0 (size before relaxing)
 .debug_str     0x0000000000001d25       0xd1 build/ssd1306.o
                                        0x7d9 (size before relaxing)
 .debug_str     0x0000000000001df6       0x8c build/one_second_timer_object.o
                                        0x69e (size before relaxing)
 .debug_str     0x0000000000001e82      0x2ef build/stm32l0xx_hal_adc.o
                                        0x93a (size before relaxing)
 .debug_str     0x0000000000002171      0x32c build/stm32l0xx_hal.o
                                        0x783 (size before relaxing)
 .debug_str     0x000000000000249d      0x831 build/stm32l0xx_hal_i2c.o
                                        0xf01 (size before relaxing)
 .debug_str     0x0000000000002cce       0xb5 build/stm32l0xx_hal_i2c_ex.o
                                        0x80b (size before relaxing)
 .debug_str     0x0000000000002d83      0x1cc build/stm32l0xx_hal_rcc.o