Archive member included to satisfy reference by file (symbol)

/usr/lib/gcc/arm-none-eabi/4.9.3/../../../arm-none-eabi/lib/armv6-m/libc_nano.a(lib_a-atexit.o)
                              /usr/lib/gcc/arm-none-eabi/4.9.3/../../../arm-none-eabi/lib/armv6-m/crt0.o (atexit)
/usr/lib/gcc/arm-none-eabi/4.9.3/../../../arm-none-eabi/lib/armv6-m/libc_nano.a(lib_a-exit.o)
                              /usr/lib/gcc/arm-none-eabi/4.9.3/../../../arm-none-eabi/lib/armv6-m/crt0.o (exit)
/usr/lib/gcc/arm-none-eabi/4.9.3/../../../arm-none-eabi/lib/armv6-m/libc_nano.a(lib_a-fini.o)
                              /usr/lib/gcc/arm-none-eabi/4.9.3/../../../arm-none-eabi/lib/armv6-m/crt0.o (__libc_fini_array)
/usr/lib/gcc/arm-none-eabi/4.9.3/../../../arm-none-eabi/lib/armv6-m/libc_nano.a(lib_a-impure.o)
                              /usr/lib/gcc/arm-none-eabi/4.9.3/../../../arm-none-eabi/lib/armv6-m/libc_nano.a(lib_a-exit.o) (_global_impure_ptr)
/usr/lib/gcc/arm-none-eabi/4.9.3/../../../arm-none-eabi/lib/armv6-m/libc_nano.a(lib_a-init.o)
                              /usr/lib/gcc/arm-none-eabi/4.9.3/../../../arm-none-eabi/lib/armv6-m/crt0.o (__libc_init_array)
/usr/lib/gcc/arm-none-eabi/4.9.3/../../../arm-none-eabi/lib/armv6-m/libc_nano.a(lib_a-memset.o)
                              /usr/lib/gcc/arm-none-eabi/4.9.3/../../../arm-none-eabi/lib/armv6-m/crt0.o (memset)
/usr/lib/gcc/arm-none-eabi/4.9.3/../../../arm-none-eabi/lib/armv6-m/libc_nano.a(lib_a-__atexit.o)
                              /usr/lib/gcc/arm-none-eabi/4.9.3/../../../arm-none-eabi/lib/armv6-m/libc_nano.a(lib_a-atexit.o) (__register_exitproc)
/usr/lib/gcc/arm-none-eabi/4.9.3/../../../arm-none-eabi/lib/armv6-m/libc_nano.a(lib_a-__call_atexit.o)
                              /usr/lib/gcc/arm-none-eabi/4.9.3/../../../arm-none-eabi/lib/armv6-m/libc_nano.a(lib_a-__atexit.o) (__call_exitprocs)
/usr/lib/gcc/arm-none-eabi/4.9.3/../../../arm-none-eabi/lib/armv6-m/libnosys.a(_exit.o)
                              /usr/lib/gcc/arm-none-eabi/4.9.3/../../../arm-none-eabi/lib/armv6-m/libc_nano.a(lib_a-exit.o) (_exit)
/usr/lib/gcc/arm-none-eabi/4.9.3/armv6-m/libgcc.a(_udivsi3.o)
                              build/rtc_ds3231_object.o (__aeabi_uidiv)
/usr/lib/gcc/arm-none-eabi/4.9.3/armv6-m/libgcc.a(_dvmd_tls.o)
                              /usr/lib/gcc/arm-none-eabi/4.9.3/armv6-m/libgcc.a(_udivsi3.o) (__aeabi_idiv0)
/usr/lib/gcc/arm-none-eabi/4.9.3/armv6-m/libgcc.a(_arm_cmpdf2.o)
                              build/depth_switch_object.o (__aeabi_dcmpeq)
/usr/lib/gcc/arm-none-eabi/4.9.3/armv6-m/libgcc.a(_aeabi_uldivmod.o)
                              build/stm32l0xx_hal_uart.o (__aeabi_uldivmod)
/usr/lib/gcc/arm-none-eabi/4.9.3/armv6-m/libgcc.a(bpabi.o)
                              /usr/lib/gcc/arm-none-eabi/4.9.3/armv6-m/libgcc.a(_aeabi_uldivmod.o) (__gnu_uldivmod_helper)
/usr/lib/gcc/arm-none-eabi/4.9.3/armv6-m/libgcc.a(adddf3.o)
                              build/depth_switch_object.o (__aeabi_dadd)
/usr/lib/gcc/arm-none-eabi/4.9.3/armv6-m/libgcc.a(divdf3.o)
                              build/voltmeter_object.o (__aeabi_ddiv)
/usr/lib/gcc/arm-none-eabi/4.9.3/armv6-m/libgcc.a(eqdf2.o)
                              /usr/lib/gcc/arm-none-eabi/4.9.3/armv6-m/libgcc.a(_arm_cmpdf2.o) (__eqdf2)
/usr/lib/gcc/arm-none-eabi/4.9.3/armv6-m/libgcc.a(gedf2.o)
                              /usr/lib/gcc/arm-none-eabi/4.9.3/armv6-m/libgcc.a(_arm_cmpdf2.o) (__gedf2)
/usr/lib/gcc/arm-none-eabi/4.9.3/armv6-m/libgcc.a(ledf2.o)
                              /usr/lib/gcc/arm-none-eabi/4.9.3/armv6-m/libgcc.a(_arm_cmpdf2.o) (__ledf2)
/usr/lib/gcc/arm-none-eabi/4.9.3/armv6-m/libgcc.a(muldf3.o)
                              build/depth_switch_object.o (__aeabi_dmul)
/usr/lib/gcc/arm-none-eabi/4.9.3/armv6-m/libgcc.a(subdf3.o)
                              build/pressure_sensor_object.o (__aeabi_dsub)
/usr/lib/gcc/arm-none-eabi/4.9.3/armv6-m/libgcc.a(floatunsidf.o)
                              build/pressure_sensor_object.o (__aeabi_ui2d)
/usr/lib/gcc/arm-none-eabi/4.9.3/armv6-m/libgcc.a(_clzsi2.o)
                              /usr/lib/gcc/arm-none-eabi/4.9.3/armv6-m/libgcc.a(adddf3.o) (__clzsi2)
/usr/lib/gcc/arm-none-eabi/4.9.3/armv6-m/libgcc.a(_muldi3.o)
                              /usr/lib/gcc/arm-none-eabi/4.9.3/armv6-m/libgcc.a(bpabi.o) (__aeabi_lmul)
/usr/lib/gcc/arm-none-eabi/4.9.3/armv6-m/libgcc.a(_divdi3.o)
                              /usr/lib/gcc/arm-none-eabi/4.9.3/armv6-m/libgcc.a(bpabi.o) (__divdi3)
/usr/lib/gcc/arm-none-eabi/4.9.3/armv6-m/libgcc.a(_udivdi3.o)
                              /usr/lib/gcc/arm-none-eabi/4.9.3/armv6-m/libgcc.a(bpabi.o) (__udivdi3)
/usr/lib/gcc/arm-none-eabi/4.9.3/armv6-m/libgcc.a(_clzdi2.o)
                              /usr/lib/gcc/arm-none-eabi/4.9.3/armv6-m/libgcc.a(_divdi3.o) (__clzdi2)

Allocating common symbols
Common symbol       size              file

SSD1306_I2C_PORT    0x4               build/main.o
[...]
Memory Configuration

Name             Origin             Length             Attributes
RAM              0x0000000020000000 0x0000000000005000 xrw
FLASH            0x0000000008000000 0x0000000000010000 xr
*default*        0x0000000000000000 0xffffffffffffffff

Linker script and memory map

LOAD /usr/lib/gcc/arm-none-eabi/4.9.3/armv6-m/crti.o
LOAD /usr/lib/gcc/arm-none-eabi/4.9.3/armv6-m/crtbegin.o
LOAD /usr/lib/gcc/arm-none-eabi/4.9.3/../../../arm-none-eabi/lib/armv6-m/crt0.o
LOAD build/main.o
LOAD build/gpio.o
LOAD build/tim.o
LOAD build/adc.o
LOAD build/i2c.o
LOAD build/spi.o
LOAD build/sys.o
LOAD build/usart.o
LOAD build/stm32l0xx_it.o
LOAD build/stm32l0xx_hal_msp.o
LOAD build/depth_switch_object.o
LOAD build/rtc_ds3231_object.o
LOAD build/pressure_sensor_object.o
LOAD build/voltmeter_object.o
LOAD build/fonts.o
LOAD build/ssd1306.o
LOAD build/one_second_timer_object.o
LOAD build/stm32l0xx_hal_adc.o
LOAD build/stm32l0xx_hal_adc_ex.o
LOAD build/stm32l0xx_hal.o
LOAD build/stm32l0xx_hal_i2c.o
LOAD build/stm32l0xx_hal_i2c_ex.o
LOAD build/stm32l0xx_hal_rcc.o
LOAD build/stm32l0xx_hal_rcc_ex.o
LOAD build/stm32l0xx_hal_flash_ramfunc.o
LOAD build/stm32l0xx_hal_flash.o
LOAD build/stm32l0xx_hal_flash_ex.o
LOAD build/stm32l0xx_hal_gpio.o
LOAD build/stm32l0xx_hal_dma.o
LOAD build/stm32l0xx_hal_pwr.o
LOAD build/stm32l0xx_hal_pwr_ex.o
LOAD build/stm32l0xx_hal_cortex.o
LOAD build/stm32l0xx_hal_spi.o
LOAD build/stm32l0xx_hal_tim.o
LOAD build/stm32l0xx_hal_tim_ex.o
LOAD build/stm32l0xx_hal_uart.o
LOAD build/stm32l0xx_hal_uart_ex.o
LOAD build/system_stm32l0xx.o
LOAD build/startup_stm32l071xx.o
LOAD /usr/lib/gcc/arm-none-eabi/4.9.3/../../../arm-none-eabi/lib/armv6-m/libc_nano.a
LOAD /usr/lib/gcc/arm-none-eabi/4.9.3/../../../arm-none-eabi/lib/armv6-m/libm.a
LOAD /usr/lib/gcc/arm-none-eabi/4.9.3/../../../arm-none-eabi/lib/armv6-m/libnosys.a
START GROUP
LOAD /usr/lib/gcc/arm-none-eabi/4.9.3/armv6-m/libgcc.a
LOAD /usr/lib/gcc/arm-none-eabi/4.9.3/../../../arm-none-eabi/lib/armv6-m/libc_nano.a
END GROUP
START GROUP
LOAD /usr/lib/gcc/arm-none-eabi/4.9.3/armv6-m/libgcc.a
LOAD /usr/lib/gcc/arm-none-eabi/4.9.3/../../../arm-none-eabi/lib/armv6-m/libc_nano.a
END GROUP
LOAD /usr/lib/gcc/arm-none-eabi/4.9.3/armv6-m/crtend.o
LOAD /usr/lib/gcc/arm-none-eabi/4.9.3/armv6-m/crtn.o
                0x0000000020005000                _estack = 0x20005000
                0x0000000000000400                _Min_Heap_Size = 0x400
                0x0000000000000800                _Min_Stack_Size = 0x800

.isr_vector     0x0000000008000000       0xc0
                0x0000000008000000                . = ALIGN (0x4)
 *(.isr_vector)
 .isr_vector    0x0000000008000000       0xc0 build/startup_stm32l071xx.o
                0x0000000008000000                g_pfnVectors
                0x00000000080000c0                . = ALIGN (0x4)

.text           0x00000000080000c0     0x258c
                0x00000000080000c0                . = ALIGN (0x4)
 *(.text)
 .text          0x00000000080000c0       0xb4 /usr/lib/gcc/arm-none-eabi/4.9.3/armv6-m/crtbegin.o
 .text          0x0000000008000174      0x120 /usr/lib/gcc/arm-none-eabi/4.9.3/armv6-m/libgcc.a(_udivsi3.o)
                0x0000000008000174                __udivsi3
                0x0000000008000174                __aeabi_uidiv
                0x0000000008000280                __aeabi_uidivmod
 .text          0x0000000008000294        0x4 /usr/lib/gcc/arm-none-eabi/4.9.3/armv6-m/libgcc.a(_dvmd_tls.o)
                0x0000000008000294                __aeabi_ldiv0
                0x0000000008000294                __aeabi_idiv0
 .text          0x0000000008000298       0x40 /usr/lib/gcc/arm-none-eabi/4.9.3/armv6-m/libgcc.a(_aeabi_uldivmod.o)
                0x0000000008000298                __aeabi_uldivmod
 .text          0x00000000080002d8       0x6c /usr/lib/gcc/arm-none-eabi/4.9.3/armv6-m/libgcc.a(bpabi.o)
                0x00000000080002d8                __gnu_ldivmod_helper
                0x0000000008000310                __gnu_uldivmod_helper
 .text          0x0000000008000344       0x3c /usr/lib/gcc/arm-none-eabi/4.9.3/armv6-m/libgcc.a(_clzsi2.o)
                0x0000000008000344                __clzsi2
 .text          0x0000000008000380       0x54 /usr/lib/gcc/arm-none-eabi/4.9.3/armv6-m/libgcc.a(_muldi3.o)
                0x0000000008000380                __aeabi_lmul
                0x0000000008000380                __muldi3
 .text          0x00000000080003d4      0x1f0 /usr/lib/gcc/arm-none-eabi/4.9.3/armv6-m/libgcc.a(_divdi3.o)
                0x00000000080003d4                __divdi3
 .text          0x00000000080005c4      0x158 /usr/lib/gcc/arm-none-eabi/4.9.3/armv6-m/libgcc.a(_udivdi3.o)
                0x00000000080005c4                __udivdi3
 .text          0x000000000800071c       0x18 /usr/lib/gcc/arm-none-eabi/4.9.3/armv6-m/libgcc.a(_clzdi2.o)
                0x000000000800071c                __clzdi2
 *(.text*)
 .text.SystemClock_Config
                0x0000000008000734       0x94 build/main.o
                0x0000000008000734                SystemClock_Config
 .text.main     0x00000000080007c8       0x28 build/main.o
                0x00000000080007c8                main
 .text.Error_Handler
                0x00000000080007f0        0x4 build/main.o
                0x00000000080007f0                Error_Handler
 .text.MX_GPIO_Init
                0x00000000080007f4       0x90 build/gpio.o
                0x00000000080007f4                MX_GPIO_Init
 .text.MX_ADC_Init
                0x0000000008000884       0x78 build/adc.o
                0x0000000008000884                MX_ADC_Init
 .text.HAL_ADC_MspInit
                0x00000000080008fc       0x50 build/adc.o
                0x00000000080008fc                HAL_ADC_MspInit
 .text.MX_I2C1_Init
                0x000000000800094c       0x58 build/i2c.o
                0x000000000800094c                MX_I2C1_Init
 .text.MX_I2C2_Init
                0x00000000080009a4       0x58 build/i2c.o
                0x00000000080009a4                MX_I2C2_Init
 .text.MX_I2C3_Init
                0x00000000080009fc       0x58 build/i2c.o
                0x00000000080009fc                MX_I2C3_Init
 .text.HAL_I2C_MspInit
                0x0000000008000a54      0x120 build/i2c.o
                0x0000000008000a54                HAL_I2C_MspInit
 .text.MX_SPI1_Init
                0x0000000008000b74       0x3c build/spi.o
                0x0000000008000b74                MX_SPI1_Init
 .text.HAL_SPI_MspInit
                0x0000000008000bb0       0x58 build/spi.o
                0x0000000008000bb0                HAL_SPI_MspInit
 .text.MX_USART1_UART_Init
                0x0000000008000c08       0x38 build/usart.o
                0x0000000008000c08                MX_USART1_UART_Init
 .text.HAL_UART_MspInit
                0x0000000008000c40       0x58 build/usart.o
                0x0000000008000c40                HAL_UART_MspInit
 .text.NMI_Handler
                0x0000000008000c98        0x4 build/stm32l0xx_it.o
                0x0000000008000c98                NMI_Handler
 .text.HardFault_Handler
                0x0000000008000c9c        0x4 build/stm32l0xx_it.o
                0x0000000008000c9c                HardFault_Handler
 .text.SVC_Handler
                0x0000000008000ca0        0x4 build/stm32l0xx_it.o
                0x0000000008000ca0                SVC_Handler
 .text.PendSV_Handler
                0x0000000008000ca4        0x4 build/stm32l0xx_it.o
                0x0000000008000ca4                PendSV_Handler
 .text.SysTick_Handler
                0x0000000008000ca8        0xc build/stm32l0xx_it.o
                0x0000000008000ca8                SysTick_Handler
 .text.TIM2_IRQHandler
                0x0000000008000cb4       0x10 build/stm32l0xx_it.o
                0x0000000008000cb4                TIM2_IRQHandler
 .text.HAL_TIM_PeriodElapsedCallback
                0x0000000008000cc4       0x18 build/stm32l0xx_it.o
                0x0000000008000cc4                HAL_TIM_PeriodElapsedCallback
 .text.HAL_MspInit
                0x0000000008000cdc       0x1c build/stm32l0xx_hal_msp.o
                0x0000000008000cdc                HAL_MspInit
 .text.one_second_timer_set_flag
                0x0000000008000cf8        0xc build/one_second_timer_object.o
                0x0000000008000cf8                one_second_timer_set_flag
 .text.one_second_timer_increment_counter
                0x0000000008000d04       0x10 build/one_second_timer_object.o
                0x0000000008000d04                one_second_timer_increment_counter
 .text.ADC_DelayMicroSecond
                0x0000000008000d14       0x30 build/stm32l0xx_hal_adc.o
 .text.HAL_ADC_Init
                0x0000000008000d44      0x1ec build/stm32l0xx_hal_adc.o
                0x0000000008000d44                HAL_ADC_Init
 .text.HAL_ADC_ConfigChannel
                0x0000000008000f30       0xb8 build/stm32l0xx_hal_adc.o
                0x0000000008000f30                HAL_ADC_ConfigChannel
 .text.HAL_InitTick
                0x0000000008000fe8       0x30 build/stm32l0xx_hal.o
                0x0000000008000fe8                HAL_InitTick
 .text.HAL_Init
                0x0000000008001018       0x28 build/stm32l0xx_hal.o
                0x0000000008001018                HAL_Init
 .text.HAL_IncTick
                0x0000000008001040       0x10 build/stm32l0xx_hal.o
                0x0000000008001040                HAL_IncTick
 .text.HAL_GetTick
                0x0000000008001050        0xc build/stm32l0xx_hal.o
                0x0000000008001050                HAL_GetTick
 .text.HAL_I2C_Init
                0x000000000800105c       0xc8 build/stm32l0xx_hal_i2c.o
                0x000000000800105c                HAL_I2C_Init
 .text.HAL_I2CEx_ConfigAnalogFilter
                0x0000000008001124       0x58 build/stm32l0xx_hal_i2c_ex.o
                0x0000000008001124                HAL_I2CEx_ConfigAnalogFilter
 .text.HAL_I2CEx_ConfigDigitalFilter
                0x000000000800117c       0x54 build/stm32l0xx_hal_i2c_ex.o
                0x000000000800117c                HAL_I2CEx_ConfigDigitalFilter
 .text.HAL_RCC_GetSysClockFreq
                0x00000000080011d0       0x90 build/stm32l0xx_hal_rcc.o
                0x00000000080011d0                HAL_RCC_GetSysClockFreq
 .text.HAL_RCC_OscConfig
                0x0000000008001260      0x544 build/stm32l0xx_hal_rcc.o
                0x0000000008001260                HAL_RCC_OscConfig
 .text.HAL_RCC_ClockConfig
                0x00000000080017a4      0x1b8 build/stm32l0xx_hal_rcc.o
                0x00000000080017a4                HAL_RCC_ClockConfig
 .text.HAL_RCC_GetHCLKFreq
                0x000000000800195c        0xc build/stm32l0xx_hal_rcc.o
                0x000000000800195c                HAL_RCC_GetHCLKFreq
 .text.HAL_RCC_GetPCLK1Freq
                0x0000000008001968       0x20 build/stm32l0xx_hal_rcc.o
                0x0000000008001968                HAL_RCC_GetPCLK1Freq
 .text.HAL_RCC_GetPCLK2Freq
                0x0000000008001988       0x20 build/stm32l0xx_hal_rcc.o
                0x0000000008001988                HAL_RCC_GetPCLK2Freq
 .text.HAL_RCCEx_PeriphCLKConfig
                0x00000000080019a8      0x1c8 build/stm32l0xx_hal_rcc_ex.o
                0x00000000080019a8                HAL_RCCEx_PeriphCLKConfig
 .text.HAL_GPIO_Init
                0x0000000008001b70      0x1ac build/stm32l0xx_hal_gpio.o
                0x0000000008001b70                HAL_GPIO_Init
 .text.HAL_GPIO_WritePin
                0x0000000008001d1c        0xc build/stm32l0xx_hal_gpio.o
                0x0000000008001d1c                HAL_GPIO_WritePin
 .text.HAL_NVIC_SetPriority
                0x0000000008001d28       0x64 build/stm32l0xx_hal_cortex.o
                0x0000000008001d28                HAL_NVIC_SetPriority
 .text.HAL_SYSTICK_Config
                0x0000000008001d8c       0x38 build/stm32l0xx_hal_cortex.o
                0x0000000008001d8c                HAL_SYSTICK_Config
 .text.HAL_SYSTICK_Callback
                0x0000000008001dc4        0x4 build/stm32l0xx_hal_cortex.o
                0x0000000008001dc4                HAL_SYSTICK_Callback
 .text.HAL_SYSTICK_IRQHandler
                0x0000000008001dc8        0x8 build/stm32l0xx_hal_cortex.o
                0x0000000008001dc8                HAL_SYSTICK_IRQHandler
 .text.HAL_SPI_Init
                0x0000000008001dd0       0x88 build/stm32l0xx_hal_spi.o
                0x0000000008001dd0                HAL_SPI_Init
 .text.HAL_TIM_OC_DelayElapsedCallback
                0x0000000008001e58        0x4 build/stm32l0xx_hal_tim.o
                0x0000000008001e58                HAL_TIM_OC_DelayElapsedCallback
 .text.HAL_TIM_IC_CaptureCallback
                0x0000000008001e5c        0x4 build/stm32l0xx_hal_tim.o
                0x0000000008001e5c                HAL_TIM_IC_CaptureCallback
 .text.HAL_TIM_PWM_PulseFinishedCallback
                0x0000000008001e60        0x4 build/stm32l0xx_hal_tim.o
                0x0000000008001e60                HAL_TIM_PWM_PulseFinishedCallback
 .text.HAL_TIM_TriggerCallback
                0x0000000008001e64        0x4 build/stm32l0xx_hal_tim.o
                0x0000000008001e64                HAL_TIM_TriggerCallback
 .text.HAL_TIM_IRQHandler
                0x0000000008001e68      0x120 build/stm32l0xx_hal_tim.o
                0x0000000008001e68                HAL_TIM_IRQHandler
 .text.UART_SetConfig
                0x0000000008001f88      0x390 build/stm32l0xx_hal_uart.o
                0x0000000008001f88                UART_SetConfig
 .text.UART_AdvFeatureConfig
                0x0000000008002318       0xe0 build/stm32l0xx_hal_uart.o
                0x0000000008002318                UART_AdvFeatureConfig
 .text.UART_WaitOnFlagUntilTimeout
                0x00000000080023f8       0x68 build/stm32l0xx_hal_uart.o
                0x00000000080023f8                UART_WaitOnFlagUntilTimeout
 .text.UART_CheckIdleState
                0x0000000008002460       0x6c build/stm32l0xx_hal_uart.o
                0x0000000008002460                UART_CheckIdleState
 .text.HAL_UART_Init
                0x00000000080024cc       0x6c build/stm32l0xx_hal_uart.o
                0x00000000080024cc                HAL_UART_Init
 .text.SystemInit
                0x0000000008002538       0x5c build/system_stm32l0xx.o
                0x0000000008002538                SystemInit
 .text.Reset_Handler
                0x0000000008002594       0x50 build/startup_stm32l071xx.o
                0x0000000008002594                Reset_Handler
 .text.Default_Handler
                0x00000000080025e4        0x2 build/startup_stm32l071xx.o
                0x00000000080025e4                ADC1_COMP_IRQHandler
                0x00000000080025e4                TIM6_IRQHandler
                0x00000000080025e4                PVD_IRQHandler
                0x00000000080025e4                I2C1_IRQHandler
                0x00000000080025e4                SPI1_IRQHandler
                0x00000000080025e4                EXTI2_3_IRQHandler
                0x00000000080025e4                I2C2_IRQHandler
                0x00000000080025e4                RTC_IRQHandler
                0x00000000080025e4                DMA1_Channel4_5_6_7_IRQHandler
                0x00000000080025e4                TIM3_IRQHandler
                0x00000000080025e4                EXTI4_15_IRQHandler
                0x00000000080025e4                RCC_IRQHandler
                0x00000000080025e4                DMA1_Channel1_IRQHandler
                0x00000000080025e4                USART4_5_IRQHandler
                0x00000000080025e4                Default_Handler
                0x00000000080025e4                TIM22_IRQHandler
                0x00000000080025e4                TIM7_IRQHandler
                0x00000000080025e4                EXTI0_1_IRQHandler
                0x00000000080025e4                I2C3_IRQHandler
                0x00000000080025e4                SPI2_IRQHandler
                0x00000000080025e4                TIM21_IRQHandler
                0x00000000080025e4                WWDG_IRQHandler
                0x00000000080025e4                LPUART1_IRQHandler
                0x00000000080025e4                DMA1_Channel2_3_IRQHandler
                0x00000000080025e4                USART2_IRQHandler
                0x00000000080025e4                FLASH_IRQHandler
                0x00000000080025e4                USART1_IRQHandler
                0x00000000080025e4                LPTIM1_IRQHandler
 *fill*         0x00000000080025e6        0x2 
 .text.__libc_init_array
                0x00000000080025e8       0x4c /usr/lib/gcc/arm-none-eabi/4.9.3/../../../arm-none-eabi/lib/armv6-m/libc_nano.a(lib_a-init.o)
                0x00000000080025e8                __libc_init_array
 *(.glue_7)
 .glue_7        0x0000000008002634        0x0 linker stubs
 *(.glue_7t)
 .glue_7t       0x0000000008002634        0x0 linker stubs
 *(.eh_frame)
 .eh_frame      0x0000000008002634        0x0 /usr/lib/gcc/arm-none-eabi/4.9.3/armv6-m/crtbegin.o
 *(.init)
 .init          0x0000000008002634        0x4 /usr/lib/gcc/arm-none-eabi/4.9.3/armv6-m/crti.o
                0x0000000008002634                _init
 .init          0x0000000008002638        0x8 /usr/lib/gcc/arm-none-eabi/4.9.3/armv6-m/crtn.o
 *(.fini)
 .fini          0x0000000008002640        0x4 /usr/lib/gcc/arm-none-eabi/4.9.3/armv6-m/crti.o
                0x0000000008002640                _fini
 .fini          0x0000000008002644        0x8 /usr/lib/gcc/arm-none-eabi/4.9.3/armv6-m/crtn.o
                0x000000000800264c                . = ALIGN (0x4)
                0x000000000800264c                _etext = .

.vfp11_veneer   0x000000000800264c        0x0
 .vfp11_veneer  0x000000000800264c        0x0 linker stubs

.v4_bx          0x000000000800264c        0x0
 .v4_bx         0x000000000800264c        0x0 linker stubs

.iplt           0x000000000800264c        0x0
 .iplt          0x000000000800264c        0x0 /usr/lib/gcc/arm-none-eabi/4.9.3/armv6-m/crtbegin.o

.rodata         0x000000000800264c       0x6c
                0x000000000800264c                . = ALIGN (0x4)
 *(.rodata)
 *(.rodata*)
 .rodata.UART_SetConfig
                0x000000000800264c       0x48 build/stm32l0xx_hal_uart.o
 .rodata.AHBPrescTable
                0x0000000008002694       0x10 build/system_stm32l0xx.o
                0x0000000008002694                AHBPrescTable
 .rodata.APBPrescTable
                0x00000000080026a4        0x8 build/system_stm32l0xx.o
                0x00000000080026a4                APBPrescTable
 .rodata.PLLMulTable
                0x00000000080026ac        0x9 build/system_stm32l0xx.o
                0x00000000080026ac                PLLMulTable
                0x00000000080026b8                . = ALIGN (0x4)
 *fill*         0x00000000080026b5        0x3 

.ARM.extab
 *(.ARM.extab* .gnu.linkonce.armextab.*)

.ARM            0x00000000080026b8        0x8
                0x00000000080026b8                __exidx_start = .
 *(.ARM.exidx*)
 .ARM.exidx     0x00000000080026b8        0x8 /usr/lib/gcc/arm-none-eabi/4.9.3/armv6-m/libgcc.a(_divdi3.o)
 .ARM.exidx     0x00000000080026c0        0x0 /usr/lib/gcc/arm-none-eabi/4.9.3/armv6-m/libgcc.a(_udivdi3.o)
                                          0x8 (size before relaxing)
                0x00000000080026c0                __exidx_end = .

.rel.dyn        0x00000000080026c0        0x0
 .rel.iplt      0x00000000080026c0        0x0 /usr/lib/gcc/arm-none-eabi/4.9.3/armv6-m/crtbegin.o

.preinit_array  0x00000000080026c0        0x0
                0x00000000080026c0                PROVIDE (__preinit_array_start, .)
 *(.preinit_array*)
                0x00000000080026c0                PROVIDE (__preinit_array_end, .)

.init_array     0x00000000080026c0        0x4
                0x00000000080026c0                PROVIDE (__init_array_start, .)
 *(SORT(.init_array.*))
 *(.init_array*)
 .init_array    0x00000000080026c0        0x4 /usr/lib/gcc/arm-none-eabi/4.9.3/armv6-m/crtbegin.o
                0x00000000080026c4                PROVIDE (__init_array_end, .)

.fini_array     0x00000000080026c4        0x4
                0x00000000080026c4                PROVIDE (__fini_array_start, .)
 *(SORT(.fini_array.*))
 *(.fini_array*)
 .fini_array    0x00000000080026c4        0x4 /usr/lib/gcc/arm-none-eabi/4.9.3/armv6-m/crtbegin.o
                0x00000000080026c8                PROVIDE (__fini_array_end, .)
                0x00000000080026c8                _sidata = LOADADDR (.data)

.data           0x0000000020000000        0x4 load address 0x00000000080026c8
                0x0000000020000000                . = ALIGN (0x4)
                0x0000000020000000                _sdata = .
 *(.data)
 *(.data*)
 .data.SystemCoreClock
                0x0000000020000000        0x4 build/system_stm32l0xx.o
                0x0000000020000000                SystemCoreClock
                0x0000000020000004                . = ALIGN (0x4)
                0x0000000020000004                _edata = .

.jcr            0x0000000020000004        0x0 load address 0x00000000080026cc
 .jcr           0x0000000020000004        0x0 /usr/lib/gcc/arm-none-eabi/4.9.3/armv6-m/crtbegin.o

.tm_clone_table
                0x0000000020000004        0x0 load address 0x00000000080026cc
 .tm_clone_table
                0x0000000020000004        0x0 /usr/lib/gcc/arm-none-eabi/4.9.3/armv6-m/crtbegin.o
 .tm_clone_table
                0x0000000020000004        0x0 /usr/lib/gcc/arm-none-eabi/4.9.3/armv6-m/crtend.o

.igot.plt       0x0000000020000004        0x0 load address 0x00000000080026cc
 .igot.plt      0x0000000020000004        0x0 /usr/lib/gcc/arm-none-eabi/4.9.3/armv6-m/crtbegin.o
                0x0000000020000004                . = ALIGN (0x4)

.bss            0x0000000020000004      0x27c load address 0x00000000080026cc
                0x0000000020000004                _sbss = .
                0x0000000020000004                __bss_start__ = _sbss
 *(.bss)
 .bss           0x0000000020000004       0x1c /usr/lib/gcc/arm-none-eabi/4.9.3/armv6-m/crtbegin.o
 *(.bss*)
 .bss.one_second_timer_flag
                0x0000000020000020        0x4 build/one_second_timer_object.o
 .bss.seconds_counter
                0x0000000020000024        0x4 build/one_second_timer_object.o
 *(COMMON)
 COMMON         0x0000000020000028       0x3c build/tim.o
                0x0000000020000028                htim2
 COMMON         0x0000000020000064       0x5c build/adc.o
                0x0000000020000064                hadc
 COMMON         0x00000000200000c0       0xe4 build/i2c.o
                0x00000000200000c0                hi2c3
                0x000000002000010c                hi2c1
                0x0000000020000158                hi2c2
 COMMON         0x00000000200001a4       0x58 build/spi.o
                0x00000000200001a4                hspi1
 COMMON         0x00000000200001fc       0x80 build/usart.o
                0x00000000200001fc                huart1
 COMMON         0x000000002000027c        0x4 build/stm32l0xx_hal.o
                0x000000002000027c                uwTick
                0x0000000020000280                . = ALIGN (0x4)
                0x0000000020000280                _ebss = .
                0x0000000020000280                __bss_end__ = _ebss

._user_heap_stack
                0x0000000020000280      0xc00 load address 0x00000000080026cc
                0x0000000020000280                . = ALIGN (0x8)
                [!provide]                        PROVIDE (end, .)
                [!provide]                        PROVIDE (_end, .)
                0x0000000020000680                . = (. + _Min_Heap_Size)
 *fill*         0x0000000020000280      0x400 
                0x0000000020000e80                . = (. + _Min_Stack_Size)
 *fill*         0x0000000020000680      0x800 
                0x0000000020000e80                . = ALIGN (0x8)

/DISCARD/
 libc.a(*)
 libm.a(*)
 libgcc.a(*)

.ARM.attributes
                0x0000000000000000       0x28
 *(.ARM.attributes)
 .ARM.attributes
                0x0000000000000000       0x1e /usr/lib/gcc/arm-none-eabi/4.9.3/armv6-m/crti.o
 .ARM.attributes
                0x000000000000001e       0x2c /usr/lib/gcc/arm-none-eabi/4.9.3/armv6-m/crtbegin.o
 .ARM.attributes
                0x000000000000004a       0x32 build/main.o
 .ARM.attributes
                0x000000000000007c       0x32 build/gpio.o
 .ARM.attributes
                0x00000000000000ae       0x32 build/tim.o
 .ARM.attributes
                0x00000000000000e0       0x32 build/adc.o
 .ARM.attributes
                0x0000000000000112       0x32 build/i2c.o
 .ARM.attributes
                0x0000000000000144       0x32 build/spi.o
 .ARM.attributes
                0x0000000000000176       0x32 build/usart.o
 .ARM.attributes
                0x00000000000001a8       0x32 build/stm32l0xx_it.o
 .ARM.attributes
                0x00000000000001da       0x32 build/stm32l0xx_hal_msp.o
 .ARM.attributes
                0x000000000000020c       0x32 build/one_second_timer_object.o
 .ARM.attributes
                0x000000000000023e       0x32 build/stm32l0xx_hal_adc.o
 .ARM.attributes
                0x0000000000000270       0x32 build/stm32l0xx_hal.o
 .ARM.attributes
                0x00000000000002a2       0x32 build/stm32l0xx_hal_i2c.o
 .ARM.attributes
                0x00000000000002d4       0x32 build/stm32l0xx_hal_i2c_ex.o
 .ARM.attributes
                0x0000000000000306       0x32 build/stm32l0xx_hal_rcc.o
 .ARM.attributes
                0x0000000000000338       0x32 build/stm32l0xx_hal_rcc_ex.o
 .ARM.attributes
                0x000000000000036a       0x32 build/stm32l0xx_hal_gpio.o
 .ARM.attributes
                0x000000000000039c       0x32 build/stm32l0xx_hal_cortex.o
 .ARM.attributes
                0x00000000000003ce       0x32 build/stm32l0xx_hal_spi.o
 .ARM.attributes
                0x0000000000000400       0x32 build/stm32l0xx_hal_tim.o
 .ARM.attributes
                0x0000000000000432       0x32 build/stm32l0xx_hal_uart.o
 .ARM.attributes
                0x0000000000000464       0x32 build/system_stm32l0xx.o
 .ARM.attributes
                0x0000000000000496       0x22 build/startup_stm32l071xx.o
 .ARM.attributes
                0x00000000000004b8       0x2c /usr/lib/gcc/arm-none-eabi/4.9.3/../../../arm-none-eabi/lib/armv6-m/libc_nano.a(lib_a-init.o)
 .ARM.attributes
                0x00000000000004e4       0x1e /usr/lib/gcc/arm-none-eabi/4.9.3/armv6-m/libgcc.a(_udivsi3.o)
 .ARM.attributes
                0x0000000000000502       0x1e /usr/lib/gcc/arm-none-eabi/4.9.3/armv6-m/libgcc.a(_dvmd_tls.o)
 .ARM.attributes
                0x0000000000000520       0x1e /usr/lib/gcc/arm-none-eabi/4.9.3/armv6-m/libgcc.a(_aeabi_uldivmod.o)
 .ARM.attributes
                0x000000000000053e       0x2c /usr/lib/gcc/arm-none-eabi/4.9.3/armv6-m/libgcc.a(bpabi.o)
 .ARM.attributes
                0x000000000000056a       0x1e /usr/lib/gcc/arm-none-eabi/4.9.3/armv6-m/libgcc.a(_clzsi2.o)
 .ARM.attributes
                0x0000000000000588       0x2c /usr/lib/gcc/arm-none-eabi/4.9.3/armv6-m/libgcc.a(_muldi3.o)
 .ARM.attributes
                0x00000000000005b4       0x2c /usr/lib/gcc/arm-none-eabi/4.9.3/armv6-m/libgcc.a(_divdi3.o)
 .ARM.attributes
                0x00000000000005e0       0x2c /usr/lib/gcc/arm-none-eabi/4.9.3/armv6-m/libgcc.a(_udivdi3.o)
 .ARM.attributes
                0x000000000000060c       0x1e /usr/lib/gcc/arm-none-eabi/4.9.3/armv6-m/libgcc.a(_clzdi2.o)
 .ARM.attributes
                0x000000000000062a       0x2c /usr/lib/gcc/arm-none-eabi/4.9.3/armv6-m/crtend.o
 .ARM.attributes
                0x0000000000000656       0x1e /usr/lib/gcc/arm-none-eabi/4.9.3/armv6-m/crtn.o
OUTPUT(build/vihr_l071test_aux.elf elf32-littlearm)

.comment        0x0000000000000000       0x70
 .comment       0x0000000000000000       0x38 /usr/lib/gcc/arm-none-eabi/4.9.3/armv6-m/crtbegin.o
                                         0x39 (size before relaxing)
 .comment       0x0000000000000038       0x39 build/main.o
 .comment       0x0000000000000038       0x39 build/gpio.o
 .comment       0x0000000000000038       0x39 build/tim.o
 .comment       0x0000000000000038       0x39 build/adc.o
 .comment       0x0000000000000038       0x39 build/i2c.o
 .comment       0x0000000000000038       0x39 build/spi.o
 .comment       0x0000000000000038       0x39 build/usart.o
 .comment       0x0000000000000038       0x39 build/stm32l0xx_it.o
 .comment       0x0000000000000038       0x39 build/stm32l0xx_hal_msp.o
 .comment       0x0000000000000038       0x39 build/one_second_timer_object.o
 .comment       0x0000000000000038       0x39 build/stm32l0xx_hal_adc.o
 .comment       0x0000000000000038       0x39 build/stm32l0xx_hal.o
 .comment       0x0000000000000038       0x39 build/stm32l0xx_hal_i2c.o
 .comment       0x0000000000000038       0x39 build/stm32l0xx_hal_i2c_ex.o
 .comment       0x0000000000000038       0x39 build/stm32l0xx_hal_rcc.o
 .comment       0x0000000000000038       0x39 build/stm32l0xx_hal_rcc_ex.o
 .comment       0x0000000000000038       0x39 build/stm32l0xx_hal_gpio.o
 .comment       0x0000000000000038       0x39 build/stm32l0xx_hal_cortex.o
 .comment       0x0000000000000038       0x39 build/stm32l0xx_hal_spi.o
 .comment       0x0000000000000038       0x39 build/stm32l0xx_hal_tim.o
 .comment       0x0000000000000038       0x39 build/stm32l0xx_hal_uart.o
 .comment       0x0000000000000038       0x39 build/system_stm32l0xx.o
 .comment       0x0000000000000038       0x38 /usr/lib/gcc/arm-none-eabi/4.9.3/../../../arm-none-eabi/lib/armv6-m/libc_nano.a(lib_a-init.o)
                                         0x39 (size before relaxing)
 .comment       0x0000000000000070       0x39 /usr/lib/gcc/arm-none-eabi/4.9.3/armv6-m/libgcc.a(bpabi.o)
 .comment       0x0000000000000070       0x39 /usr/lib/gcc/arm-none-eabi/4.9.3/armv6-m/libgcc.a(_muldi3.o)
 .comment       0x0000000000000070       0x39 /usr/lib/gcc/arm-none-eabi/4.9.3/armv6-m/libgcc.a(_divdi3.o)
 .comment       0x0000000000000070       0x39 /usr/lib/gcc/arm-none-eabi/4.9.3/armv6-m/libgcc.a(_udivdi3.o)
 .comment       0x0000000000000070       0x39 /usr/lib/gcc/arm-none-eabi/4.9.3/armv6-m/crtend.o

.debug_info     0x0000000000000000    0x14e84
 .debug_info    0x0000000000000000      0xaa5 build/main.o
 .debug_info    0x0000000000000aa5      0x46f build/gpio.o
 .debug_info    0x0000000000000f14      0xa8a build/tim.o
 .debug_info    0x000000000000199e      0xa46 build/adc.o
 .debug_info    0x00000000000023e4      0xc9d build/i2c.o
 .debug_info    0x0000000000003081      0x99c build/spi.o
 .debug_info    0x0000000000003a1d      0xa27 build/usart.o
 .debug_info    0x0000000000004444      0x6a4 build/stm32l0xx_it.o
 .debug_info    0x0000000000004ae8      0x1fe build/stm32l0xx_hal_msp.o
 .debug_info    0x0000000000004ce6      0x6e6 build/one_second_timer_object.o
 .debug_info    0x00000000000053cc      0xfcc build/stm32l0xx_hal_adc.o
 .debug_info    0x0000000000006398      0x8ba build/stm32l0xx_hal.o
 .debug_info    0x0000000000006c52     0x3a2c build/stm32l0xx_hal_i2c.o
 .debug_info    0x000000000000a67e      0x928 build/stm32l0xx_hal_i2c_ex.o
 .debug_info    0x000000000000afa6      0xc50 build/stm32l0xx_hal_rcc.o
 .debug_info    0x000000000000bbf6      0x5b3 build/stm32l0xx_hal_rcc_ex.o
 .debug_info    0x000000000000c1a9      0x697 build/stm32l0xx_hal_gpio.o
 .debug_info    0x000000000000c840      0x9ad build/stm32l0xx_hal_cortex.o
 .debug_info    0x000000000000d1ed     0x1cd2 build/stm32l0xx_hal_spi.o
 .debug_info    0x000000000000eebf     0x32d5 build/stm32l0xx_hal_tim.o
 .debug_info    0x0000000000012194     0x1ca6 build/stm32l0xx_hal_uart.o
 .debug_info    0x0000000000013e3a      0x3b1 build/system_stm32l0xx.o
 .debug_info    0x00000000000141eb       0x77 build/startup_stm32l071xx.o
 .debug_info    0x0000000000014262      0x105 /usr/lib/gcc/arm-none-eabi/4.9.3/../../../arm-none-eabi/lib/armv6-m/libc_nano.a(lib_a-init.o)
 .debug_info    0x0000000000014367       0xb9 /usr/lib/gcc/arm-none-eabi/4.9.3/armv6-m/libgcc.a(_udivsi3.o)
 .debug_info    0x0000000000014420       0xb9 /usr/lib/gcc/arm-none-eabi/4.9.3/armv6-m/libgcc.a(_dvmd_tls.o)
 .debug_info    0x00000000000144d9       0xb9 /usr/lib/gcc/arm-none-eabi/4.9.3/armv6-m/libgcc.a(_aeabi_uldivmod.o)
 .debug_info    0x0000000000014592      0x15e /usr/lib/gcc/arm-none-eabi/4.9.3/armv6-m/libgcc.a(bpabi.o)
 .debug_info    0x00000000000146f0       0xb9 /usr/lib/gcc/arm-none-eabi/4.9.3/armv6-m/libgcc.a(_clzsi2.o)
 .debug_info    0x00000000000147a9      0x1fa /usr/lib/gcc/arm-none-eabi/4.9.3/armv6-m/libgcc.a(_muldi3.o)
 .debug_info    0x00000000000149a3      0x261 /usr/lib/gcc/arm-none-eabi/4.9.3/armv6-m/libgcc.a(_divdi3.o)
 .debug_info    0x0000000000014c04      0x1c7 /usr/lib/gcc/arm-none-eabi/4.9.3/armv6-m/libgcc.a(_udivdi3.o)
 .debug_info    0x0000000000014dcb       0xb9 /usr/lib/gcc/arm-none-eabi/4.9.3/armv6-m/libgcc.a(_clzdi2.o)

.debug_abbrev   0x0000000000000000     0x2ea6
 .debug_abbrev  0x0000000000000000      0x204 build/main.o
 .debug_abbrev  0x0000000000000204      0x146 build/gpio.o
 .debug_abbrev  0x000000000000034a      0x1de build/tim.o
 .debug_abbrev  0x0000000000000528      0x1d6 build/adc.o
 .debug_abbrev  0x00000000000006fe      0x1e7 build/i2c.o
 .debug_abbrev  0x00000000000008e5      0x1c7 build/spi.o
 .debug_abbrev  0x0000000000000aac      0x1c7 build/usart.o
 .debug_abbrev  0x0000000000000c73      0x1a0 build/stm32l0xx_it.o
 .debug_abbrev  0x0000000000000e13       0x90 build/stm32l0xx_hal_msp.o
 .debug_abbrev  0x0000000000000ea3      0x191 build/one_second_timer_object.o
 .debug_abbrev  0x0000000000001034      0x263 build/stm32l0xx_hal_adc.o
 .debug_abbrev  0x0000000000001297      0x251 build/stm32l0xx_hal.o
 .debug_abbrev  0x00000000000014e8      0x2a4 build/stm32l0xx_hal_i2c.o
 .debug_abbrev  0x000000000000178c      0x18f build/stm32l0xx_hal_i2c_ex.o
 .debug_abbrev  0x000000000000191b      0x28e build/stm32l0xx_hal_rcc.o
 .debug_abbrev  0x0000000000001ba9      0x1a5 build/stm32l0xx_hal_rcc_ex.o
 .debug_abbrev  0x0000000000001d4e      0x1fe build/stm32l0xx_hal_gpio.o
 .debug_abbrev  0x0000000000001f4c      0x223 build/stm32l0xx_hal_cortex.o
 .debug_abbrev  0x000000000000216f      0x2b5 build/stm32l0xx_hal_spi.o
 .debug_abbrev  0x0000000000002424      0x25b build/stm32l0xx_hal_tim.o
 .debug_abbrev  0x000000000000267f      0x270 build/stm32l0xx_hal_uart.o
 .debug_abbrev  0x00000000000028ef       0xf2 build/system_stm32l0xx.o
 .debug_abbrev  0x00000000000029e1       0x12 build/startup_stm32l071xx.o
 .debug_abbrev  0x00000000000029f3       0xba /usr/lib/gcc/arm-none-eabi/4.9.3/../../../arm-none-eabi/lib/armv6-m/libc_nano.a(lib_a-init.o)
 .debug_abbrev  0x0000000000002aad       0x14 /usr/lib/gcc/arm-none-eabi/4.9.3/armv6-m/libgcc.a(_udivsi3.o)
 .debug_abbrev  0x0000000000002ac1       0x14 /usr/lib/gcc/arm-none-eabi/4.9.3/armv6-m/libgcc.a(_dvmd_tls.o)
 .debug_abbrev  0x0000000000002ad5       0x14 /usr/lib/gcc/arm-none-eabi/4.9.3/armv6-m/libgcc.a(_aeabi_uldivmod.o)
 .debug_abbrev  0x0000000000002ae9       0xb7 /usr/lib/gcc/arm-none-eabi/4.9.3/armv6-m/libgcc.a(bpabi.o)
 .debug_abbrev  0x0000000000002ba0       0x14 /usr/lib/gcc/arm-none-eabi/4.9.3/armv6-m/libgcc.a(_clzsi2.o)
 .debug_abbrev  0x0000000000002bb4       0xef /usr/lib/gcc/arm-none-eabi/4.9.3/armv6-m/libgcc.a(_muldi3.o)
 .debug_abbrev  0x0000000000002ca3      0x128 /usr/lib/gcc/arm-none-eabi/4.9.3/armv6-m/libgcc.a(_divdi3.o)
 .debug_abbrev  0x0000000000002dcb       0xc7 /usr/lib/gcc/arm-none-eabi/4.9.3/armv6-m/libgcc.a(_udivdi3.o)
 .debug_abbrev  0x0000000000002e92       0x14 /usr/lib/gcc/arm-none-eabi/4.9.3/armv6-m/libgcc.a(_clzdi2.o)

.debug_loc      0x0000000000000000     0xfbdc
 .debug_loc     0x0000000000000000       0x4d build/main.o
 .debug_loc     0x000000000000004d       0x2c build/gpio.o
 .debug_loc     0x0000000000000079       0x6d build/tim.o
 .debug_loc     0x00000000000000e6       0xba build/adc.o
 .debug_loc     0x00000000000001a0      0x15f build/i2c.o
 .debug_loc     0x00000000000002ff       0xae build/spi.o
 .debug_loc     0x00000000000003ad       0xae build/usart.o
 .debug_loc     0x000000000000045b       0x81 build/stm32l0xx_it.o
 .debug_loc     0x00000000000004dc       0x60 build/one_second_timer_object.o
 .debug_loc     0x000000000000053c      0xdbd build/stm32l0xx_hal_adc.o
 .debug_loc     0x00000000000012f9      0x189 build/stm32l0xx_hal.o
 .debug_loc     0x0000000000001482     0x4119 build/stm32l0xx_hal_i2c.o
 .debug_loc     0x000000000000559b      0x2ad build/stm32l0xx_hal_i2c_ex.o
 .debug_loc     0x0000000000005848      0x83f build/stm32l0xx_hal_rcc.o
 .debug_loc     0x0000000000006087      0x8e1 build/stm32l0xx_hal_rcc_ex.o
 .debug_loc     0x0000000000006968      0x328 build/stm32l0xx_hal_gpio.o
 .debug_loc     0x0000000000006c90      0x2e9 build/stm32l0xx_hal_cortex.o
 .debug_loc     0x0000000000006f79     0x1f0b build/stm32l0xx_hal_spi.o
 .debug_loc     0x0000000000008e84     0x430a build/stm32l0xx_hal_tim.o
 .debug_loc     0x000000000000d18e     0x1cb0 build/stm32l0xx_hal_uart.o
 .debug_loc     0x000000000000ee3e      0x137 build/system_stm32l0xx.o
 .debug_loc     0x000000000000ef75       0x3c /usr/lib/gcc/arm-none-eabi/4.9.3/../../../arm-none-eabi/lib/armv6-m/libc_nano.a(lib_a-init.o)
 .debug_loc     0x000000000000efb1       0xe0 /usr/lib/gcc/arm-none-eabi/4.9.3/armv6-m/libgcc.a(bpabi.o)
 .debug_loc     0x000000000000f091      0x191 /usr/lib/gcc/arm-none-eabi/4.9.3/armv6-m/libgcc.a(_muldi3.o)
 .debug_loc     0x000000000000f222      0x541 /usr/lib/gcc/arm-none-eabi/4.9.3/armv6-m/libgcc.a(_divdi3.o)
 .debug_loc     0x000000000000f763      0x479 /usr/lib/gcc/arm-none-eabi/4.9.3/armv6-m/libgcc.a(_udivdi3.o)

.debug_aranges  0x0000000000000000     0x11a0
 .debug_aranges
                0x0000000000000000       0x30 build/main.o
 .debug_aranges
                0x0000000000000030       0x20 build/gpio.o
 .debug_aranges
                0x0000000000000050       0x30 build/tim.o
 .debug_aranges
                0x0000000000000080       0x30 build/adc.o
 .debug_aranges
                0x00000000000000b0       0x40 build/i2c.o
 .debug_aranges
                0x00000000000000f0       0x30 build/spi.o
 .debug_aranges
                0x0000000000000120       0x30 build/usart.o
 .debug_aranges
                0x0000000000000150       0x50 build/stm32l0xx_it.o
 .debug_aranges
                0x00000000000001a0       0x20 build/stm32l0xx_hal_msp.o
 .debug_aranges
                0x00000000000001c0       0x58 build/one_second_timer_object.o
 .debug_aranges
                0x0000000000000218      0x100 build/stm32l0xx_hal_adc.o
 .debug_aranges
                0x0000000000000318       0xf8 build/stm32l0xx_hal.o
 .debug_aranges
                0x0000000000000410      0x288 build/stm32l0xx_hal_i2c.o
 .debug_aranges
                0x0000000000000698       0x48 build/stm32l0xx_hal_i2c_ex.o
 .debug_aranges
                0x00000000000006e0       0x80 build/stm32l0xx_hal_rcc.o
 .debug_aranges
                0x0000000000000760       0x58 build/stm32l0xx_hal_rcc_ex.o
 .debug_aranges
                0x00000000000007b8       0x58 build/stm32l0xx_hal_gpio.o
 .debug_aranges
                0x0000000000000810       0x90 build/stm32l0xx_hal_cortex.o
 .debug_aranges
                0x00000000000008a0      0x1d0 build/stm32l0xx_hal_spi.o
 .debug_aranges
                0x0000000000000a70      0x3a8 build/stm32l0xx_hal_tim.o
 .debug_aranges
                0x0000000000000e18      0x1f8 build/stm32l0xx_hal_uart.o
 .debug_aranges
                0x0000000000001010       0x28 build/system_stm32l0xx.o
 .debug_aranges
                0x0000000000001038       0x28 build/startup_stm32l071xx.o
 .debug_aranges
                0x0000000000001060       0x20 /usr/lib/gcc/arm-none-eabi/4.9.3/../../../arm-none-eabi/lib/armv6-m/libc_nano.a(lib_a-init.o)
 .debug_aranges
                0x0000000000001080       0x20 /usr/lib/gcc/arm-none-eabi/4.9.3/armv6-m/libgcc.a(_udivsi3.o)
 .debug_aranges
                0x00000000000010a0       0x20 /usr/lib/gcc/arm-none-eabi/4.9.3/armv6-m/libgcc.a(_dvmd_tls.o)
 .debug_aranges
                0x00000000000010c0       0x20 /usr/lib/gcc/arm-none-eabi/4.9.3/armv6-m/libgcc.a(_aeabi_uldivmod.o)
 .debug_aranges
                0x00000000000010e0       0x20 /usr/lib/gcc/arm-none-eabi/4.9.3/armv6-m/libgcc.a(bpabi.o)
 .debug_aranges
                0x0000000000001100       0x20 /usr/lib/gcc/arm-none-eabi/4.9.3/armv6-m/libgcc.a(_clzsi2.o)
 .debug_aranges
                0x0000000000001120       0x20 /usr/lib/gcc/arm-none-eabi/4.9.3/armv6-m/libgcc.a(_muldi3.o)
 .debug_aranges
                0x0000000000001140       0x20 /usr/lib/gcc/arm-none-eabi/4.9.3/armv6-m/libgcc.a(_divdi3.o)
 .debug_aranges
                0x0000000000001160       0x20 /usr/lib/gcc/arm-none-eabi/4.9.3/armv6-m/libgcc.a(_udivdi3.o)
 .debug_aranges
                0x0000000000001180       0x20 /usr/lib/gcc/arm-none-eabi/4.9.3/armv6-m/libgcc.a(_clzdi2.o)

.debug_ranges   0x0000000000000000      0xf90
 .debug_ranges  0x0000000000000000       0x20 build/main.o
 .debug_ranges  0x0000000000000020       0x10 build/gpio.o
 .debug_ranges  0x0000000000000030       0x20 build/tim.o
 .debug_ranges  0x0000000000000050       0x20 build/adc.o
 .debug_ranges  0x0000000000000070       0x30 build/i2c.o
 .debug_ranges  0x00000000000000a0       0x20 build/spi.o
 .debug_ranges  0x00000000000000c0       0x20 build/usart.o
 .debug_ranges  0x00000000000000e0       0x40 build/stm32l0xx_it.o
 .debug_ranges  0x0000000000000120       0x10 build/stm32l0xx_hal_msp.o
 .debug_ranges  0x0000000000000130       0x48 build/one_second_timer_object.o
 .debug_ranges  0x0000000000000178       0xf0 build/stm32l0xx_hal_adc.o
 .debug_ranges  0x0000000000000268       0xe8 build/stm32l0xx_hal.o
 .debug_ranges  0x0000000000000350      0x278 build/stm32l0xx_hal_i2c.o
 .debug_ranges  0x00000000000005c8       0x38 build/stm32l0xx_hal_i2c_ex.o
 .debug_ranges  0x0000000000000600       0x88 build/stm32l0xx_hal_rcc.o
 .debug_ranges  0x0000000000000688       0x60 build/stm32l0xx_hal_rcc_ex.o
 .debug_ranges  0x00000000000006e8       0x48 build/stm32l0xx_hal_gpio.o
 .debug_ranges  0x0000000000000730       0x80 build/stm32l0xx_hal_cortex.o
 .debug_ranges  0x00000000000007b0      0x1c0 build/stm32l0xx_hal_spi.o
 .debug_ranges  0x0000000000000970      0x398 build/stm32l0xx_hal_tim.o
 .debug_ranges  0x0000000000000d08      0x1e8 build/stm32l0xx_hal_uart.o
 .debug_ranges  0x0000000000000ef0       0x18 build/system_stm32l0xx.o
 .debug_ranges  0x0000000000000f08       0x20 build/startup_stm32l071xx.o
 .debug_ranges  0x0000000000000f28       0x10 /usr/lib/gcc/arm-none-eabi/4.9.3/../../../arm-none-eabi/lib/armv6-m/libc_nano.a(lib_a-init.o)
 .debug_ranges  0x0000000000000f38       0x28 /usr/lib/gcc/arm-none-eabi/4.9.3/armv6-m/libgcc.a(_muldi3.o)
 .debug_ranges  0x0000000000000f60       0x18 /usr/lib/gcc/arm-none-eabi/4.9.3/armv6-m/libgcc.a(_divdi3.o)
 .debug_ranges  0x0000000000000f78       0x18 /usr/lib/gcc/arm-none-eabi/4.9.3/armv6-m/libgcc.a(_udivdi3.o)

.debug_line     0x0000000000000000     0x6de1
 .debug_line    0x0000000000000000      0x231 build/main.o
 .debug_line    0x0000000000000231      0x117 build/gpio.o
 .debug_line    0x0000000000000348      0x1a8 build/tim.o
 .debug_line    0x00000000000004f0      0x1a9 build/adc.o
 .debug_line    0x0000000000000699      0x20d build/i2c.o
 .debug_line    0x00000000000008a6      0x190 build/spi.o
 .debug_line    0x0000000000000a36      0x191 build/usart.o
 .debug_line    0x0000000000000bc7      0x1fa build/stm32l0xx_it.o
 .debug_line    0x0000000000000dc1       0xdb build/stm32l0xx_hal_msp.o
 .debug_line    0x0000000000000e9c      0x1e5 build/one_second_timer_object.o
 .debug_line    0x0000000000001081      0x65a build/stm32l0xx_hal_adc.o
 .debug_line    0x00000000000016db      0x389 build/stm32l0xx_hal.o
 .debug_line    0x0000000000001a64     0x1482 build/stm32l0xx_hal_i2c.o
 .debug_line    0x0000000000002ee6      0x294 build/stm32l0xx_hal_i2c_ex.o
 .debug_line    0x000000000000317a      0x487 build/stm32l0xx_hal_rcc.o
 .debug_line    0x0000000000003601      0x344 build/stm32l0xx_hal_rcc_ex.o
 .debug_line    0x0000000000003945      0x297 build/stm32l0xx_hal_gpio.o
 .debug_line    0x0000000000003bdc      0x317 build/stm32l0xx_hal_cortex.o
 .debug_line    0x0000000000003ef3      0xb72 build/stm32l0xx_hal_spi.o
 .debug_line    0x0000000000004a65     0x1039 build/stm32l0xx_hal_tim.o
 .debug_line    0x0000000000005a9e      0xca0 build/stm32l0xx_hal_uart.o
 .debug_line    0x000000000000673e      0x12f build/system_stm32l0xx.o
 .debug_line    0x000000000000686d       0x78 build/startup_stm32l071xx.o
 .debug_line    0x00000000000068e5       0xb5 /usr/lib/gcc/arm-none-eabi/4.9.3/../../../arm-none-eabi/lib/armv6-m/libc_nano.a(lib_a-init.o)
 .debug_line    0x000000000000699a       0x6c /usr/lib/gcc/arm-none-eabi/4.9.3/armv6-m/libgcc.a(_udivsi3.o)
 .debug_line    0x0000000000006a06       0x5e /usr/lib/gcc/arm-none-eabi/4.9.3/armv6-m/libgcc.a(_dvmd_tls.o)
 .debug_line    0x0000000000006a64       0x69 /usr/lib/gcc/arm-none-eabi/4.9.3/armv6-m/libgcc.a(_aeabi_uldivmod.o)
 .debug_line    0x0000000000006acd       0x68 /usr/lib/gcc/arm-none-eabi/4.9.3/armv6-m/libgcc.a(bpabi.o)
 .debug_line    0x0000000000006b35       0x72 /usr/lib/gcc/arm-none-eabi/4.9.3/armv6-m/libgcc.a(_clzsi2.o)
 .debug_line    0x0000000000006ba7       0x8d /usr/lib/gcc/arm-none-eabi/4.9.3/armv6-m/libgcc.a(_muldi3.o)
 .debug_line    0x0000000000006c34       0xab /usr/lib/gcc/arm-none-eabi/4.9.3/armv6-m/libgcc.a(_divdi3.o)
 .debug_line    0x0000000000006cdf       0x9a /usr/lib/gcc/arm-none-eabi/4.9.3/armv6-m/libgcc.a(_udivdi3.o)
 .debug_line    0x0000000000006d79       0x68 /usr/lib/gcc/arm-none-eabi/4.9.3/armv6-m/libgcc.a(_clzdi2.o)

.debug_str      0x0000000000000000     0x4b18
 .debug_str     0x0000000000000000      0x8b9 build/main.o
                                        0x9a6 (size before relaxing)
 .debug_str     0x00000000000008b9      0x157 build/gpio.o
                                        0x2da (size before relaxing)
 .debug_str     0x0000000000000a10      0x502 build/tim.o
                                        0x927 (size before relaxing)
 .debug_str     0x0000000000000f12      0x279 build/adc.o
                                        0x754 (size before relaxing)
 .debug_str     0x000000000000118b       0x90 build/i2c.o
                                        0x81a (size before relaxing)
 .debug_str     0x000000000000121b      0x1f9 build/spi.o
                                        0x6fa (size before relaxing)
 .debug_str     0x0000000000001414      0x1b6 build/usart.o
                                        0x708 (size before relaxing)
 .debug_str     0x00000000000015ca      0x102 build/stm32l0xx_it.o
                                        0x619 (size before relaxing)
 .debug_str     0x00000000000016cc       0x24 build/stm32l0xx_hal_msp.o
                                        0x214 (size before relaxing)
 .debug_str     0x00000000000016f0       0xef build/one_second_timer_object.o
                                        0x69e (size before relaxing)
 .debug_str     0x00000000000017df      0x328 build/stm32l0xx_hal_adc.o
                                        0x93a (size before relaxing)
 .debug_str     0x0000000000001b07      0x336 build/stm32l0xx_hal.o
                                        0x783 (size before relaxing)
 .debug_str     0x0000000000001e3d      0x854 build/stm32l0xx_hal_i2c.o
                                        0xf01 (size before relaxing)
 .debug_str     0x0000000000002691       0xb5 build/stm32l0xx_hal_i2c_ex.o
                                        0x80b (size before relaxing)
 .debug_str     0x0000000000002746      0x1d1 build/stm32l0xx_hal_rcc.o
                                        0x690 (size before relaxing)
 .debug_str     0x0000000000002917      0x13a build/stm32l0xx_hal_rcc_ex.o
                                        0x4d4 (size before relaxing)
 .debug_str     0x0000000000002a51       0xc7 build/stm32l0xx_hal_gpio.o
                                        0x421 (size before relaxing)
 .debug_str     0x0000000000002b18      0x289 build/stm32l0xx_hal_cortex.o
                                        0x6e7 (size before relaxing)
 .debug_str     0x0000000000002da1      0x4fb build/stm32l0xx_hal_spi.o
                                        0xb30 (size before relaxing)
 .debug_str     0x000000000000329c      0xcbf build/stm32l0xx_hal_tim.o
                                       0x13b3 (size before relaxing)
 .debug_str     0x0000000000003f5b      0x6b0 build/stm32l0xx_hal_uart.o
                                        0xddf (size before relaxing)
 .debug_str     0x000000000000460b       0x59 build/system_stm32l0xx.o
                                        0x2bd (size before relaxing)
 .debug_str     0x0000000000004664      0x195 /usr/lib/gcc/arm-none-eabi/4.9.3/../../../arm-none-eabi/lib/armv6-m/libc_nano.a(lib_a-init.o)
                                        0x233 (size before relaxing)
 .debug_str     0x00000000000047f9      0x1a8 /usr/lib/gcc/arm-none-eabi/4.9.3/armv6-m/libgcc.a(bpabi.o)
                                        0x1cd (size before relaxing)
 .debug_str     0x00000000000049a1       0x8d /usr/lib/gcc/arm-none-eabi/4.9.3/armv6-m/libgcc.a(_muldi3.o)
                                        0x25e (size before relaxing)
 .debug_str     0x0000000000004a2e       0xea /usr/lib/gcc/arm-none-eabi/4.9.3/armv6-m/libgcc.a(_divdi3.o)
                                        0x258 (size before relaxing)
 .debug_str     0x0000000000004b18      0x235 /usr/lib/gcc/arm-none-eabi/4.9.3/armv6-m/libgcc.a(_udivdi3.o)

.debug_frame    0x0000000000000000     0x3064
 .debug_frame   0x0000000000000000       0x58 build/main.o
 .debug_frame   0x0000000000000058       0x38 build/gpio.o
 .debug_frame   0x0000000000000090       0x58 build/tim.o
 .debug_frame   0x00000000000000e8       0x64 build/adc.o
 .debug_frame   0x000000000000014c       0xac build/i2c.o
 .debug_frame   0x00000000000001f8       0x64 build/spi.o
 .debug_frame   0x000000000000025c       0x64 build/usart.o
 .debug_frame   0x00000000000002c0       0xa4 build/stm32l0xx_it.o
 .debug_frame   0x0000000000000364       0x20 build/stm32l0xx_hal_msp.o
 .debug_frame   0x0000000000000384       0xb4 build/one_second_timer_object.o
 .debug_frame   0x0000000000000438      0x314 build/stm32l0xx_hal_adc.o
 .debug_frame   0x000000000000074c      0x204 build/stm32l0xx_hal.o
 .debug_frame   0x0000000000000950      0x970 build/stm32l0xx_hal_i2c.o
 .debug_frame   0x00000000000012c0       0xb8 build/stm32l0xx_hal_i2c_ex.o
 .debug_frame   0x0000000000001378      0x160 build/stm32l0xx_hal_rcc.o
 .debug_frame   0x00000000000014d8       0xc4 build/stm32l0xx_hal_rcc_ex.o
 .debug_frame   0x000000000000159c       0xe0 build/stm32l0xx_hal_gpio.o
 .debug_frame   0x000000000000167c      0x128 build/stm32l0xx_hal_cortex.o
 .debug_frame   0x00000000000017a4      0x5dc build/stm32l0xx_hal_spi.o
 .debug_frame   0x0000000000001d80      0xb54 build/stm32l0xx_hal_tim.o
 .debug_frame   0x00000000000028d4      0x60c build/stm32l0xx_hal_uart.o
 .debug_frame   0x0000000000002ee0       0x3c build/system_stm32l0xx.o
 .debug_frame   0x0000000000002f1c       0x2c /usr/lib/gcc/arm-none-eabi/4.9.3/../../../arm-none-eabi/lib/armv6-m/libc_nano.a(lib_a-init.o)
 .debug_frame   0x0000000000002f48       0x20 /usr/lib/gcc/arm-none-eabi/4.9.3/armv6-m/libgcc.a(_udivsi3.o)
 .debug_frame   0x0000000000002f68       0x50 /usr/lib/gcc/arm-none-eabi/4.9.3/armv6-m/libgcc.a(bpabi.o)
 .debug_frame   0x0000000000002fb8       0x34 /usr/lib/gcc/arm-none-eabi/4.9.3/armv6-m/libgcc.a(_muldi3.o)
 .debug_frame   0x0000000000002fec       0x3c /usr/lib/gcc/arm-none-eabi/4.9.3/armv6-m/libgcc.a(_divdi3.o)
 .debug_frame   0x0000000000003028       0x3c /usr/lib/gcc/arm-none-eabi/4.9.3/armv6-m/libgcc.a(_udivdi3.o)

Cross Reference Table

Symbol                                            File
ADC1_COMP_IRQHandler                              build/startup_stm32l071xx.o
AHBPrescTable                                     build/system_stm32l0xx.o
                                                  build/stm32l0xx_hal_rcc.o
APBPrescTable                                     build/system_stm32l0xx.o
                                                  build/stm32l0xx_hal_rcc.o
DMA1_Channel1_IRQHandler                          build/startup_stm32l071xx.o
DMA1_Channel2_3_IRQHandler                        build/startup_stm32l071xx.o
DMA1_Channel4_5_6_7_IRQHandler                    build/startup_stm32l071xx.o
Default_Handler                                   build/startup_stm32l071xx.o
EXTI0_1_IRQHandler                                build/startup_stm32l071xx.o
EXTI2_3_IRQHandler                                build/startup_stm32l071xx.o
EXTI4_15_IRQHandler                               build/startup_stm32l071xx.o
Error_Handler                                     build/main.o
                                                  build/usart.o
                                                  build/spi.o
                                                  build/i2c.o
                                                  build/adc.o
FLASH_IRQHandler                                  build/startup_stm32l071xx.o
FLASH_PageErase                                   build/stm32l0xx_hal_flash_ex.o
                                                  build/stm32l0xx_hal_flash.o
FLASH_WaitForLastOperation                        build/stm32l0xx_hal_flash.o
                                                  build/stm32l0xx_hal_flash_ex.o
Font_11x18                                        build/fonts.o
Font_16x26                                        build/fonts.o
Font_7x10                                         build/fonts.o
HAL_ADCEx_Calibration_GetValue                    build/stm32l0xx_hal_adc_ex.o
HAL_ADCEx_Calibration_SetValue                    build/stm32l0xx_hal_adc_ex.o
HAL_ADCEx_Calibration_Start                       build/stm32l0xx_hal_adc_ex.o
HAL_ADCEx_DisableVREFINT                          build/stm32l0xx_hal_adc_ex.o
HAL_ADCEx_DisableVREFINTTempSensor                build/stm32l0xx_hal_adc_ex.o
HAL_ADCEx_EnableVREFINT                           build/stm32l0xx_hal_adc_ex.o
HAL_ADCEx_EnableVREFINTTempSensor                 build/stm32l0xx_hal_adc_ex.o
HAL_ADC_AnalogWDGConfig                           build/stm32l0xx_hal_adc.o
HAL_ADC_ConfigChannel                             build/stm32l0xx_hal_adc.o
                                                  build/adc.o
HAL_ADC_ConvCpltCallback                          build/stm32l0xx_hal_adc.o
HAL_ADC_ConvHalfCpltCallback                      build/stm32l0xx_hal_adc.o
HAL_ADC_DeInit                                    build/stm32l0xx_hal_adc.o
HAL_ADC_ErrorCallback                             build/stm32l0xx_hal_adc.o
HAL_ADC_GetError                                  build/stm32l0xx_hal_adc.o
HAL_ADC_GetState                                  build/stm32l0xx_hal_adc.o
HAL_ADC_GetValue                                  build/stm32l0xx_hal_adc.o
                                                  build/voltmeter_object.o
HAL_ADC_IRQHandler                                build/stm32l0xx_hal_adc.o
HAL_ADC_Init                                      build/stm32l0xx_hal_adc.o
                                                  build/adc.o
HAL_ADC_LevelOutOfWindowCallback                  build/stm32l0xx_hal_adc.o
HAL_ADC_MspDeInit                                 build/adc.o
HAL_ADC_MspInit                                   build/adc.o
HAL_ADC_PollForConversion                         build/stm32l0xx_hal_adc.o
                                                  build/voltmeter_object.o
HAL_ADC_PollForEvent                              build/stm32l0xx_hal_adc.o
HAL_ADC_Start                                     build/stm32l0xx_hal_adc.o
                                                  build/voltmeter_object.o
HAL_ADC_Start_DMA                                 build/stm32l0xx_hal_adc.o
HAL_ADC_Start_IT                                  build/stm32l0xx_hal_adc.o
HAL_ADC_Stop                                      build/stm32l0xx_hal_adc.o
HAL_ADC_Stop_DMA                                  build/stm32l0xx_hal_adc.o
HAL_ADC_Stop_IT                                   build/stm32l0xx_hal_adc.o
HAL_DBGMCU_DBG_DisableLowPowerConfig              build/stm32l0xx_hal.o
HAL_DBGMCU_DBG_EnableLowPowerConfig               build/stm32l0xx_hal.o
HAL_DBGMCU_DisableDBGSleepMode                    build/stm32l0xx_hal.o
HAL_DBGMCU_DisableDBGStandbyMode                  build/stm32l0xx_hal.o
HAL_DBGMCU_DisableDBGStopMode                     build/stm32l0xx_hal.o
HAL_DBGMCU_EnableDBGSleepMode                     build/stm32l0xx_hal.o
HAL_DBGMCU_EnableDBGStandbyMode                   build/stm32l0xx_hal.o
HAL_DBGMCU_EnableDBGStopMode                      build/stm32l0xx_hal.o
HAL_DMA_Abort                                     build/stm32l0xx_hal_dma.o
                                                  build/stm32l0xx_hal_uart.o
                                                  build/stm32l0xx_hal_spi.o
                                                  build/stm32l0xx_hal_adc.o
HAL_DMA_Abort_IT                                  build/stm32l0xx_hal_dma.o
                                                  build/stm32l0xx_hal_uart.o
                                                  build/stm32l0xx_hal_tim.o
                                                  build/stm32l0xx_hal_spi.o
                                                  build/stm32l0xx_hal_i2c.o
HAL_DMA_DeInit                                    build/stm32l0xx_hal_dma.o
HAL_DMA_GetError                                  build/stm32l0xx_hal_dma.o
                                                  build/stm32l0xx_hal_uart.o
HAL_DMA_GetState                                  build/stm32l0xx_hal_dma.o
HAL_DMA_IRQHandler                                build/stm32l0xx_hal_dma.o
HAL_DMA_Init                                      build/stm32l0xx_hal_dma.o
HAL_DMA_PollForTransfer                           build/stm32l0xx_hal_dma.o
HAL_DMA_RegisterCallback                          build/stm32l0xx_hal_dma.o
HAL_DMA_Start                                     build/stm32l0xx_hal_dma.o
HAL_DMA_Start_IT                                  build/stm32l0xx_hal_dma.o
                                                  build/stm32l0xx_hal_uart.o
                                                  build/stm32l0xx_hal_tim.o
                                                  build/stm32l0xx_hal_spi.o
                                                  build/stm32l0xx_hal_i2c.o
                                                  build/stm32l0xx_hal_adc.o
HAL_DMA_UnRegisterCallback                        build/stm32l0xx_hal_dma.o
HAL_DeInit                                        build/stm32l0xx_hal.o
HAL_Delay                                         build/stm32l0xx_hal.o
                                                  build/ssd1306.o
                                                  build/pressure_sensor_object.o
HAL_FLASHEx_AdvOBGetConfig                        build/stm32l0xx_hal_flash_ex.o
HAL_FLASHEx_AdvOBProgram                          build/stm32l0xx_hal_flash_ex.o
HAL_FLASHEx_DATAEEPROM_DisableFixedTimeProgram    build/stm32l0xx_hal_flash_ex.o
HAL_FLASHEx_DATAEEPROM_EnableFixedTimeProgram     build/stm32l0xx_hal_flash_ex.o
HAL_FLASHEx_DATAEEPROM_Erase                      build/stm32l0xx_hal_flash_ex.o
HAL_FLASHEx_DATAEEPROM_Lock                       build/stm32l0xx_hal_flash_ex.o
HAL_FLASHEx_DATAEEPROM_Program                    build/stm32l0xx_hal_flash_ex.o
HAL_FLASHEx_DATAEEPROM_Unlock                     build/stm32l0xx_hal_flash_ex.o
HAL_FLASHEx_DisableRunPowerDown                   build/stm32l0xx_hal_flash_ramfunc.o
HAL_FLASHEx_EnableRunPowerDown                    build/stm32l0xx_hal_flash_ramfunc.o
HAL_FLASHEx_Erase                                 build/stm32l0xx_hal_flash_ex.o
HAL_FLASHEx_EraseParallelPage                     build/stm32l0xx_hal_flash_ramfunc.o
HAL_FLASHEx_Erase_IT                              build/stm32l0xx_hal_flash_ex.o
HAL_FLASHEx_GetError                              build/stm32l0xx_hal_flash_ramfunc.o
HAL_FLASHEx_HalfPageProgram                       build/stm32l0xx_hal_flash_ramfunc.o
HAL_FLASHEx_OBGetConfig                           build/stm32l0xx_hal_flash_ex.o
HAL_FLASHEx_OBProgram                             build/stm32l0xx_hal_flash_ex.o
HAL_FLASHEx_OB_DeSelectPCROP                      build/stm32l0xx_hal_flash_ex.o
HAL_FLASHEx_OB_SelectPCROP                        build/stm32l0xx_hal_flash_ex.o
HAL_FLASHEx_ProgramParallelHalfPage               build/stm32l0xx_hal_flash_ramfunc.o
HAL_FLASH_EndOfOperationCallback                  build/stm32l0xx_hal_flash.o
HAL_FLASH_GetError                                build/stm32l0xx_hal_flash.o
HAL_FLASH_IRQHandler                              build/stm32l0xx_hal_flash.o
HAL_FLASH_Lock                                    build/stm32l0xx_hal_flash.o
HAL_FLASH_OB_Launch                               build/stm32l0xx_hal_flash.o
HAL_FLASH_OB_Lock                                 build/stm32l0xx_hal_flash.o
HAL_FLASH_OB_Unlock                               build/stm32l0xx_hal_flash.o
HAL_FLASH_OperationErrorCallback                  build/stm32l0xx_hal_flash.o
HAL_FLASH_Program                                 build/stm32l0xx_hal_flash.o
HAL_FLASH_Program_IT                              build/stm32l0xx_hal_flash.o
HAL_FLASH_Unlock                                  build/stm32l0xx_hal_flash.o
HAL_GPIO_DeInit                                   build/stm32l0xx_hal_gpio.o
                                                  build/usart.o
                                                  build/spi.o
                                                  build/i2c.o
                                                  build/adc.o
HAL_GPIO_EXTI_Callback                            build/stm32l0xx_hal_gpio.o
HAL_GPIO_EXTI_IRQHandler                          build/stm32l0xx_hal_gpio.o
HAL_GPIO_Init                                     build/stm32l0xx_hal_gpio.o
                                                  build/stm32l0xx_hal_rcc.o
                                                  build/usart.o
                                                  build/spi.o
                                                  build/i2c.o
                                                  build/adc.o
                                                  build/gpio.o
HAL_GPIO_LockPin                                  build/stm32l0xx_hal_gpio.o
HAL_GPIO_ReadPin                                  build/stm32l0xx_hal_gpio.o
HAL_GPIO_TogglePin                                build/stm32l0xx_hal_gpio.o
HAL_GPIO_WritePin                                 build/stm32l0xx_hal_gpio.o
                                                  build/depth_switch_object.o
                                                  build/gpio.o
HAL_GetDEVID                                      build/stm32l0xx_hal.o
HAL_GetHalVersion                                 build/stm32l0xx_hal.o
HAL_GetREVID                                      build/stm32l0xx_hal.o
HAL_GetTick                                       build/stm32l0xx_hal.o
                                                  build/stm32l0xx_hal_uart_ex.o
                                                  build/stm32l0xx_hal_uart.o
                                                  build/stm32l0xx_hal_spi.o
                                                  build/stm32l0xx_hal_dma.o
                                                  build/stm32l0xx_hal_flash.o
                                                  build/stm32l0xx_hal_rcc_ex.o
                                                  build/stm32l0xx_hal_rcc.o
                                                  build/stm32l0xx_hal_i2c.o
                                                  build/stm32l0xx_hal_adc_ex.o
                                                  build/stm32l0xx_hal_adc.o
HAL_GetUIDw0                                      build/stm32l0xx_hal.o
HAL_GetUIDw1                                      build/stm32l0xx_hal.o
HAL_GetUIDw2                                      build/stm32l0xx_hal.o
HAL_HalfDuplex_EnableReceiver                     build/stm32l0xx_hal_uart.o
HAL_HalfDuplex_EnableTransmitter                  build/stm32l0xx_hal_uart.o
HAL_HalfDuplex_Init                               build/stm32l0xx_hal_uart.o
HAL_I2CEx_ConfigAnalogFilter                      build/stm32l0xx_hal_i2c_ex.o
                                                  build/i2c.o
HAL_I2CEx_ConfigDigitalFilter                     build/stm32l0xx_hal_i2c_ex.o
                                                  build/i2c.o
HAL_I2CEx_DisableFastModePlus                     build/stm32l0xx_hal_i2c_ex.o
HAL_I2CEx_DisableWakeUp                           build/stm32l0xx_hal_i2c_ex.o
HAL_I2CEx_EnableFastModePlus                      build/stm32l0xx_hal_i2c_ex.o
HAL_I2CEx_EnableWakeUp                            build/stm32l0xx_hal_i2c_ex.o
HAL_I2C_AbortCpltCallback                         build/stm32l0xx_hal_i2c.o
HAL_I2C_AddrCallback                              build/stm32l0xx_hal_i2c.o
HAL_I2C_DeInit                                    build/stm32l0xx_hal_i2c.o
HAL_I2C_DisableListen_IT                          build/stm32l0xx_hal_i2c.o
HAL_I2C_ER_IRQHandler                             build/stm32l0xx_hal_i2c.o
HAL_I2C_EV_IRQHandler                             build/stm32l0xx_hal_i2c.o
HAL_I2C_EnableListen_IT                           build/stm32l0xx_hal_i2c.o
HAL_I2C_ErrorCallback                             build/stm32l0xx_hal_i2c.o
HAL_I2C_GetError                                  build/stm32l0xx_hal_i2c.o
HAL_I2C_GetMode                                   build/stm32l0xx_hal_i2c.o
HAL_I2C_GetState                                  build/stm32l0xx_hal_i2c.o
HAL_I2C_Init                                      build/stm32l0xx_hal_i2c.o
                                                  build/i2c.o
HAL_I2C_IsDeviceReady                             build/stm32l0xx_hal_i2c.o
HAL_I2C_ListenCpltCallback                        build/stm32l0xx_hal_i2c.o
HAL_I2C_MasterRxCpltCallback                      build/stm32l0xx_hal_i2c.o
HAL_I2C_MasterTxCpltCallback                      build/stm32l0xx_hal_i2c.o
HAL_I2C_Master_Abort_IT                           build/stm32l0xx_hal_i2c.o
HAL_I2C_Master_Receive                            build/stm32l0xx_hal_i2c.o
HAL_I2C_Master_Receive_DMA                        build/stm32l0xx_hal_i2c.o
HAL_I2C_Master_Receive_IT                         build/stm32l0xx_hal_i2c.o
HAL_I2C_Master_Seq_Receive_DMA                    build/stm32l0xx_hal_i2c.o
HAL_I2C_Master_Seq_Receive_IT                     build/stm32l0xx_hal_i2c.o
HAL_I2C_Master_Seq_Transmit_DMA                   build/stm32l0xx_hal_i2c.o
HAL_I2C_Master_Seq_Transmit_IT                    build/stm32l0xx_hal_i2c.o
HAL_I2C_Master_Transmit                           build/stm32l0xx_hal_i2c.o
HAL_I2C_Master_Transmit_DMA                       build/stm32l0xx_hal_i2c.o
HAL_I2C_Master_Transmit_IT                        build/stm32l0xx_hal_i2c.o
HAL_I2C_MemRxCpltCallback                         build/stm32l0xx_hal_i2c.o
HAL_I2C_MemTxCpltCallback                         build/stm32l0xx_hal_i2c.o
HAL_I2C_Mem_Read                                  build/stm32l0xx_hal_i2c.o
                                                  build/rtc_ds3231_object.o
HAL_I2C_Mem_Read_DMA                              build/stm32l0xx_hal_i2c.o
HAL_I2C_Mem_Read_IT                               build/stm32l0xx_hal_i2c.o
HAL_I2C_Mem_Write                                 build/stm32l0xx_hal_i2c.o
                                                  build/ssd1306.o
                                                  build/rtc_ds3231_object.o
HAL_I2C_Mem_Write_DMA                             build/stm32l0xx_hal_i2c.o
HAL_I2C_Mem_Write_IT                              build/stm32l0xx_hal_i2c.o
HAL_I2C_MspDeInit                                 build/i2c.o
HAL_I2C_MspInit                                   build/i2c.o
HAL_I2C_SlaveRxCpltCallback                       build/stm32l0xx_hal_i2c.o
HAL_I2C_SlaveTxCpltCallback                       build/stm32l0xx_hal_i2c.o
HAL_I2C_Slave_Receive                             build/stm32l0xx_hal_i2c.o
HAL_I2C_Slave_Receive_DMA                         build/stm32l0xx_hal_i2c.o
HAL_I2C_Slave_Receive_IT                          build/stm32l0xx_hal_i2c.o
HAL_I2C_Slave_Seq_Receive_DMA                     build/stm32l0xx_hal_i2c.o
HAL_I2C_Slave_Seq_Receive_IT                      build/stm32l0xx_hal_i2c.o
HAL_I2C_Slave_Seq_Transmit_DMA                    build/stm32l0xx_hal_i2c.o
HAL_I2C_Slave_Seq_Transmit_IT                     build/stm32l0xx_hal_i2c.o
HAL_I2C_Slave_Transmit                            build/stm32l0xx_hal_i2c.o
HAL_I2C_Slave_Transmit_DMA                        build/stm32l0xx_hal_i2c.o
HAL_I2C_Slave_Transmit_IT                         build/stm32l0xx_hal_i2c.o
HAL_IncTick                                       build/stm32l0xx_hal.o
                                                  build/stm32l0xx_it.o
HAL_Init                                          build/stm32l0xx_hal.o
                                                  build/main.o
HAL_InitTick                                      build/stm32l0xx_hal.o
                                                  build/stm32l0xx_hal_rcc.o
HAL_LIN_Init                                      build/stm32l0xx_hal_uart.o
HAL_LIN_SendBreak                                 build/stm32l0xx_hal_uart.o
HAL_MPU_ConfigRegion                              build/stm32l0xx_hal_cortex.o
HAL_MPU_Disable                                   build/stm32l0xx_hal_cortex.o
HAL_MPU_Enable                                    build/stm32l0xx_hal_cortex.o
HAL_MspDeInit                                     build/stm32l0xx_hal.o
HAL_MspInit                                       build/stm32l0xx_hal_msp.o
HAL_MultiProcessorEx_AddressLength_Set            build/stm32l0xx_hal_uart_ex.o
HAL_MultiProcessor_DisableMuteMode                build/stm32l0xx_hal_uart.o
HAL_MultiProcessor_EnableMuteMode                 build/stm32l0xx_hal_uart.o
HAL_MultiProcessor_EnterMuteMode                  build/stm32l0xx_hal_uart.o
HAL_MultiProcessor_Init                           build/stm32l0xx_hal_uart.o
HAL_NVIC_ClearPendingIRQ                          build/stm32l0xx_hal_cortex.o
HAL_NVIC_DisableIRQ                               build/stm32l0xx_hal_cortex.o
HAL_NVIC_EnableIRQ                                build/stm32l0xx_hal_cortex.o
                                                  build/tim.o
HAL_NVIC_GetPendingIRQ                            build/stm32l0xx_hal_cortex.o
HAL_NVIC_GetPriority                              build/stm32l0xx_hal_cortex.o
HAL_NVIC_SetPendingIRQ                            build/stm32l0xx_hal_cortex.o
HAL_NVIC_SetPriority                              build/stm32l0xx_hal_cortex.o
                                                  build/stm32l0xx_hal.o
                                                  build/tim.o
HAL_NVIC_SystemReset                              build/stm32l0xx_hal_cortex.o
HAL_PWREx_DisableFastWakeUp                       build/stm32l0xx_hal_pwr_ex.o
HAL_PWREx_DisableLowPowerRunMode                  build/stm32l0xx_hal_pwr_ex.o
HAL_PWREx_DisableUltraLowPower                    build/stm32l0xx_hal_pwr_ex.o
HAL_PWREx_EnableFastWakeUp                        build/stm32l0xx_hal_pwr_ex.o
HAL_PWREx_EnableLowPowerRunMode                   build/stm32l0xx_hal_pwr_ex.o
HAL_PWREx_EnableUltraLowPower                     build/stm32l0xx_hal_pwr_ex.o
HAL_PWREx_GetVoltageRange                         build/stm32l0xx_hal_pwr_ex.o
HAL_PWR_ConfigPVD                                 build/stm32l0xx_hal_pwr.o
HAL_PWR_DeInit                                    build/stm32l0xx_hal_pwr.o
HAL_PWR_DisableBkUpAccess                         build/stm32l0xx_hal_pwr.o
HAL_PWR_DisablePVD                                build/stm32l0xx_hal_pwr.o
HAL_PWR_DisableSEVOnPend                          build/stm32l0xx_hal_pwr.o
HAL_PWR_DisableSleepOnExit                        build/stm32l0xx_hal_pwr.o
HAL_PWR_DisableWakeUpPin                          build/stm32l0xx_hal_pwr.o
HAL_PWR_EnableBkUpAccess                          build/stm32l0xx_hal_pwr.o
HAL_PWR_EnablePVD                                 build/stm32l0xx_hal_pwr.o
HAL_PWR_EnableSEVOnPend                           build/stm32l0xx_hal_pwr.o
HAL_PWR_EnableSleepOnExit                         build/stm32l0xx_hal_pwr.o
HAL_PWR_EnableWakeUpPin                           build/stm32l0xx_hal_pwr.o
HAL_PWR_EnterSLEEPMode                            build/stm32l0xx_hal_pwr.o
HAL_PWR_EnterSTANDBYMode                          build/stm32l0xx_hal_pwr.o
HAL_PWR_EnterSTOPMode                             build/stm32l0xx_hal_pwr.o
HAL_PWR_PVDCallback                               build/stm32l0xx_hal_pwr.o
HAL_PWR_PVD_IRQHandler                            build/stm32l0xx_hal_pwr.o
HAL_RCCEx_DisableLSECSS                           build/stm32l0xx_hal_rcc_ex.o
HAL_RCCEx_EnableLSECSS                            build/stm32l0xx_hal_rcc_ex.o
HAL_RCCEx_EnableLSECSS_IT                         build/stm32l0xx_hal_rcc_ex.o
HAL_RCCEx_GetPeriphCLKConfig                      build/stm32l0xx_hal_rcc_ex.o
HAL_RCCEx_GetPeriphCLKFreq                        build/stm32l0xx_hal_rcc_ex.o
HAL_RCCEx_LSECSS_Callback                         build/stm32l0xx_hal_rcc_ex.o
HAL_RCCEx_LSECSS_IRQHandler                       build/stm32l0xx_hal_rcc_ex.o
HAL_RCCEx_PeriphCLKConfig                         build/stm32l0xx_hal_rcc_ex.o
                                                  build/main.o
HAL_RCC_CSSCallback                               build/stm32l0xx_hal_rcc.o
HAL_RCC_ClockConfig                               build/stm32l0xx_hal_rcc.o
                                                  build/main.o
HAL_RCC_DeInit                                    build/stm32l0xx_hal_rcc.o
HAL_RCC_EnableCSS                                 build/stm32l0xx_hal_rcc.o
HAL_RCC_GetClockConfig                            build/stm32l0xx_hal_rcc.o
HAL_RCC_GetHCLKFreq                               build/stm32l0xx_hal_rcc.o
HAL_RCC_GetOscConfig                              build/stm32l0xx_hal_rcc.o
HAL_RCC_GetPCLK1Freq                              build/stm32l0xx_hal_rcc.o
                                                  build/stm32l0xx_hal_uart.o
                                                  build/stm32l0xx_hal_rcc_ex.o
HAL_RCC_GetPCLK2Freq                              build/stm32l0xx_hal_rcc.o
                                                  build/stm32l0xx_hal_uart.o
                                                  build/stm32l0xx_hal_rcc_ex.o
HAL_RCC_GetSysClockFreq                           build/stm32l0xx_hal_rcc.o
                                                  build/stm32l0xx_hal_uart.o
                                                  build/stm32l0xx_hal_rcc_ex.o
HAL_RCC_MCOConfig                                 build/stm32l0xx_hal_rcc.o
HAL_RCC_NMI_IRQHandler                            build/stm32l0xx_hal_rcc.o
HAL_RCC_OscConfig                                 build/stm32l0xx_hal_rcc.o
                                                  build/main.o
HAL_RS485Ex_Init                                  build/stm32l0xx_hal_uart_ex.o
HAL_ResumeTick                                    build/stm32l0xx_hal.o
HAL_SPI_Abort                                     build/stm32l0xx_hal_spi.o
HAL_SPI_AbortCpltCallback                         build/stm32l0xx_hal_spi.o
HAL_SPI_Abort_IT                                  build/stm32l0xx_hal_spi.o
HAL_SPI_DMAPause                                  build/stm32l0xx_hal_spi.o
HAL_SPI_DMAResume                                 build/stm32l0xx_hal_spi.o
HAL_SPI_DMAStop                                   build/stm32l0xx_hal_spi.o
HAL_SPI_DeInit                                    build/stm32l0xx_hal_spi.o
HAL_SPI_ErrorCallback                             build/stm32l0xx_hal_spi.o
HAL_SPI_GetError                                  build/stm32l0xx_hal_spi.o
HAL_SPI_GetState                                  build/stm32l0xx_hal_spi.o
HAL_SPI_IRQHandler                                build/stm32l0xx_hal_spi.o
HAL_SPI_Init                                      build/stm32l0xx_hal_spi.o
                                                  build/spi.o
HAL_SPI_MspDeInit                                 build/spi.o
HAL_SPI_MspInit                                   build/spi.o
HAL_SPI_Receive                                   build/stm32l0xx_hal_spi.o
HAL_SPI_Receive_DMA                               build/stm32l0xx_hal_spi.o
HAL_SPI_Receive_IT                                build/stm32l0xx_hal_spi.o
HAL_SPI_RxCpltCallback                            build/stm32l0xx_hal_spi.o
HAL_SPI_RxHalfCpltCallback                        build/stm32l0xx_hal_spi.o
HAL_SPI_Transmit                                  build/stm32l0xx_hal_spi.o
HAL_SPI_TransmitReceive                           build/stm32l0xx_hal_spi.o
HAL_SPI_TransmitReceive_DMA                       build/stm32l0xx_hal_spi.o
HAL_SPI_TransmitReceive_IT                        build/stm32l0xx_hal_spi.o
HAL_SPI_Transmit_DMA                              build/stm32l0xx_hal_spi.o
HAL_SPI_Transmit_IT                               build/stm32l0xx_hal_spi.o
HAL_SPI_TxCpltCallback                            build/stm32l0xx_hal_spi.o
HAL_SPI_TxHalfCpltCallback                        build/stm32l0xx_hal_spi.o
HAL_SPI_TxRxCpltCallback                          build/stm32l0xx_hal_spi.o
HAL_SPI_TxRxHalfCpltCallback                      build/stm32l0xx_hal_spi.o
HAL_SYSCFG_Disable_Lock_VREFINT                   build/stm32l0xx_hal.o
HAL_SYSCFG_Enable_Lock_VREFINT                    build/stm32l0xx_hal.o
HAL_SYSCFG_GetBootMode                            build/stm32l0xx_hal.o
HAL_SYSCFG_VREFINT_OutputSelect                   build/stm32l0xx_hal.o
HAL_SYSTICK_CLKSourceConfig                       build/stm32l0xx_hal_cortex.o
HAL_SYSTICK_Callback                              build/stm32l0xx_hal_cortex.o
HAL_SYSTICK_Config                                build/stm32l0xx_hal_cortex.o
                                                  build/stm32l0xx_hal.o
HAL_SYSTICK_IRQHandler                            build/stm32l0xx_hal_cortex.o
                                                  build/stm32l0xx_it.o
HAL_SuspendTick                                   build/stm32l0xx_hal.o
HAL_TIMEx_MasterConfigSynchronization             build/stm32l0xx_hal_tim_ex.o
                                                  build/tim.o
HAL_TIMEx_RemapConfig                             build/stm32l0xx_hal_tim_ex.o
HAL_TIM_Base_DeInit                               build/stm32l0xx_hal_tim.o
HAL_TIM_Base_GetState                             build/stm32l0xx_hal_tim.o
HAL_TIM_Base_Init                                 build/stm32l0xx_hal_tim.o
                                                  build/tim.o
HAL_TIM_Base_MspDeInit                            build/tim.o
HAL_TIM_Base_MspInit                              build/tim.o
HAL_TIM_Base_Start                                build/stm32l0xx_hal_tim.o
HAL_TIM_Base_Start_DMA                            build/stm32l0xx_hal_tim.o
HAL_TIM_Base_Start_IT                             build/stm32l0xx_hal_tim.o
                                                  build/one_second_timer_object.o
                                                  build/tim.o
HAL_TIM_Base_Stop                                 build/stm32l0xx_hal_tim.o
HAL_TIM_Base_Stop_DMA                             build/stm32l0xx_hal_tim.o
HAL_TIM_Base_Stop_IT                              build/stm32l0xx_hal_tim.o
                                                  build/one_second_timer_object.o
HAL_TIM_ConfigClockSource                         build/stm32l0xx_hal_tim.o
                                                  build/tim.o
HAL_TIM_ConfigOCrefClear                          build/stm32l0xx_hal_tim.o
HAL_TIM_ConfigTI1Input                            build/stm32l0xx_hal_tim.o
HAL_TIM_DMABurst_ReadStart                        build/stm32l0xx_hal_tim.o
HAL_TIM_DMABurst_ReadStop                         build/stm32l0xx_hal_tim.o
HAL_TIM_DMABurst_WriteStart                       build/stm32l0xx_hal_tim.o
HAL_TIM_DMABurst_WriteStop                        build/stm32l0xx_hal_tim.o
HAL_TIM_Encoder_DeInit                            build/stm32l0xx_hal_tim.o
HAL_TIM_Encoder_GetState                          build/stm32l0xx_hal_tim.o
HAL_TIM_Encoder_Init                              build/stm32l0xx_hal_tim.o
HAL_TIM_Encoder_MspDeInit                         build/stm32l0xx_hal_tim.o
HAL_TIM_Encoder_MspInit                           build/stm32l0xx_hal_tim.o
HAL_TIM_Encoder_Start                             build/stm32l0xx_hal_tim.o
HAL_TIM_Encoder_Start_DMA                         build/stm32l0xx_hal_tim.o
HAL_TIM_Encoder_Start_IT                          build/stm32l0xx_hal_tim.o
HAL_TIM_Encoder_Stop                              build/stm32l0xx_hal_tim.o
HAL_TIM_Encoder_Stop_DMA                          build/stm32l0xx_hal_tim.o
HAL_TIM_Encoder_Stop_IT                           build/stm32l0xx_hal_tim.o
HAL_TIM_ErrorCallback                             build/stm32l0xx_hal_tim.o
HAL_TIM_GenerateEvent                             build/stm32l0xx_hal_tim.o
HAL_TIM_IC_CaptureCallback                        build/stm32l0xx_hal_tim.o
HAL_TIM_IC_CaptureHalfCpltCallback                build/stm32l0xx_hal_tim.o
HAL_TIM_IC_ConfigChannel                          build/stm32l0xx_hal_tim.o
HAL_TIM_IC_DeInit                                 build/stm32l0xx_hal_tim.o
HAL_TIM_IC_GetState                               build/stm32l0xx_hal_tim.o
HAL_TIM_IC_Init                                   build/stm32l0xx_hal_tim.o
HAL_TIM_IC_MspDeInit                              build/stm32l0xx_hal_tim.o
HAL_TIM_IC_MspInit                                build/stm32l0xx_hal_tim.o
HAL_TIM_IC_Start                                  build/stm32l0xx_hal_tim.o
HAL_TIM_IC_Start_DMA                              build/stm32l0xx_hal_tim.o
HAL_TIM_IC_Start_IT                               build/stm32l0xx_hal_tim.o
HAL_TIM_IC_Stop                                   build/stm32l0xx_hal_tim.o
HAL_TIM_IC_Stop_DMA                               build/stm32l0xx_hal_tim.o
HAL_TIM_IC_Stop_IT                                build/stm32l0xx_hal_tim.o
HAL_TIM_IRQHandler                                build/stm32l0xx_hal_tim.o
                                                  build/stm32l0xx_it.o
HAL_TIM_OC_ConfigChannel                          build/stm32l0xx_hal_tim.o
HAL_TIM_OC_DeInit                                 build/stm32l0xx_hal_tim.o
HAL_TIM_OC_DelayElapsedCallback                   build/stm32l0xx_hal_tim.o
HAL_TIM_OC_GetState                               build/stm32l0xx_hal_tim.o
HAL_TIM_OC_Init                                   build/stm32l0xx_hal_tim.o
HAL_TIM_OC_MspDeInit                              build/stm32l0xx_hal_tim.o
HAL_TIM_OC_MspInit                                build/stm32l0xx_hal_tim.o
HAL_TIM_OC_Start                                  build/stm32l0xx_hal_tim.o
HAL_TIM_OC_Start_DMA                              build/stm32l0xx_hal_tim.o
HAL_TIM_OC_Start_IT                               build/stm32l0xx_hal_tim.o
HAL_TIM_OC_Stop                                   build/stm32l0xx_hal_tim.o
HAL_TIM_OC_Stop_DMA                               build/stm32l0xx_hal_tim.o
HAL_TIM_OC_Stop_IT                                build/stm32l0xx_hal_tim.o
HAL_TIM_OnePulse_ConfigChannel                    build/stm32l0xx_hal_tim.o
HAL_TIM_OnePulse_DeInit                           build/stm32l0xx_hal_tim.o
HAL_TIM_OnePulse_GetState                         build/stm32l0xx_hal_tim.o
HAL_TIM_OnePulse_Init                             build/stm32l0xx_hal_tim.o
HAL_TIM_OnePulse_MspDeInit                        build/stm32l0xx_hal_tim.o
HAL_TIM_OnePulse_MspInit                          build/stm32l0xx_hal_tim.o
HAL_TIM_OnePulse_Start                            build/stm32l0xx_hal_tim.o
HAL_TIM_OnePulse_Start_IT                         build/stm32l0xx_hal_tim.o
HAL_TIM_OnePulse_Stop                             build/stm32l0xx_hal_tim.o
HAL_TIM_OnePulse_Stop_IT                          build/stm32l0xx_hal_tim.o
HAL_TIM_PWM_ConfigChannel                         build/stm32l0xx_hal_tim.o
HAL_TIM_PWM_DeInit                                build/stm32l0xx_hal_tim.o
HAL_TIM_PWM_GetState                              build/stm32l0xx_hal_tim.o
HAL_TIM_PWM_Init                                  build/stm32l0xx_hal_tim.o
HAL_TIM_PWM_MspDeInit                             build/stm32l0xx_hal_tim.o
HAL_TIM_PWM_MspInit                               build/stm32l0xx_hal_tim.o
HAL_TIM_PWM_PulseFinishedCallback                 build/stm32l0xx_hal_tim.o
HAL_TIM_PWM_PulseFinishedHalfCpltCallback         build/stm32l0xx_hal_tim.o
HAL_TIM_PWM_Start                                 build/stm32l0xx_hal_tim.o
HAL_TIM_PWM_Start_DMA                             build/stm32l0xx_hal_tim.o
HAL_TIM_PWM_Start_IT                              build/stm32l0xx_hal_tim.o
HAL_TIM_PWM_Stop                                  build/stm32l0xx_hal_tim.o
HAL_TIM_PWM_Stop_DMA                              build/stm32l0xx_hal_tim.o
HAL_TIM_PWM_Stop_IT                               build/stm32l0xx_hal_tim.o
HAL_TIM_PeriodElapsedCallback                     build/stm32l0xx_it.o
HAL_TIM_PeriodElapsedHalfCpltCallback             build/stm32l0xx_hal_tim.o
HAL_TIM_ReadCapturedValue                         build/stm32l0xx_hal_tim.o
HAL_TIM_SlaveConfigSynchro                        build/stm32l0xx_hal_tim.o
HAL_TIM_SlaveConfigSynchro_IT                     build/stm32l0xx_hal_tim.o
HAL_TIM_TriggerCallback                           build/stm32l0xx_hal_tim.o
HAL_TIM_TriggerHalfCpltCallback                   build/stm32l0xx_hal_tim.o
HAL_UARTEx_DisableClockStopMode                   build/stm32l0xx_hal_uart_ex.o
HAL_UARTEx_DisableStopMode                        build/stm32l0xx_hal_uart_ex.o
HAL_UARTEx_EnableClockStopMode                    build/stm32l0xx_hal_uart_ex.o
HAL_UARTEx_EnableStopMode                         build/stm32l0xx_hal_uart_ex.o
HAL_UARTEx_StopModeWakeUpSourceConfig             build/stm32l0xx_hal_uart_ex.o
HAL_UARTEx_WakeupCallback                         build/stm32l0xx_hal_uart_ex.o
                                                  build/stm32l0xx_hal_uart.o
HAL_UART_Abort                                    build/stm32l0xx_hal_uart.o
HAL_UART_AbortCpltCallback                        build/stm32l0xx_hal_uart.o
HAL_UART_AbortReceive                             build/stm32l0xx_hal_uart.o
HAL_UART_AbortReceiveCpltCallback                 build/stm32l0xx_hal_uart.o
HAL_UART_AbortReceive_IT                          build/stm32l0xx_hal_uart.o
HAL_UART_AbortTransmit                            build/stm32l0xx_hal_uart.o
HAL_UART_AbortTransmitCpltCallback                build/stm32l0xx_hal_uart.o
HAL_UART_AbortTransmit_IT                         build/stm32l0xx_hal_uart.o
HAL_UART_Abort_IT                                 build/stm32l0xx_hal_uart.o
HAL_UART_DMAPause                                 build/stm32l0xx_hal_uart.o
HAL_UART_DMAResume                                build/stm32l0xx_hal_uart.o
HAL_UART_DMAStop                                  build/stm32l0xx_hal_uart.o
HAL_UART_DeInit                                   build/stm32l0xx_hal_uart.o
HAL_UART_ErrorCallback                            build/stm32l0xx_hal_uart.o
HAL_UART_GetError                                 build/stm32l0xx_hal_uart.o
HAL_UART_GetState                                 build/stm32l0xx_hal_uart.o
HAL_UART_IRQHandler                               build/stm32l0xx_hal_uart.o
HAL_UART_Init                                     build/stm32l0xx_hal_uart.o
                                                  build/usart.o
HAL_UART_MspDeInit                                build/usart.o
HAL_UART_MspInit                                  build/usart.o
                                                  build/stm32l0xx_hal_uart_ex.o
HAL_UART_Receive                                  build/stm32l0xx_hal_uart.o
HAL_UART_Receive_DMA                              build/stm32l0xx_hal_uart.o
HAL_UART_Receive_IT                               build/stm32l0xx_hal_uart.o
HAL_UART_RxCpltCallback                           build/stm32l0xx_hal_uart.o
HAL_UART_RxHalfCpltCallback                       build/stm32l0xx_hal_uart.o
HAL_UART_Transmit                                 build/stm32l0xx_hal_uart.o
HAL_UART_Transmit_DMA                             build/stm32l0xx_hal_uart.o
HAL_UART_Transmit_IT                              build/stm32l0xx_hal_uart.o
HAL_UART_TxCpltCallback                           build/stm32l0xx_hal_uart.o
HAL_UART_TxHalfCpltCallback                       build/stm32l0xx_hal_uart.o
HardFault_Handler                                 build/stm32l0xx_it.o
I2C1_IRQHandler                                   build/startup_stm32l071xx.o
I2C2_IRQHandler                                   build/startup_stm32l071xx.o
I2C3_IRQHandler                                   build/startup_stm32l071xx.o
LPTIM1_IRQHandler                                 build/startup_stm32l071xx.o
LPUART1_IRQHandler                                build/startup_stm32l071xx.o
MX_ADC_Init                                       build/adc.o
                                                  build/main.o
MX_GPIO_Init                                      build/gpio.o
                                                  build/main.o
MX_I2C1_Init                                      build/i2c.o
                                                  build/main.o
MX_I2C2_Init                                      build/i2c.o
                                                  build/main.o
MX_I2C3_Init                                      build/i2c.o
                                                  build/main.o
MX_SPI1_Init                                      build/spi.o
                                                  build/main.o
MX_SYS_Init                                       build/sys.o
MX_TIM2_Init                                      build/tim.o
                                                  build/one_second_timer_object.o
MX_USART1_UART_Init                               build/usart.o
                                                  build/main.o
NMI_Handler                                       build/stm32l0xx_it.o
PLLMulTable                                       build/system_stm32l0xx.o
                                                  build/stm32l0xx_hal_rcc.o
PVD_IRQHandler                                    build/startup_stm32l071xx.o
PendSV_Handler                                    build/stm32l0xx_it.o
RCC_IRQHandler                                    build/startup_stm32l071xx.o
RTC_IRQHandler                                    build/startup_stm32l071xx.o
Reset_Handler                                     build/startup_stm32l071xx.o
SPI1_IRQHandler                                   build/startup_stm32l071xx.o
SPI2_IRQHandler                                   build/startup_stm32l071xx.o
SSD1306_I2C_PORT                                  build/ssd1306.o
                                                  build/main.o
SVC_Handler                                       build/stm32l0xx_it.o
SysTick_Handler                                   build/stm32l0xx_it.o
SystemClock_Config                                build/main.o
SystemCoreClock                                   build/system_stm32l0xx.o
                                                  build/stm32l0xx_hal_spi.o
                                                  build/stm32l0xx_hal_pwr_ex.o
                                                  build/stm32l0xx_hal_rcc.o
                                                  build/stm32l0xx_hal.o
                                                  build/stm32l0xx_hal_adc.o
SystemCoreClockUpdate                             build/system_stm32l0xx.o
SystemInit                                        build/system_stm32l0xx.o
                                                  build/startup_stm32l071xx.o
TIM21_IRQHandler                                  build/startup_stm32l071xx.o
TIM22_IRQHandler                                  build/startup_stm32l071xx.o
TIM2_IRQHandler                                   build/stm32l0xx_it.o
TIM3_IRQHandler                                   build/startup_stm32l071xx.o
TIM6_IRQHandler                                   build/startup_stm32l071xx.o
TIM7_IRQHandler                                   build/startup_stm32l071xx.o
TIM_DMACaptureCplt                                build/stm32l0xx_hal_tim.o
TIM_DMACaptureHalfCplt                            build/stm32l0xx_hal_tim.o
TIM_DMADelayPulseCplt                             build/stm32l0xx_hal_tim.o
TIM_DMADelayPulseHalfCplt                         build/stm32l0xx_hal_tim.o
TIM_DMAError                                      build/stm32l0xx_hal_tim.o
UART_AdvFeatureConfig                             build/stm32l0xx_hal_uart.o
                                                  build/stm32l0xx_hal_uart_ex.o
UART_CheckIdleState                               build/stm32l0xx_hal_uart.o
                                                  build/stm32l0xx_hal_uart_ex.o
UART_SetConfig                                    build/stm32l0xx_hal_uart.o
                                                  build/stm32l0xx_hal_uart_ex.o
UART_WaitOnFlagUntilTimeout                       build/stm32l0xx_hal_uart.o
                                                  build/stm32l0xx_hal_uart_ex.o
USART1_IRQHandler                                 build/startup_stm32l071xx.o
USART2_IRQHandler                                 build/startup_stm32l071xx.o
USART4_5_IRQHandler                               build/startup_stm32l071xx.o
WWDG_IRQHandler                                   build/startup_stm32l071xx.o
_Error_Handler                                    build/tim.o
_ITM_deregisterTMCloneTable                       /usr/lib/gcc/arm-none-eabi/4.9.3/armv6-m/crtbegin.o
_ITM_registerTMCloneTable                         /usr/lib/gcc/arm-none-eabi/4.9.3/armv6-m/crtbegin.o
_Jv_RegisterClasses                               /usr/lib/gcc/arm-none-eabi/4.9.3/armv6-m/crtbegin.o
__TMC_END__                                       /usr/lib/gcc/arm-none-eabi/4.9.3/armv6-m/crtend.o
                                                  /usr/lib/gcc/arm-none-eabi/4.9.3/armv6-m/crtbegin.o