Archive member included to satisfy reference by file (symbol)

/usr/lib/gcc/arm-none-eabi/4.9.3/../../../arm-none-eabi/lib/armv6-m/libc_nano.a(lib_a-atexit.o)
                              /usr/lib/gcc/arm-none-eabi/4.9.3/../../../arm-none-eabi/lib/armv6-m/crt0.o (atexit)
/usr/lib/gcc/arm-none-eabi/4.9.3/../../../arm-none-eabi/lib/armv6-m/libc_nano.a(lib_a-exit.o)
                              /usr/lib/gcc/arm-none-eabi/4.9.3/../../../arm-none-eabi/lib/armv6-m/crt0.o (exit)
/usr/lib/gcc/arm-none-eabi/4.9.3/../../../arm-none-eabi/lib/armv6-m/libc_nano.a(lib_a-fini.o)
                              /usr/lib/gcc/arm-none-eabi/4.9.3/../../../arm-none-eabi/lib/armv6-m/crt0.o (__libc_fini_array)
/usr/lib/gcc/arm-none-eabi/4.9.3/../../../arm-none-eabi/lib/armv6-m/libc_nano.a(lib_a-impure.o)
                              /usr/lib/gcc/arm-none-eabi/4.9.3/../../../arm-none-eabi/lib/armv6-m/libc_nano.a(lib_a-exit.o) (_global_impure_ptr)
/usr/lib/gcc/arm-none-eabi/4.9.3/../../../arm-none-eabi/lib/armv6-m/libc_nano.a(lib_a-init.o)
                              /usr/lib/gcc/arm-none-eabi/4.9.3/../../../arm-none-eabi/lib/armv6-m/crt0.o (__libc_init_array)
/usr/lib/gcc/arm-none-eabi/4.9.3/../../../arm-none-eabi/lib/armv6-m/libc_nano.a(lib_a-memset.o)
                              /usr/lib/gcc/arm-none-eabi/4.9.3/../../../arm-none-eabi/lib/armv6-m/crt0.o (memset)
/usr/lib/gcc/arm-none-eabi/4.9.3/../../../arm-none-eabi/lib/armv6-m/libc_nano.a(lib_a-__atexit.o)
                              /usr/lib/gcc/arm-none-eabi/4.9.3/../../../arm-none-eabi/lib/armv6-m/libc_nano.a(lib_a-atexit.o) (__register_exitproc)
/usr/lib/gcc/arm-none-eabi/4.9.3/../../../arm-none-eabi/lib/armv6-m/libc_nano.a(lib_a-__call_atexit.o)
                              /usr/lib/gcc/arm-none-eabi/4.9.3/../../../arm-none-eabi/lib/armv6-m/libc_nano.a(lib_a-__atexit.o) (__call_exitprocs)
/usr/lib/gcc/arm-none-eabi/4.9.3/../../../arm-none-eabi/lib/armv6-m/libnosys.a(_exit.o)
                              /usr/lib/gcc/arm-none-eabi/4.9.3/../../../arm-none-eabi/lib/armv6-m/libc_nano.a(lib_a-exit.o) (_exit)
/usr/lib/gcc/arm-none-eabi/4.9.3/armv6-m/libgcc.a(_udivsi3.o)
                              build/stm32l0xx_hal_adc.o (__aeabi_uidiv)
/usr/lib/gcc/arm-none-eabi/4.9.3/armv6-m/libgcc.a(_dvmd_tls.o)
                              /usr/lib/gcc/arm-none-eabi/4.9.3/armv6-m/libgcc.a(_udivsi3.o) (__aeabi_idiv0)
/usr/lib/gcc/arm-none-eabi/4.9.3/armv6-m/libgcc.a(_aeabi_uldivmod.o)
                              build/stm32l0xx_hal_uart.o (__aeabi_uldivmod)
/usr/lib/gcc/arm-none-eabi/4.9.3/armv6-m/libgcc.a(bpabi.o)
                              /usr/lib/gcc/arm-none-eabi/4.9.3/armv6-m/libgcc.a(_aeabi_uldivmod.o) (__gnu_uldivmod_helper)
/usr/lib/gcc/arm-none-eabi/4.9.3/armv6-m/libgcc.a(_muldi3.o)
                              /usr/lib/gcc/arm-none-eabi/4.9.3/armv6-m/libgcc.a(bpabi.o) (__aeabi_lmul)
/usr/lib/gcc/arm-none-eabi/4.9.3/armv6-m/libgcc.a(_divdi3.o)
                              /usr/lib/gcc/arm-none-eabi/4.9.3/armv6-m/libgcc.a(bpabi.o) (__divdi3)
/usr/lib/gcc/arm-none-eabi/4.9.3/armv6-m/libgcc.a(_udivdi3.o)
                              /usr/lib/gcc/arm-none-eabi/4.9.3/armv6-m/libgcc.a(bpabi.o) (__udivdi3)
/usr/lib/gcc/arm-none-eabi/4.9.3/armv6-m/libgcc.a(_clzdi2.o)
                              /usr/lib/gcc/arm-none-eabi/4.9.3/armv6-m/libgcc.a(_divdi3.o) (__clzdi2)
/usr/lib/gcc/arm-none-eabi/4.9.3/armv6-m/libgcc.a(_clzsi2.o)
                              /usr/lib/gcc/arm-none-eabi/4.9.3/armv6-m/libgcc.a(_clzdi2.o) (__clzsi2)

Allocating common symbols
Common symbol       size              file

hi2c3               0x4c              build/i2c.o
hi2c1               0x4c              build/i2c.o
hi2c2               0x4c              build/i2c.o
uwTick              0x4               build/stm32l0xx_hal.o
pFlash              0x18              build/stm32l0xx_hal_flash.o
huart1              0x80              build/usart.o
hspi1               0x58              build/spi.o
hadc                0x5c              build/adc.o

Discarded input sections

 .text          0x0000000000000000        0x0 /usr/lib/gcc/arm-none-eabi/4.9.3/armv6-m/crti.o
 .data          0x0000000000000000        0x0 /usr/lib/gcc/arm-none-eabi/4.9.3/armv6-m/crti.o
 .bss           0x0000000000000000        0x0 /usr/lib/gcc/arm-none-eabi/4.9.3/armv6-m/crti.o
 .data          0x0000000000000000        0x4 /usr/lib/gcc/arm-none-eabi/4.9.3/armv6-m/crtbegin.o
 .text          0x0000000000000000       0x6c /usr/lib/gcc/arm-none-eabi/4.9.3/../../../arm-none-eabi/lib/armv6-m/crt0.o
 .data          0x0000000000000000        0x0 /usr/lib/gcc/arm-none-eabi/4.9.3/../../../arm-none-eabi/lib/armv6-m/crt0.o
 .bss           0x0000000000000000        0x0 /usr/lib/gcc/arm-none-eabi/4.9.3/../../../arm-none-eabi/lib/armv6-m/crt0.o
 .ARM.extab     0x0000000000000000        0x0 /usr/lib/gcc/arm-none-eabi/4.9.3/../../../arm-none-eabi/lib/armv6-m/crt0.o
[...]
Memory Configuration

Name             Origin             Length             Attributes
RAM              0x0000000020000000 0x0000000000005000 xrw
FLASH            0x0000000008000000 0x0000000000010000 xr
*default*        0x0000000000000000 0xffffffffffffffff

Linker script and memory map

LOAD /usr/lib/gcc/arm-none-eabi/4.9.3/armv6-m/crti.o
LOAD /usr/lib/gcc/arm-none-eabi/4.9.3/armv6-m/crtbegin.o
LOAD /usr/lib/gcc/arm-none-eabi/4.9.3/../../../arm-none-eabi/lib/armv6-m/crt0.o
LOAD build/main.o
LOAD build/gpio.o
LOAD build/adc.o
LOAD build/i2c.o
LOAD build/spi.o
LOAD build/sys.o
LOAD build/usart.o
LOAD build/stm32l0xx_it.o
LOAD build/stm32l0xx_hal_msp.o
LOAD build/stm32l0xx_hal_adc.o
LOAD build/stm32l0xx_hal_adc_ex.o
LOAD build/stm32l0xx_hal.o
LOAD build/stm32l0xx_hal_i2c.o
LOAD build/stm32l0xx_hal_i2c_ex.o
LOAD build/stm32l0xx_hal_rcc.o
LOAD build/stm32l0xx_hal_rcc_ex.o
LOAD build/stm32l0xx_hal_flash_ramfunc.o
LOAD build/stm32l0xx_hal_flash.o
LOAD build/stm32l0xx_hal_flash_ex.o
LOAD build/stm32l0xx_hal_gpio.o
LOAD build/stm32l0xx_hal_dma.o
LOAD build/stm32l0xx_hal_pwr.o
LOAD build/stm32l0xx_hal_pwr_ex.o
LOAD build/stm32l0xx_hal_cortex.o
LOAD build/stm32l0xx_hal_spi.o
LOAD build/stm32l0xx_hal_tim.o
LOAD build/stm32l0xx_hal_tim_ex.o
LOAD build/stm32l0xx_hal_uart.o
LOAD build/stm32l0xx_hal_uart_ex.o
LOAD build/system_stm32l0xx.o
LOAD build/startup_stm32l071xx.o
LOAD /usr/lib/gcc/arm-none-eabi/4.9.3/../../../arm-none-eabi/lib/armv6-m/libc_nano.a
LOAD /usr/lib/gcc/arm-none-eabi/4.9.3/../../../arm-none-eabi/lib/armv6-m/libm.a
LOAD /usr/lib/gcc/arm-none-eabi/4.9.3/../../../arm-none-eabi/lib/armv6-m/libnosys.a
START GROUP
LOAD /usr/lib/gcc/arm-none-eabi/4.9.3/armv6-m/libgcc.a
LOAD /usr/lib/gcc/arm-none-eabi/4.9.3/../../../arm-none-eabi/lib/armv6-m/libc_nano.a
END GROUP
START GROUP
LOAD /usr/lib/gcc/arm-none-eabi/4.9.3/armv6-m/libgcc.a
LOAD /usr/lib/gcc/arm-none-eabi/4.9.3/../../../arm-none-eabi/lib/armv6-m/libc_nano.a
END GROUP
LOAD /usr/lib/gcc/arm-none-eabi/4.9.3/armv6-m/crtend.o
LOAD /usr/lib/gcc/arm-none-eabi/4.9.3/armv6-m/crtn.o
                0x0000000020005000                _estack = 0x20005000
                0x0000000000000400                _Min_Heap_Size = 0x400
                0x0000000000000800                _Min_Stack_Size = 0x800

.isr_vector     0x0000000008000000       0xc0
                0x0000000008000000                . = ALIGN (0x4)
 *(.isr_vector)
 .isr_vector    0x0000000008000000       0xc0 build/startup_stm32l071xx.o
                0x0000000008000000                g_pfnVectors
                0x00000000080000c0                . = ALIGN (0x4)

.text           0x00000000080000c0     0x2408
                0x00000000080000c0                . = ALIGN (0x4)
 *(.text)
 .text          0x00000000080000c0       0xb4 /usr/lib/gcc/arm-none-eabi/4.9.3/armv6-m/crtbegin.o
 .text          0x0000000008000174      0x120 /usr/lib/gcc/arm-none-eabi/4.9.3/armv6-m/libgcc.a(_udivsi3.o)
                0x0000000008000174                __udivsi3
                0x0000000008000174                __aeabi_uidiv
                0x0000000008000280                __aeabi_uidivmod
 .text          0x0000000008000294        0x4 /usr/lib/gcc/arm-none-eabi/4.9.3/armv6-m/libgcc.a(_dvmd_tls.o)
                0x0000000008000294                __aeabi_ldiv0
                0x0000000008000294                __aeabi_idiv0
 .text          0x0000000008000298       0x40 /usr/lib/gcc/arm-none-eabi/4.9.3/armv6-m/libgcc.a(_aeabi_uldivmod.o)
                0x0000000008000298                __aeabi_uldivmod
 .text          0x00000000080002d8       0x6c /usr/lib/gcc/arm-none-eabi/4.9.3/armv6-m/libgcc.a(bpabi.o)
                0x00000000080002d8                __gnu_ldivmod_helper
                0x0000000008000310                __gnu_uldivmod_helper
 .text          0x0000000008000344       0x54 /usr/lib/gcc/arm-none-eabi/4.9.3/armv6-m/libgcc.a(_muldi3.o)
                0x0000000008000344                __aeabi_lmul
                0x0000000008000344                __muldi3
 .text          0x0000000008000398      0x1f0 /usr/lib/gcc/arm-none-eabi/4.9.3/armv6-m/libgcc.a(_divdi3.o)
                0x0000000008000398                __divdi3
 .text          0x0000000008000588      0x158 /usr/lib/gcc/arm-none-eabi/4.9.3/armv6-m/libgcc.a(_udivdi3.o)
                0x0000000008000588                __udivdi3
 .text          0x00000000080006e0       0x18 /usr/lib/gcc/arm-none-eabi/4.9.3/armv6-m/libgcc.a(_clzdi2.o)
                0x00000000080006e0                __clzdi2
 .text          0x00000000080006f8       0x3c /usr/lib/gcc/arm-none-eabi/4.9.3/armv6-m/libgcc.a(_clzsi2.o)
                0x00000000080006f8                __clzsi2
 *(.text*)
 .text.SystemClock_Config
                0x0000000008000734       0x94 build/main.o
                0x0000000008000734                SystemClock_Config
 .text.main     0x00000000080007c8       0x28 build/main.o
                0x00000000080007c8                main
 .text.Error_Handler
                0x00000000080007f0        0x4 build/main.o
                0x00000000080007f0                Error_Handler
 .text.MX_GPIO_Init
                0x00000000080007f4       0x90 build/gpio.o
                0x00000000080007f4                MX_GPIO_Init
 .text.MX_ADC_Init
                0x0000000008000884       0x78 build/adc.o
                0x0000000008000884                MX_ADC_Init
 .text.HAL_ADC_MspInit
                0x00000000080008fc       0x50 build/adc.o
                0x00000000080008fc                HAL_ADC_MspInit
 .text.MX_I2C1_Init
                0x000000000800094c       0x58 build/i2c.o
                0x000000000800094c                MX_I2C1_Init
 .text.MX_I2C2_Init
                0x00000000080009a4       0x58 build/i2c.o
                0x00000000080009a4                MX_I2C2_Init
 .text.MX_I2C3_Init
                0x00000000080009fc       0x58 build/i2c.o
                0x00000000080009fc                MX_I2C3_Init
 .text.HAL_I2C_MspInit
                0x0000000008000a54      0x120 build/i2c.o
                0x0000000008000a54                HAL_I2C_MspInit
 .text.MX_SPI1_Init
                0x0000000008000b74       0x3c build/spi.o
                0x0000000008000b74                MX_SPI1_Init
 .text.HAL_SPI_MspInit
                0x0000000008000bb0       0x58 build/spi.o
                0x0000000008000bb0                HAL_SPI_MspInit
 .text.MX_USART1_UART_Init
                0x0000000008000c08       0x38 build/usart.o
                0x0000000008000c08                MX_USART1_UART_Init
 .text.HAL_UART_MspInit
                0x0000000008000c40       0x58 build/usart.o
                0x0000000008000c40                HAL_UART_MspInit
 .text.NMI_Handler
                0x0000000008000c98        0x4 build/stm32l0xx_it.o
                0x0000000008000c98                NMI_Handler
 .text.HardFault_Handler
                0x0000000008000c9c        0x4 build/stm32l0xx_it.o
                0x0000000008000c9c                HardFault_Handler
 .text.SVC_Handler
                0x0000000008000ca0        0x4 build/stm32l0xx_it.o
                0x0000000008000ca0                SVC_Handler
 .text.PendSV_Handler
                0x0000000008000ca4        0x4 build/stm32l0xx_it.o
                0x0000000008000ca4                PendSV_Handler
 .text.SysTick_Handler
                0x0000000008000ca8        0x8 build/stm32l0xx_it.o
                0x0000000008000ca8                SysTick_Handler
 .text.HAL_MspInit
                0x0000000008000cb0       0x1c build/stm32l0xx_hal_msp.o
                0x0000000008000cb0                HAL_MspInit
 .text.ADC_DelayMicroSecond
                0x0000000008000ccc       0x30 build/stm32l0xx_hal_adc.o
 .text.HAL_ADC_Init
                0x0000000008000cfc      0x1ec build/stm32l0xx_hal_adc.o
                0x0000000008000cfc                HAL_ADC_Init
 .text.HAL_ADC_ConfigChannel
                0x0000000008000ee8       0xb8 build/stm32l0xx_hal_adc.o
                0x0000000008000ee8                HAL_ADC_ConfigChannel
 .text.HAL_InitTick
                0x0000000008000fa0       0x30 build/stm32l0xx_hal.o
                0x0000000008000fa0                HAL_InitTick
 .text.HAL_Init
                0x0000000008000fd0       0x28 build/stm32l0xx_hal.o
                0x0000000008000fd0                HAL_Init
 .text.HAL_IncTick
                0x0000000008000ff8       0x10 build/stm32l0xx_hal.o
                0x0000000008000ff8                HAL_IncTick
 .text.HAL_GetTick
                0x0000000008001008        0xc build/stm32l0xx_hal.o
                0x0000000008001008                HAL_GetTick
 .text.HAL_I2C_Init
                0x0000000008001014       0xc8 build/stm32l0xx_hal_i2c.o
                0x0000000008001014                HAL_I2C_Init
 .text.HAL_I2CEx_ConfigAnalogFilter
                0x00000000080010dc       0x58 build/stm32l0xx_hal_i2c_ex.o
                0x00000000080010dc                HAL_I2CEx_ConfigAnalogFilter
 .text.HAL_I2CEx_ConfigDigitalFilter
                0x0000000008001134       0x54 build/stm32l0xx_hal_i2c_ex.o
                0x0000000008001134                HAL_I2CEx_ConfigDigitalFilter
 .text.HAL_RCC_GetSysClockFreq
                0x0000000008001188       0x90 build/stm32l0xx_hal_rcc.o
                0x0000000008001188                HAL_RCC_GetSysClockFreq
 .text.HAL_RCC_OscConfig
                0x0000000008001218      0x544 build/stm32l0xx_hal_rcc.o
                0x0000000008001218                HAL_RCC_OscConfig
 .text.HAL_RCC_ClockConfig
                0x000000000800175c      0x1b8 build/stm32l0xx_hal_rcc.o
                0x000000000800175c                HAL_RCC_ClockConfig
 .text.HAL_RCC_GetHCLKFreq
                0x0000000008001914        0xc build/stm32l0xx_hal_rcc.o
                0x0000000008001914                HAL_RCC_GetHCLKFreq
 .text.HAL_RCC_GetPCLK1Freq
                0x0000000008001920       0x20 build/stm32l0xx_hal_rcc.o
                0x0000000008001920                HAL_RCC_GetPCLK1Freq
 .text.HAL_RCC_GetPCLK2Freq
                0x0000000008001940       0x20 build/stm32l0xx_hal_rcc.o
                0x0000000008001940                HAL_RCC_GetPCLK2Freq
 .text.HAL_RCCEx_PeriphCLKConfig
                0x0000000008001960      0x1c8 build/stm32l0xx_hal_rcc_ex.o
                0x0000000008001960                HAL_RCCEx_PeriphCLKConfig
 .text.HAL_GPIO_Init
                0x0000000008001b28      0x1ac build/stm32l0xx_hal_gpio.o
                0x0000000008001b28                HAL_GPIO_Init
 .text.HAL_GPIO_WritePin
                0x0000000008001cd4        0xc build/stm32l0xx_hal_gpio.o
                0x0000000008001cd4                HAL_GPIO_WritePin
 .text.HAL_NVIC_SetPriority
                0x0000000008001ce0       0x64 build/stm32l0xx_hal_cortex.o
                0x0000000008001ce0                HAL_NVIC_SetPriority
 .text.HAL_SYSTICK_Config
                0x0000000008001d44       0x38 build/stm32l0xx_hal_cortex.o
                0x0000000008001d44                HAL_SYSTICK_Config
 .text.HAL_SPI_Init
                0x0000000008001d7c       0x88 build/stm32l0xx_hal_spi.o
                0x0000000008001d7c                HAL_SPI_Init
 .text.UART_SetConfig
                0x0000000008001e04      0x390 build/stm32l0xx_hal_uart.o
                0x0000000008001e04                UART_SetConfig
 .text.UART_AdvFeatureConfig
                0x0000000008002194       0xe0 build/stm32l0xx_hal_uart.o
                0x0000000008002194                UART_AdvFeatureConfig
 .text.UART_WaitOnFlagUntilTimeout
                0x0000000008002274       0x68 build/stm32l0xx_hal_uart.o
                0x0000000008002274                UART_WaitOnFlagUntilTimeout
 .text.UART_CheckIdleState
                0x00000000080022dc       0x6c build/stm32l0xx_hal_uart.o
                0x00000000080022dc                UART_CheckIdleState
 .text.HAL_UART_Init
                0x0000000008002348       0x6c build/stm32l0xx_hal_uart.o
                0x0000000008002348                HAL_UART_Init
 .text.SystemInit
                0x00000000080023b4       0x5c build/system_stm32l0xx.o
                0x00000000080023b4                SystemInit
 .text.Reset_Handler
                0x0000000008002410       0x50 build/startup_stm32l071xx.o
                0x0000000008002410                Reset_Handler
 .text.Default_Handler
                0x0000000008002460        0x2 build/startup_stm32l071xx.o
                0x0000000008002460                ADC1_COMP_IRQHandler
                0x0000000008002460                TIM6_IRQHandler
                0x0000000008002460                PVD_IRQHandler
                0x0000000008002460                I2C1_IRQHandler
                0x0000000008002460                SPI1_IRQHandler
                0x0000000008002460                EXTI2_3_IRQHandler
                0x0000000008002460                I2C2_IRQHandler
                0x0000000008002460                RTC_IRQHandler
                0x0000000008002460                DMA1_Channel4_5_6_7_IRQHandler
                0x0000000008002460                TIM3_IRQHandler
                0x0000000008002460                EXTI4_15_IRQHandler
                0x0000000008002460                RCC_IRQHandler
                0x0000000008002460                DMA1_Channel1_IRQHandler
                0x0000000008002460                USART4_5_IRQHandler
                0x0000000008002460                Default_Handler
                0x0000000008002460                TIM22_IRQHandler
                0x0000000008002460                TIM7_IRQHandler
                0x0000000008002460                EXTI0_1_IRQHandler
                0x0000000008002460                I2C3_IRQHandler
                0x0000000008002460                SPI2_IRQHandler
                0x0000000008002460                TIM21_IRQHandler
                0x0000000008002460                WWDG_IRQHandler
                0x0000000008002460                LPUART1_IRQHandler
                0x0000000008002460                TIM2_IRQHandler
                0x0000000008002460                DMA1_Channel2_3_IRQHandler
                0x0000000008002460                USART2_IRQHandler
                0x0000000008002460                FLASH_IRQHandler
                0x0000000008002460                USART1_IRQHandler
                0x0000000008002460                LPTIM1_IRQHandler
 *fill*         0x0000000008002462        0x2 
 .text.__libc_init_array
                0x0000000008002464       0x4c /usr/lib/gcc/arm-none-eabi/4.9.3/../../../arm-none-eabi/lib/armv6-m/libc_nano.a(lib_a-init.o)
                0x0000000008002464                __libc_init_array
 *(.glue_7)
 .glue_7        0x00000000080024b0        0x0 linker stubs
 *(.glue_7t)
 .glue_7t       0x00000000080024b0        0x0 linker stubs
 *(.eh_frame)
 .eh_frame      0x00000000080024b0        0x0 /usr/lib/gcc/arm-none-eabi/4.9.3/armv6-m/crtbegin.o
 *(.init)
 .init          0x00000000080024b0        0x4 /usr/lib/gcc/arm-none-eabi/4.9.3/armv6-m/crti.o
                0x00000000080024b0                _init
 .init          0x00000000080024b4        0x8 /usr/lib/gcc/arm-none-eabi/4.9.3/armv6-m/crtn.o
 *(.fini)
 .fini          0x00000000080024bc        0x4 /usr/lib/gcc/arm-none-eabi/4.9.3/armv6-m/crti.o
                0x00000000080024bc                _fini
 .fini          0x00000000080024c0        0x8 /usr/lib/gcc/arm-none-eabi/4.9.3/armv6-m/crtn.o
                0x00000000080024c8                . = ALIGN (0x4)
                0x00000000080024c8                _etext = .

.vfp11_veneer   0x00000000080024c8        0x0
 .vfp11_veneer  0x00000000080024c8        0x0 linker stubs

.v4_bx          0x00000000080024c8        0x0
 .v4_bx         0x00000000080024c8        0x0 linker stubs

.iplt           0x00000000080024c8        0x0
 .iplt          0x00000000080024c8        0x0 /usr/lib/gcc/arm-none-eabi/4.9.3/armv6-m/crtbegin.o

.rodata         0x00000000080024c8       0x6c
                0x00000000080024c8                . = ALIGN (0x4)
 *(.rodata)
 *(.rodata*)
 .rodata.UART_SetConfig
                0x00000000080024c8       0x48 build/stm32l0xx_hal_uart.o
 .rodata.AHBPrescTable
                0x0000000008002510       0x10 build/system_stm32l0xx.o
                0x0000000008002510                AHBPrescTable
 .rodata.APBPrescTable
                0x0000000008002520        0x8 build/system_stm32l0xx.o
                0x0000000008002520                APBPrescTable
 .rodata.PLLMulTable
                0x0000000008002528        0x9 build/system_stm32l0xx.o
                0x0000000008002528                PLLMulTable
                0x0000000008002534                . = ALIGN (0x4)
 *fill*         0x0000000008002531        0x3 

.ARM.extab
 *(.ARM.extab* .gnu.linkonce.armextab.*)

.ARM            0x0000000008002534        0x8
                0x0000000008002534                __exidx_start = .
 *(.ARM.exidx*)
 .ARM.exidx     0x0000000008002534        0x8 /usr/lib/gcc/arm-none-eabi/4.9.3/armv6-m/libgcc.a(_divdi3.o)
 .ARM.exidx     0x000000000800253c        0x0 /usr/lib/gcc/arm-none-eabi/4.9.3/armv6-m/libgcc.a(_udivdi3.o)
                                          0x8 (size before relaxing)
                0x000000000800253c                __exidx_end = .

.rel.dyn        0x000000000800253c        0x0
 .rel.iplt      0x000000000800253c        0x0 /usr/lib/gcc/arm-none-eabi/4.9.3/armv6-m/crtbegin.o

.preinit_array  0x000000000800253c        0x0
                0x000000000800253c                PROVIDE (__preinit_array_start, .)
 *(.preinit_array*)
                0x000000000800253c                PROVIDE (__preinit_array_end, .)

.init_array     0x000000000800253c        0x4
                0x000000000800253c                PROVIDE (__init_array_start, .)
 *(SORT(.init_array.*))
 *(.init_array*)
 .init_array    0x000000000800253c        0x4 /usr/lib/gcc/arm-none-eabi/4.9.3/armv6-m/crtbegin.o
                0x0000000008002540                PROVIDE (__init_array_end, .)

.fini_array     0x0000000008002540        0x4
                0x0000000008002540                PROVIDE (__fini_array_start, .)
 *(SORT(.fini_array.*))
 *(.fini_array*)
 .fini_array    0x0000000008002540        0x4 /usr/lib/gcc/arm-none-eabi/4.9.3/armv6-m/crtbegin.o
                0x0000000008002544                PROVIDE (__fini_array_end, .)
                0x0000000008002544                _sidata = LOADADDR (.data)

.data           0x0000000020000000        0x4 load address 0x0000000008002544
                0x0000000020000000                . = ALIGN (0x4)
                0x0000000020000000                _sdata = .
 *(.data)
 *(.data*)
 .data.SystemCoreClock
                0x0000000020000000        0x4 build/system_stm32l0xx.o
                0x0000000020000000                SystemCoreClock
                0x0000000020000004                . = ALIGN (0x4)
                0x0000000020000004                _edata = .

.jcr            0x0000000020000004        0x0 load address 0x0000000008002548
 .jcr           0x0000000020000004        0x0 /usr/lib/gcc/arm-none-eabi/4.9.3/armv6-m/crtbegin.o

.tm_clone_table
                0x0000000020000004        0x0 load address 0x0000000008002548
 .tm_clone_table
                0x0000000020000004        0x0 /usr/lib/gcc/arm-none-eabi/4.9.3/armv6-m/crtbegin.o
 .tm_clone_table
                0x0000000020000004        0x0 /usr/lib/gcc/arm-none-eabi/4.9.3/armv6-m/crtend.o

.igot.plt       0x0000000020000004        0x0 load address 0x0000000008002548
 .igot.plt      0x0000000020000004        0x0 /usr/lib/gcc/arm-none-eabi/4.9.3/armv6-m/crtbegin.o
                0x0000000020000004                . = ALIGN (0x4)

.bss            0x0000000020000004      0x238 load address 0x0000000008002548
                0x0000000020000004                _sbss = .
                0x0000000020000004                __bss_start__ = _sbss
 *(.bss)
 .bss           0x0000000020000004       0x1c /usr/lib/gcc/arm-none-eabi/4.9.3/armv6-m/crtbegin.o
 *(.bss*)
 *(COMMON)
 COMMON         0x0000000020000020       0x5c build/adc.o
                0x0000000020000020                hadc
 COMMON         0x000000002000007c       0xe4 build/i2c.o
                0x000000002000007c                hi2c3
                0x00000000200000c8                hi2c1
                0x0000000020000114                hi2c2
 COMMON         0x0000000020000160       0x58 build/spi.o
                0x0000000020000160                hspi1
 COMMON         0x00000000200001b8       0x80 build/usart.o
                0x00000000200001b8                huart1
 COMMON         0x0000000020000238        0x4 build/stm32l0xx_hal.o
                0x0000000020000238                uwTick
                0x000000002000023c                . = ALIGN (0x4)
                0x000000002000023c                _ebss = .
                0x000000002000023c                __bss_end__ = _ebss

._user_heap_stack
                0x000000002000023c      0xc04 load address 0x0000000008002548
                0x0000000020000240                . = ALIGN (0x8)
 *fill*         0x000000002000023c        0x4 
                [!provide]                        PROVIDE (end, .)
                [!provide]                        PROVIDE (_end, .)
                0x0000000020000640                . = (. + _Min_Heap_Size)
 *fill*         0x0000000020000240      0x400 
                0x0000000020000e40                . = (. + _Min_Stack_Size)
 *fill*         0x0000000020000640      0x800 
                0x0000000020000e40                . = ALIGN (0x8)

/DISCARD/
 libc.a(*)
 libm.a(*)
 libgcc.a(*)

.ARM.attributes
                0x0000000000000000       0x28
 *(.ARM.attributes)
 .ARM.attributes
                0x0000000000000000       0x1e /usr/lib/gcc/arm-none-eabi/4.9.3/armv6-m/crti.o
 .ARM.attributes
                0x000000000000001e       0x2c /usr/lib/gcc/arm-none-eabi/4.9.3/armv6-m/crtbegin.o
 .ARM.attributes
                0x000000000000004a       0x32 build/main.o
 .ARM.attributes
                0x000000000000007c       0x32 build/gpio.o
 .ARM.attributes
                0x00000000000000ae       0x32 build/adc.o
 .ARM.attributes
                0x00000000000000e0       0x32 build/i2c.o
 .ARM.attributes
                0x0000000000000112       0x32 build/spi.o
 .ARM.attributes
                0x0000000000000144       0x32 build/usart.o
 .ARM.attributes
                0x0000000000000176       0x32 build/stm32l0xx_it.o
 .ARM.attributes
                0x00000000000001a8       0x32 build/stm32l0xx_hal_msp.o
 .ARM.attributes
                0x00000000000001da       0x32 build/stm32l0xx_hal_adc.o
 .ARM.attributes
                0x000000000000020c       0x32 build/stm32l0xx_hal.o
 .ARM.attributes
                0x000000000000023e       0x32 build/stm32l0xx_hal_i2c.o
 .ARM.attributes
                0x0000000000000270       0x32 build/stm32l0xx_hal_i2c_ex.o
 .ARM.attributes
                0x00000000000002a2       0x32 build/stm32l0xx_hal_rcc.o
 .ARM.attributes
                0x00000000000002d4       0x32 build/stm32l0xx_hal_rcc_ex.o
 .ARM.attributes
                0x0000000000000306       0x32 build/stm32l0xx_hal_gpio.o
 .ARM.attributes
                0x0000000000000338       0x32 build/stm32l0xx_hal_cortex.o
 .ARM.attributes
                0x000000000000036a       0x32 build/stm32l0xx_hal_spi.o
 .ARM.attributes
                0x000000000000039c       0x32 build/stm32l0xx_hal_uart.o
 .ARM.attributes
                0x00000000000003ce       0x32 build/system_stm32l0xx.o
 .ARM.attributes
                0x0000000000000400       0x22 build/startup_stm32l071xx.o
 .ARM.attributes
                0x0000000000000422       0x2c /usr/lib/gcc/arm-none-eabi/4.9.3/../../../arm-none-eabi/lib/armv6-m/libc_nano.a(lib_a-init.o)
 .ARM.attributes
                0x000000000000044e       0x1e /usr/lib/gcc/arm-none-eabi/4.9.3/armv6-m/libgcc.a(_udivsi3.o)
 .ARM.attributes
                0x000000000000046c       0x1e /usr/lib/gcc/arm-none-eabi/4.9.3/armv6-m/libgcc.a(_dvmd_tls.o)
 .ARM.attributes
                0x000000000000048a       0x1e /usr/lib/gcc/arm-none-eabi/4.9.3/armv6-m/libgcc.a(_aeabi_uldivmod.o)
 .ARM.attributes
                0x00000000000004a8       0x2c /usr/lib/gcc/arm-none-eabi/4.9.3/armv6-m/libgcc.a(bpabi.o)
 .ARM.attributes
                0x00000000000004d4       0x2c /usr/lib/gcc/arm-none-eabi/4.9.3/armv6-m/libgcc.a(_muldi3.o)
 .ARM.attributes
                0x0000000000000500       0x2c /usr/lib/gcc/arm-none-eabi/4.9.3/armv6-m/libgcc.a(_divdi3.o)
 .ARM.attributes
                0x000000000000052c       0x2c /usr/lib/gcc/arm-none-eabi/4.9.3/armv6-m/libgcc.a(_udivdi3.o)
 .ARM.attributes
                0x0000000000000558       0x1e /usr/lib/gcc/arm-none-eabi/4.9.3/armv6-m/libgcc.a(_clzdi2.o)
 .ARM.attributes
                0x0000000000000576       0x1e /usr/lib/gcc/arm-none-eabi/4.9.3/armv6-m/libgcc.a(_clzsi2.o)
 .ARM.attributes
                0x0000000000000594       0x2c /usr/lib/gcc/arm-none-eabi/4.9.3/armv6-m/crtend.o
 .ARM.attributes
                0x00000000000005c0       0x1e /usr/lib/gcc/arm-none-eabi/4.9.3/armv6-m/crtn.o
OUTPUT(build/vihr_l071test_aux.elf elf32-littlearm)

.comment        0x0000000000000000       0x70
 .comment       0x0000000000000000       0x38 /usr/lib/gcc/arm-none-eabi/4.9.3/armv6-m/crtbegin.o
                                         0x39 (size before relaxing)
 .comment       0x0000000000000038       0x39 build/main.o
 .comment       0x0000000000000038       0x39 build/gpio.o
 .comment       0x0000000000000038       0x39 build/adc.o
 .comment       0x0000000000000038       0x39 build/i2c.o
 .comment       0x0000000000000038       0x39 build/spi.o
 .comment       0x0000000000000038       0x39 build/usart.o
 .comment       0x0000000000000038       0x39 build/stm32l0xx_it.o
 .comment       0x0000000000000038       0x39 build/stm32l0xx_hal_msp.o
 .comment       0x0000000000000038       0x39 build/stm32l0xx_hal_adc.o
 .comment       0x0000000000000038       0x39 build/stm32l0xx_hal.o
 .comment       0x0000000000000038       0x39 build/stm32l0xx_hal_i2c.o
 .comment       0x0000000000000038       0x39 build/stm32l0xx_hal_i2c_ex.o
 .comment       0x0000000000000038       0x39 build/stm32l0xx_hal_rcc.o
 .comment       0x0000000000000038       0x39 build/stm32l0xx_hal_rcc_ex.o
 .comment       0x0000000000000038       0x39 build/stm32l0xx_hal_gpio.o
 .comment       0x0000000000000038       0x39 build/stm32l0xx_hal_cortex.o
 .comment       0x0000000000000038       0x39 build/stm32l0xx_hal_spi.o
 .comment       0x0000000000000038       0x39 build/stm32l0xx_hal_uart.o
 .comment       0x0000000000000038       0x39 build/system_stm32l0xx.o
 .comment       0x0000000000000038       0x38 /usr/lib/gcc/arm-none-eabi/4.9.3/../../../arm-none-eabi/lib/armv6-m/libc_nano.a(lib_a-init.o)
                                         0x39 (size before relaxing)
 .comment       0x0000000000000070       0x39 /usr/lib/gcc/arm-none-eabi/4.9.3/armv6-m/libgcc.a(bpabi.o)
 .comment       0x0000000000000070       0x39 /usr/lib/gcc/arm-none-eabi/4.9.3/armv6-m/libgcc.a(_muldi3.o)
 .comment       0x0000000000000070       0x39 /usr/lib/gcc/arm-none-eabi/4.9.3/armv6-m/libgcc.a(_divdi3.o)
 .comment       0x0000000000000070       0x39 /usr/lib/gcc/arm-none-eabi/4.9.3/armv6-m/libgcc.a(_udivdi3.o)
 .comment       0x0000000000000070       0x39 /usr/lib/gcc/arm-none-eabi/4.9.3/armv6-m/crtend.o

.debug_info     0x0000000000000000     0xfe53
 .debug_info    0x0000000000000000      0x489 build/main.o
 .debug_info    0x0000000000000489      0x468 build/gpio.o
 .debug_info    0x00000000000008f1      0xa3f build/adc.o
 .debug_info    0x0000000000001330      0xc96 build/i2c.o
 .debug_info    0x0000000000001fc6      0x995 build/spi.o
 .debug_info    0x000000000000295b      0xa20 build/usart.o
 .debug_info    0x000000000000337b       0xfa build/stm32l0xx_it.o
 .debug_info    0x0000000000003475      0x1f7 build/stm32l0xx_hal_msp.o
 .debug_info    0x000000000000366c      0xfcc build/stm32l0xx_hal_adc.o
 .debug_info    0x0000000000004638      0x8ba build/stm32l0xx_hal.o
 .debug_info    0x0000000000004ef2     0x3a2c build/stm32l0xx_hal_i2c.o
 .debug_info    0x000000000000891e      0x928 build/stm32l0xx_hal_i2c_ex.o
 .debug_info    0x0000000000009246      0xc50 build/stm32l0xx_hal_rcc.o
 .debug_info    0x0000000000009e96      0x5b3 build/stm32l0xx_hal_rcc_ex.o
 .debug_info    0x000000000000a449      0x697 build/stm32l0xx_hal_gpio.o
 .debug_info    0x000000000000aae0      0x9ad build/stm32l0xx_hal_cortex.o
 .debug_info    0x000000000000b48d     0x1cd2 build/stm32l0xx_hal_spi.o
 .debug_info    0x000000000000d15f     0x1ca6 build/stm32l0xx_hal_uart.o
 .debug_info    0x000000000000ee05      0x3b1 build/system_stm32l0xx.o
 .debug_info    0x000000000000f1b6       0x7b build/startup_stm32l071xx.o
 .debug_info    0x000000000000f231      0x105 /usr/lib/gcc/arm-none-eabi/4.9.3/../../../arm-none-eabi/lib/armv6-m/libc_nano.a(lib_a-init.o)
 .debug_info    0x000000000000f336       0xb9 /usr/lib/gcc/arm-none-eabi/4.9.3/armv6-m/libgcc.a(_udivsi3.o)
 .debug_info    0x000000000000f3ef       0xb9 /usr/lib/gcc/arm-none-eabi/4.9.3/armv6-m/libgcc.a(_dvmd_tls.o)
 .debug_info    0x000000000000f4a8       0xb9 /usr/lib/gcc/arm-none-eabi/4.9.3/armv6-m/libgcc.a(_aeabi_uldivmod.o)
 .debug_info    0x000000000000f561      0x15e /usr/lib/gcc/arm-none-eabi/4.9.3/armv6-m/libgcc.a(bpabi.o)
 .debug_info    0x000000000000f6bf      0x1fa /usr/lib/gcc/arm-none-eabi/4.9.3/armv6-m/libgcc.a(_muldi3.o)
 .debug_info    0x000000000000f8b9      0x261 /usr/lib/gcc/arm-none-eabi/4.9.3/armv6-m/libgcc.a(_divdi3.o)
 .debug_info    0x000000000000fb1a      0x1c7 /usr/lib/gcc/arm-none-eabi/4.9.3/armv6-m/libgcc.a(_udivdi3.o)
 .debug_info    0x000000000000fce1       0xb9 /usr/lib/gcc/arm-none-eabi/4.9.3/armv6-m/libgcc.a(_clzdi2.o)
 .debug_info    0x000000000000fd9a       0xb9 /usr/lib/gcc/arm-none-eabi/4.9.3/armv6-m/libgcc.a(_clzsi2.o)

.debug_abbrev   0x0000000000000000     0x2731
 .debug_abbrev  0x0000000000000000      0x17f build/main.o
 .debug_abbrev  0x000000000000017f      0x146 build/gpio.o
 .debug_abbrev  0x00000000000002c5      0x1d6 build/adc.o
 .debug_abbrev  0x000000000000049b      0x1e7 build/i2c.o
 .debug_abbrev  0x0000000000000682      0x1c7 build/spi.o
 .debug_abbrev  0x0000000000000849      0x1c7 build/usart.o
 .debug_abbrev  0x0000000000000a10       0x7a build/stm32l0xx_it.o
 .debug_abbrev  0x0000000000000a8a       0x90 build/stm32l0xx_hal_msp.o
 .debug_abbrev  0x0000000000000b1a      0x263 build/stm32l0xx_hal_adc.o
 .debug_abbrev  0x0000000000000d7d      0x251 build/stm32l0xx_hal.o
 .debug_abbrev  0x0000000000000fce      0x2a4 build/stm32l0xx_hal_i2c.o
 .debug_abbrev  0x0000000000001272      0x18f build/stm32l0xx_hal_i2c_ex.o
 .debug_abbrev  0x0000000000001401      0x28e build/stm32l0xx_hal_rcc.o
 .debug_abbrev  0x000000000000168f      0x1a5 build/stm32l0xx_hal_rcc_ex.o
 .debug_abbrev  0x0000000000001834      0x1fe build/stm32l0xx_hal_gpio.o
 .debug_abbrev  0x0000000000001a32      0x223 build/stm32l0xx_hal_cortex.o
 .debug_abbrev  0x0000000000001c55      0x2b5 build/stm32l0xx_hal_spi.o
 .debug_abbrev  0x0000000000001f0a      0x270 build/stm32l0xx_hal_uart.o
 .debug_abbrev  0x000000000000217a       0xf2 build/system_stm32l0xx.o
 .debug_abbrev  0x000000000000226c       0x12 build/startup_stm32l071xx.o
 .debug_abbrev  0x000000000000227e       0xba /usr/lib/gcc/arm-none-eabi/4.9.3/../../../arm-none-eabi/lib/armv6-m/libc_nano.a(lib_a-init.o)
 .debug_abbrev  0x0000000000002338       0x14 /usr/lib/gcc/arm-none-eabi/4.9.3/armv6-m/libgcc.a(_udivsi3.o)
 .debug_abbrev  0x000000000000234c       0x14 /usr/lib/gcc/arm-none-eabi/4.9.3/armv6-m/libgcc.a(_dvmd_tls.o)
 .debug_abbrev  0x0000000000002360       0x14 /usr/lib/gcc/arm-none-eabi/4.9.3/armv6-m/libgcc.a(_aeabi_uldivmod.o)
 .debug_abbrev  0x0000000000002374       0xb7 /usr/lib/gcc/arm-none-eabi/4.9.3/armv6-m/libgcc.a(bpabi.o)
 .debug_abbrev  0x000000000000242b       0xef /usr/lib/gcc/arm-none-eabi/4.9.3/armv6-m/libgcc.a(_muldi3.o)
 .debug_abbrev  0x000000000000251a      0x128 /usr/lib/gcc/arm-none-eabi/4.9.3/armv6-m/libgcc.a(_divdi3.o)
 .debug_abbrev  0x0000000000002642       0xc7 /usr/lib/gcc/arm-none-eabi/4.9.3/armv6-m/libgcc.a(_udivdi3.o)
 .debug_abbrev  0x0000000000002709       0x14 /usr/lib/gcc/arm-none-eabi/4.9.3/armv6-m/libgcc.a(_clzdi2.o)
 .debug_abbrev  0x000000000000271d       0x14 /usr/lib/gcc/arm-none-eabi/4.9.3/armv6-m/libgcc.a(_clzsi2.o)

.debug_loc      0x0000000000000000     0xb7a4
 .debug_loc     0x0000000000000000       0x4d build/main.o
 .debug_loc     0x000000000000004d       0x2c build/gpio.o
 .debug_loc     0x0000000000000079       0xba build/adc.o
 .debug_loc     0x0000000000000133      0x15f build/i2c.o
 .debug_loc     0x0000000000000292       0xae build/spi.o
 .debug_loc     0x0000000000000340       0xae build/usart.o
 .debug_loc     0x00000000000003ee       0x20 build/stm32l0xx_it.o
 .debug_loc     0x000000000000040e      0xdbd build/stm32l0xx_hal_adc.o
 .debug_loc     0x00000000000011cb      0x189 build/stm32l0xx_hal.o
 .debug_loc     0x0000000000001354     0x4119 build/stm32l0xx_hal_i2c.o
 .debug_loc     0x000000000000546d      0x2ad build/stm32l0xx_hal_i2c_ex.o
 .debug_loc     0x000000000000571a      0x83f build/stm32l0xx_hal_rcc.o
 .debug_loc     0x0000000000005f59      0x8e1 build/stm32l0xx_hal_rcc_ex.o
 .debug_loc     0x000000000000683a      0x328 build/stm32l0xx_hal_gpio.o
 .debug_loc     0x0000000000006b62      0x2e9 build/stm32l0xx_hal_cortex.o
 .debug_loc     0x0000000000006e4b     0x1f0b build/stm32l0xx_hal_spi.o
 .debug_loc     0x0000000000008d56     0x1cb0 build/stm32l0xx_hal_uart.o
 .debug_loc     0x000000000000aa06      0x137 build/system_stm32l0xx.o
 .debug_loc     0x000000000000ab3d       0x3c /usr/lib/gcc/arm-none-eabi/4.9.3/../../../arm-none-eabi/lib/armv6-m/libc_nano.a(lib_a-init.o)
 .debug_loc     0x000000000000ab79       0xe0 /usr/lib/gcc/arm-none-eabi/4.9.3/armv6-m/libgcc.a(bpabi.o)
 .debug_loc     0x000000000000ac59      0x191 /usr/lib/gcc/arm-none-eabi/4.9.3/armv6-m/libgcc.a(_muldi3.o)
 .debug_loc     0x000000000000adea      0x541 /usr/lib/gcc/arm-none-eabi/4.9.3/armv6-m/libgcc.a(_divdi3.o)
 .debug_loc     0x000000000000b32b      0x479 /usr/lib/gcc/arm-none-eabi/4.9.3/armv6-m/libgcc.a(_udivdi3.o)

.debug_aranges  0x0000000000000000      0xd60
 .debug_aranges
                0x0000000000000000       0x30 build/main.o
 .debug_aranges
                0x0000000000000030       0x20 build/gpio.o
 .debug_aranges
                0x0000000000000050       0x30 build/adc.o
 .debug_aranges
                0x0000000000000080       0x40 build/i2c.o
 .debug_aranges
                0x00000000000000c0       0x30 build/spi.o
 .debug_aranges
                0x00000000000000f0       0x30 build/usart.o
 .debug_aranges
                0x0000000000000120       0x40 build/stm32l0xx_it.o
 .debug_aranges
                0x0000000000000160       0x20 build/stm32l0xx_hal_msp.o
 .debug_aranges
                0x0000000000000180      0x100 build/stm32l0xx_hal_adc.o
 .debug_aranges
                0x0000000000000280       0xf8 build/stm32l0xx_hal.o
 .debug_aranges
                0x0000000000000378      0x288 build/stm32l0xx_hal_i2c.o
 .debug_aranges
                0x0000000000000600       0x48 build/stm32l0xx_hal_i2c_ex.o
 .debug_aranges
                0x0000000000000648       0x80 build/stm32l0xx_hal_rcc.o
 .debug_aranges
                0x00000000000006c8       0x58 build/stm32l0xx_hal_rcc_ex.o
 .debug_aranges
                0x0000000000000720       0x58 build/stm32l0xx_hal_gpio.o
 .debug_aranges
                0x0000000000000778       0x90 build/stm32l0xx_hal_cortex.o
 .debug_aranges
                0x0000000000000808      0x1d0 build/stm32l0xx_hal_spi.o
 .debug_aranges
                0x00000000000009d8      0x1f8 build/stm32l0xx_hal_uart.o
 .debug_aranges
                0x0000000000000bd0       0x28 build/system_stm32l0xx.o
 .debug_aranges
                0x0000000000000bf8       0x28 build/startup_stm32l071xx.o
 .debug_aranges
                0x0000000000000c20       0x20 /usr/lib/gcc/arm-none-eabi/4.9.3/../../../arm-none-eabi/lib/armv6-m/libc_nano.a(lib_a-init.o)
 .debug_aranges
                0x0000000000000c40       0x20 /usr/lib/gcc/arm-none-eabi/4.9.3/armv6-m/libgcc.a(_udivsi3.o)
 .debug_aranges
                0x0000000000000c60       0x20 /usr/lib/gcc/arm-none-eabi/4.9.3/armv6-m/libgcc.a(_dvmd_tls.o)
 .debug_aranges
                0x0000000000000c80       0x20 /usr/lib/gcc/arm-none-eabi/4.9.3/armv6-m/libgcc.a(_aeabi_uldivmod.o)
 .debug_aranges
                0x0000000000000ca0       0x20 /usr/lib/gcc/arm-none-eabi/4.9.3/armv6-m/libgcc.a(bpabi.o)
 .debug_aranges
                0x0000000000000cc0       0x20 /usr/lib/gcc/arm-none-eabi/4.9.3/armv6-m/libgcc.a(_muldi3.o)
 .debug_aranges
                0x0000000000000ce0       0x20 /usr/lib/gcc/arm-none-eabi/4.9.3/armv6-m/libgcc.a(_divdi3.o)
 .debug_aranges
                0x0000000000000d00       0x20 /usr/lib/gcc/arm-none-eabi/4.9.3/armv6-m/libgcc.a(_udivdi3.o)
 .debug_aranges
                0x0000000000000d20       0x20 /usr/lib/gcc/arm-none-eabi/4.9.3/armv6-m/libgcc.a(_clzdi2.o)
 .debug_aranges
                0x0000000000000d40       0x20 /usr/lib/gcc/arm-none-eabi/4.9.3/armv6-m/libgcc.a(_clzsi2.o)

.debug_ranges   0x0000000000000000      0xb80
 .debug_ranges  0x0000000000000000       0x20 build/main.o
 .debug_ranges  0x0000000000000020       0x10 build/gpio.o
 .debug_ranges  0x0000000000000030       0x20 build/adc.o
 .debug_ranges  0x0000000000000050       0x30 build/i2c.o
 .debug_ranges  0x0000000000000080       0x20 build/spi.o
 .debug_ranges  0x00000000000000a0       0x20 build/usart.o
 .debug_ranges  0x00000000000000c0       0x30 build/stm32l0xx_it.o
 .debug_ranges  0x00000000000000f0       0x10 build/stm32l0xx_hal_msp.o
 .debug_ranges  0x0000000000000100       0xf0 build/stm32l0xx_hal_adc.o
 .debug_ranges  0x00000000000001f0       0xe8 build/stm32l0xx_hal.o
 .debug_ranges  0x00000000000002d8      0x278 build/stm32l0xx_hal_i2c.o
 .debug_ranges  0x0000000000000550       0x38 build/stm32l0xx_hal_i2c_ex.o
 .debug_ranges  0x0000000000000588       0x88 build/stm32l0xx_hal_rcc.o
 .debug_ranges  0x0000000000000610       0x60 build/stm32l0xx_hal_rcc_ex.o
 .debug_ranges  0x0000000000000670       0x48 build/stm32l0xx_hal_gpio.o
 .debug_ranges  0x00000000000006b8       0x80 build/stm32l0xx_hal_cortex.o
 .debug_ranges  0x0000000000000738      0x1c0 build/stm32l0xx_hal_spi.o
 .debug_ranges  0x00000000000008f8      0x1e8 build/stm32l0xx_hal_uart.o
 .debug_ranges  0x0000000000000ae0       0x18 build/system_stm32l0xx.o
 .debug_ranges  0x0000000000000af8       0x20 build/startup_stm32l071xx.o
 .debug_ranges  0x0000000000000b18       0x10 /usr/lib/gcc/arm-none-eabi/4.9.3/../../../arm-none-eabi/lib/armv6-m/libc_nano.a(lib_a-init.o)
 .debug_ranges  0x0000000000000b28       0x28 /usr/lib/gcc/arm-none-eabi/4.9.3/armv6-m/libgcc.a(_muldi3.o)
 .debug_ranges  0x0000000000000b50       0x18 /usr/lib/gcc/arm-none-eabi/4.9.3/armv6-m/libgcc.a(_divdi3.o)
 .debug_ranges  0x0000000000000b68       0x18 /usr/lib/gcc/arm-none-eabi/4.9.3/armv6-m/libgcc.a(_udivdi3.o)

.debug_line     0x0000000000000000     0x5875
 .debug_line    0x0000000000000000      0x1c4 build/main.o
 .debug_line    0x00000000000001c4      0x117 build/gpio.o
 .debug_line    0x00000000000002db      0x1a9 build/adc.o
 .debug_line    0x0000000000000484      0x20d build/i2c.o
 .debug_line    0x0000000000000691      0x190 build/spi.o
 .debug_line    0x0000000000000821      0x191 build/usart.o
 .debug_line    0x00000000000009b2       0xc1 build/stm32l0xx_it.o
 .debug_line    0x0000000000000a73       0xdb build/stm32l0xx_hal_msp.o
 .debug_line    0x0000000000000b4e      0x65a build/stm32l0xx_hal_adc.o
 .debug_line    0x00000000000011a8      0x389 build/stm32l0xx_hal.o
 .debug_line    0x0000000000001531     0x1482 build/stm32l0xx_hal_i2c.o
 .debug_line    0x00000000000029b3      0x294 build/stm32l0xx_hal_i2c_ex.o
 .debug_line    0x0000000000002c47      0x487 build/stm32l0xx_hal_rcc.o
 .debug_line    0x00000000000030ce      0x344 build/stm32l0xx_hal_rcc_ex.o
 .debug_line    0x0000000000003412      0x297 build/stm32l0xx_hal_gpio.o
 .debug_line    0x00000000000036a9      0x317 build/stm32l0xx_hal_cortex.o
 .debug_line    0x00000000000039c0      0xb72 build/stm32l0xx_hal_spi.o
 .debug_line    0x0000000000004532      0xca0 build/stm32l0xx_hal_uart.o
 .debug_line    0x00000000000051d2      0x12f build/system_stm32l0xx.o
 .debug_line    0x0000000000005301       0x78 build/startup_stm32l071xx.o
 .debug_line    0x0000000000005379       0xb5 /usr/lib/gcc/arm-none-eabi/4.9.3/../../../arm-none-eabi/lib/armv6-m/libc_nano.a(lib_a-init.o)
 .debug_line    0x000000000000542e       0x6c /usr/lib/gcc/arm-none-eabi/4.9.3/armv6-m/libgcc.a(_udivsi3.o)
 .debug_line    0x000000000000549a       0x5e /usr/lib/gcc/arm-none-eabi/4.9.3/armv6-m/libgcc.a(_dvmd_tls.o)
 .debug_line    0x00000000000054f8       0x69 /usr/lib/gcc/arm-none-eabi/4.9.3/armv6-m/libgcc.a(_aeabi_uldivmod.o)
 .debug_line    0x0000000000005561       0x68 /usr/lib/gcc/arm-none-eabi/4.9.3/armv6-m/libgcc.a(bpabi.o)
 .debug_line    0x00000000000055c9       0x8d /usr/lib/gcc/arm-none-eabi/4.9.3/armv6-m/libgcc.a(_muldi3.o)
 .debug_line    0x0000000000005656       0xab /usr/lib/gcc/arm-none-eabi/4.9.3/armv6-m/libgcc.a(_divdi3.o)
 .debug_line    0x0000000000005701       0x9a /usr/lib/gcc/arm-none-eabi/4.9.3/armv6-m/libgcc.a(_udivdi3.o)
 .debug_line    0x000000000000579b       0x68 /usr/lib/gcc/arm-none-eabi/4.9.3/armv6-m/libgcc.a(_clzdi2.o)
 .debug_line    0x0000000000005803       0x72 /usr/lib/gcc/arm-none-eabi/4.9.3/armv6-m/libgcc.a(_clzsi2.o)

.debug_str      0x0000000000000000     0x396a
 .debug_str     0x0000000000000000      0x434 build/main.o
                                        0x471 (size before relaxing)
 .debug_str     0x0000000000000434      0x162 build/gpio.o
                                        0x2d9 (size before relaxing)
 .debug_str     0x0000000000000596      0x42a build/adc.o
                                        0x753 (size before relaxing)
 .debug_str     0x00000000000009c0      0x2ff build/i2c.o
                                        0x819 (size before relaxing)
 .debug_str     0x0000000000000cbf      0x1f9 build/spi.o
                                        0x6f9 (size before relaxing)
 .debug_str     0x0000000000000eb8      0x1b6 build/usart.o
                                        0x707 (size before relaxing)
 .debug_str     0x000000000000106e       0x68 build/stm32l0xx_it.o
                                        0x1ab (size before relaxing)
 .debug_str     0x00000000000010d6       0x24 build/stm32l0xx_hal_msp.o
                                        0x213 (size before relaxing)
 .debug_str     0x00000000000010fa      0x32d build/stm32l0xx_hal_adc.o
                                        0x93e (size before relaxing)
 .debug_str     0x0000000000001427      0x4f1 build/stm32l0xx_hal.o
                                        0x787 (size before relaxing)
 .debug_str     0x0000000000001918      0x854 build/stm32l0xx_hal_i2c.o
                                        0xf05 (size before relaxing)
 .debug_str     0x000000000000216c       0xb5 build/stm32l0xx_hal_i2c_ex.o
                                        0x80f (size before relaxing)
 .debug_str     0x0000000000002221      0x1d1 build/stm32l0xx_hal_rcc.o
                                        0x694 (size before relaxing)
 .debug_str     0x00000000000023f2      0x13a build/stm32l0xx_hal_rcc_ex.o
                                        0x4d8 (size before relaxing)
 .debug_str     0x000000000000252c       0xc7 build/stm32l0xx_hal_gpio.o
                                        0x425 (size before relaxing)
 .debug_str     0x00000000000025f3      0x2b3 build/stm32l0xx_hal_cortex.o
                                        0x6eb (size before relaxing)
 .debug_str     0x00000000000028a6      0x4fb build/stm32l0xx_hal_spi.o
                                        0xb34 (size before relaxing)
 .debug_str     0x0000000000002da1      0x6b6 build/stm32l0xx_hal_uart.o
                                        0xde3 (size before relaxing)
 .debug_str     0x0000000000003457       0x59 build/system_stm32l0xx.o
                                        0x2c1 (size before relaxing)
 .debug_str     0x00000000000034b0      0x19b /usr/lib/gcc/arm-none-eabi/4.9.3/../../../arm-none-eabi/lib/armv6-m/libc_nano.a(lib_a-init.o)
                                        0x233 (size before relaxing)
 .debug_str     0x000000000000364b      0x1a8 /usr/lib/gcc/arm-none-eabi/4.9.3/armv6-m/libgcc.a(bpabi.o)
                                        0x1cd (size before relaxing)
 .debug_str     0x00000000000037f3       0x8d /usr/lib/gcc/arm-none-eabi/4.9.3/armv6-m/libgcc.a(_muldi3.o)
                                        0x25e (size before relaxing)
 .debug_str     0x0000000000003880       0xea /usr/lib/gcc/arm-none-eabi/4.9.3/armv6-m/libgcc.a(_divdi3.o)
                                        0x258 (size before relaxing)
 .debug_str     0x000000000000396a      0x235 /usr/lib/gcc/arm-none-eabi/4.9.3/armv6-m/libgcc.a(_udivdi3.o)

.debug_frame    0x0000000000000000     0x23cc
 .debug_frame   0x0000000000000000       0x58 build/main.o
 .debug_frame   0x0000000000000058       0x38 build/gpio.o
 .debug_frame   0x0000000000000090       0x64 build/adc.o
 .debug_frame   0x00000000000000f4       0xac build/i2c.o
 .debug_frame   0x00000000000001a0       0x64 build/spi.o
 .debug_frame   0x0000000000000204       0x64 build/usart.o
 .debug_frame   0x0000000000000268       0x6c build/stm32l0xx_it.o
 .debug_frame   0x00000000000002d4       0x20 build/stm32l0xx_hal_msp.o
 .debug_frame   0x00000000000002f4      0x314 build/stm32l0xx_hal_adc.o
 .debug_frame   0x0000000000000608      0x204 build/stm32l0xx_hal.o
 .debug_frame   0x000000000000080c      0x970 build/stm32l0xx_hal_i2c.o
 .debug_frame   0x000000000000117c       0xb8 build/stm32l0xx_hal_i2c_ex.o
 .debug_frame   0x0000000000001234      0x160 build/stm32l0xx_hal_rcc.o
 .debug_frame   0x0000000000001394       0xc4 build/stm32l0xx_hal_rcc_ex.o
 .debug_frame   0x0000000000001458       0xe0 build/stm32l0xx_hal_gpio.o
 .debug_frame   0x0000000000001538      0x128 build/stm32l0xx_hal_cortex.o
 .debug_frame   0x0000000000001660      0x5dc build/stm32l0xx_hal_spi.o
 .debug_frame   0x0000000000001c3c      0x60c build/stm32l0xx_hal_uart.o
 .debug_frame   0x0000000000002248       0x3c build/system_stm32l0xx.o
 .debug_frame   0x0000000000002284       0x2c /usr/lib/gcc/arm-none-eabi/4.9.3/../../../arm-none-eabi/lib/armv6-m/libc_nano.a(lib_a-init.o)
 .debug_frame   0x00000000000022b0       0x20 /usr/lib/gcc/arm-none-eabi/4.9.3/armv6-m/libgcc.a(_udivsi3.o)
 .debug_frame   0x00000000000022d0       0x50 /usr/lib/gcc/arm-none-eabi/4.9.3/armv6-m/libgcc.a(bpabi.o)
 .debug_frame   0x0000000000002320       0x34 /usr/lib/gcc/arm-none-eabi/4.9.3/armv6-m/libgcc.a(_muldi3.o)
 .debug_frame   0x0000000000002354       0x3c /usr/lib/gcc/arm-none-eabi/4.9.3/armv6-m/libgcc.a(_divdi3.o)
 .debug_frame   0x0000000000002390       0x3c /usr/lib/gcc/arm-none-eabi/4.9.3/armv6-m/libgcc.a(_udivdi3.o)

Cross Reference Table

Symbol                                            File
ADC1_COMP_IRQHandler                              build/startup_stm32l071xx.o
AHBPrescTable                                     build/system_stm32l0xx.o
                                                  build/stm32l0xx_hal_rcc.o
APBPrescTable                                     build/system_stm32l0xx.o
                                                  build/stm32l0xx_hal_rcc.o
DMA1_Channel1_IRQHandler                          build/startup_stm32l071xx.o
DMA1_Channel2_3_IRQHandler                        build/startup_stm32l071xx.o
DMA1_Channel4_5_6_7_IRQHandler                    build/startup_stm32l071xx.o
Default_Handler                                   build/startup_stm32l071xx.o
EXTI0_1_IRQHandler                                build/startup_stm32l071xx.o
EXTI2_3_IRQHandler                                build/startup_stm32l071xx.o
EXTI4_15_IRQHandler                               build/startup_stm32l071xx.o
Error_Handler                                     build/main.o
                                                  build/usart.o
                                                  build/spi.o
                                                  build/i2c.o
                                                  build/adc.o
FLASH_IRQHandler                                  build/startup_stm32l071xx.o
FLASH_PageErase                                   build/stm32l0xx_hal_flash_ex.o
                                                  build/stm32l0xx_hal_flash.o
FLASH_WaitForLastOperation                        build/stm32l0xx_hal_flash.o
                                                  build/stm32l0xx_hal_flash_ex.o
HAL_ADCEx_Calibration_GetValue                    build/stm32l0xx_hal_adc_ex.o
HAL_ADCEx_Calibration_SetValue                    build/stm32l0xx_hal_adc_ex.o
HAL_ADCEx_Calibration_Start                       build/stm32l0xx_hal_adc_ex.o
HAL_ADCEx_DisableVREFINT                          build/stm32l0xx_hal_adc_ex.o
HAL_ADCEx_DisableVREFINTTempSensor                build/stm32l0xx_hal_adc_ex.o
HAL_ADCEx_EnableVREFINT                           build/stm32l0xx_hal_adc_ex.o
HAL_ADCEx_EnableVREFINTTempSensor                 build/stm32l0xx_hal_adc_ex.o
HAL_ADC_AnalogWDGConfig                           build/stm32l0xx_hal_adc.o
HAL_ADC_ConfigChannel                             build/stm32l0xx_hal_adc.o
                                                  build/adc.o
HAL_ADC_ConvCpltCallback                          build/stm32l0xx_hal_adc.o
HAL_ADC_ConvHalfCpltCallback                      build/stm32l0xx_hal_adc.o
HAL_ADC_DeInit                                    build/stm32l0xx_hal_adc.o
HAL_ADC_ErrorCallback                             build/stm32l0xx_hal_adc.o
HAL_ADC_GetError                                  build/stm32l0xx_hal_adc.o
HAL_ADC_GetState                                  build/stm32l0xx_hal_adc.o
HAL_ADC_GetValue                                  build/stm32l0xx_hal_adc.o
HAL_ADC_IRQHandler                                build/stm32l0xx_hal_adc.o
HAL_ADC_Init                                      build/stm32l0xx_hal_adc.o
                                                  build/adc.o
HAL_ADC_LevelOutOfWindowCallback                  build/stm32l0xx_hal_adc.o
HAL_ADC_MspDeInit                                 build/adc.o
HAL_ADC_MspInit                                   build/adc.o
HAL_ADC_PollForConversion                         build/stm32l0xx_hal_adc.o
HAL_ADC_PollForEvent                              build/stm32l0xx_hal_adc.o
HAL_ADC_Start                                     build/stm32l0xx_hal_adc.o
HAL_ADC_Start_DMA                                 build/stm32l0xx_hal_adc.o
HAL_ADC_Start_IT                                  build/stm32l0xx_hal_adc.o
HAL_ADC_Stop                                      build/stm32l0xx_hal_adc.o
HAL_ADC_Stop_DMA                                  build/stm32l0xx_hal_adc.o
HAL_ADC_Stop_IT                                   build/stm32l0xx_hal_adc.o
HAL_DBGMCU_DBG_DisableLowPowerConfig              build/stm32l0xx_hal.o
HAL_DBGMCU_DBG_EnableLowPowerConfig               build/stm32l0xx_hal.o
HAL_DBGMCU_DisableDBGSleepMode                    build/stm32l0xx_hal.o
HAL_DBGMCU_DisableDBGStandbyMode                  build/stm32l0xx_hal.o
HAL_DBGMCU_DisableDBGStopMode                     build/stm32l0xx_hal.o
HAL_DBGMCU_EnableDBGSleepMode                     build/stm32l0xx_hal.o
HAL_DBGMCU_EnableDBGStandbyMode                   build/stm32l0xx_hal.o
HAL_DBGMCU_EnableDBGStopMode                      build/stm32l0xx_hal.o
HAL_DMA_Abort                                     build/stm32l0xx_hal_dma.o
                                                  build/stm32l0xx_hal_uart.o
                                                  build/stm32l0xx_hal_spi.o
                                                  build/stm32l0xx_hal_adc.o
HAL_DMA_Abort_IT                                  build/stm32l0xx_hal_dma.o
                                                  build/stm32l0xx_hal_uart.o
                                                  build/stm32l0xx_hal_spi.o
                                                  build/stm32l0xx_hal_i2c.o
HAL_DMA_DeInit                                    build/stm32l0xx_hal_dma.o
HAL_DMA_GetError                                  build/stm32l0xx_hal_dma.o
                                                  build/stm32l0xx_hal_uart.o
HAL_DMA_GetState                                  build/stm32l0xx_hal_dma.o
HAL_DMA_IRQHandler                                build/stm32l0xx_hal_dma.o
HAL_DMA_Init                                      build/stm32l0xx_hal_dma.o
HAL_DMA_PollForTransfer                           build/stm32l0xx_hal_dma.o
HAL_DMA_RegisterCallback                          build/stm32l0xx_hal_dma.o
HAL_DMA_Start                                     build/stm32l0xx_hal_dma.o
HAL_DMA_Start_IT                                  build/stm32l0xx_hal_dma.o
                                                  build/stm32l0xx_hal_uart.o
                                                  build/stm32l0xx_hal_spi.o
                                                  build/stm32l0xx_hal_i2c.o
                                                  build/stm32l0xx_hal_adc.o
HAL_DMA_UnRegisterCallback                        build/stm32l0xx_hal_dma.o
HAL_DeInit                                        build/stm32l0xx_hal.o
HAL_Delay                                         build/stm32l0xx_hal.o
HAL_FLASHEx_AdvOBGetConfig                        build/stm32l0xx_hal_flash_ex.o
HAL_FLASHEx_AdvOBProgram                          build/stm32l0xx_hal_flash_ex.o
HAL_FLASHEx_DATAEEPROM_DisableFixedTimeProgram    build/stm32l0xx_hal_flash_ex.o
HAL_FLASHEx_DATAEEPROM_EnableFixedTimeProgram     build/stm32l0xx_hal_flash_ex.o
HAL_FLASHEx_DATAEEPROM_Erase                      build/stm32l0xx_hal_flash_ex.o
HAL_FLASHEx_DATAEEPROM_Lock                       build/stm32l0xx_hal_flash_ex.o
HAL_FLASHEx_DATAEEPROM_Program                    build/stm32l0xx_hal_flash_ex.o
HAL_FLASHEx_DATAEEPROM_Unlock                     build/stm32l0xx_hal_flash_ex.o
HAL_FLASHEx_DisableRunPowerDown                   build/stm32l0xx_hal_flash_ramfunc.o
HAL_FLASHEx_EnableRunPowerDown                    build/stm32l0xx_hal_flash_ramfunc.o
HAL_FLASHEx_Erase                                 build/stm32l0xx_hal_flash_ex.o
HAL_FLASHEx_EraseParallelPage                     build/stm32l0xx_hal_flash_ramfunc.o
HAL_FLASHEx_Erase_IT                              build/stm32l0xx_hal_flash_ex.o
HAL_FLASHEx_GetError                              build/stm32l0xx_hal_flash_ramfunc.o
HAL_FLASHEx_HalfPageProgram                       build/stm32l0xx_hal_flash_ramfunc.o
HAL_FLASHEx_OBGetConfig                           build/stm32l0xx_hal_flash_ex.o
HAL_FLASHEx_OBProgram                             build/stm32l0xx_hal_flash_ex.o
HAL_FLASHEx_OB_DeSelectPCROP                      build/stm32l0xx_hal_flash_ex.o
HAL_FLASHEx_OB_SelectPCROP                        build/stm32l0xx_hal_flash_ex.o
HAL_FLASHEx_ProgramParallelHalfPage               build/stm32l0xx_hal_flash_ramfunc.o
HAL_FLASH_EndOfOperationCallback                  build/stm32l0xx_hal_flash.o
HAL_FLASH_GetError                                build/stm32l0xx_hal_flash.o
HAL_FLASH_IRQHandler                              build/stm32l0xx_hal_flash.o
HAL_FLASH_Lock                                    build/stm32l0xx_hal_flash.o
HAL_FLASH_OB_Launch                               build/stm32l0xx_hal_flash.o
HAL_FLASH_OB_Lock                                 build/stm32l0xx_hal_flash.o
HAL_FLASH_OB_Unlock                               build/stm32l0xx_hal_flash.o
HAL_FLASH_OperationErrorCallback                  build/stm32l0xx_hal_flash.o
HAL_FLASH_Program                                 build/stm32l0xx_hal_flash.o
HAL_FLASH_Program_IT                              build/stm32l0xx_hal_flash.o
HAL_FLASH_Unlock                                  build/stm32l0xx_hal_flash.o
HAL_GPIO_DeInit                                   build/stm32l0xx_hal_gpio.o
                                                  build/usart.o
                                                  build/spi.o
                                                  build/i2c.o
                                                  build/adc.o
HAL_GPIO_EXTI_Callback                            build/stm32l0xx_hal_gpio.o
HAL_GPIO_EXTI_IRQHandler                          build/stm32l0xx_hal_gpio.o
HAL_GPIO_Init                                     build/stm32l0xx_hal_gpio.o
                                                  build/stm32l0xx_hal_rcc.o
                                                  build/usart.o
                                                  build/spi.o
                                                  build/i2c.o
                                                  build/adc.o
                                                  build/gpio.o
HAL_GPIO_LockPin                                  build/stm32l0xx_hal_gpio.o
HAL_GPIO_ReadPin                                  build/stm32l0xx_hal_gpio.o
HAL_GPIO_TogglePin                                build/stm32l0xx_hal_gpio.o
HAL_GPIO_WritePin                                 build/stm32l0xx_hal_gpio.o
                                                  build/gpio.o
HAL_GetDEVID                                      build/stm32l0xx_hal.o
HAL_GetHalVersion                                 build/stm32l0xx_hal.o
HAL_GetREVID                                      build/stm32l0xx_hal.o
HAL_GetTick                                       build/stm32l0xx_hal.o
                                                  build/stm32l0xx_hal_uart_ex.o
                                                  build/stm32l0xx_hal_uart.o
                                                  build/stm32l0xx_hal_spi.o
                                                  build/stm32l0xx_hal_dma.o
                                                  build/stm32l0xx_hal_flash.o
                                                  build/stm32l0xx_hal_rcc_ex.o
                                                  build/stm32l0xx_hal_rcc.o
                                                  build/stm32l0xx_hal_i2c.o
                                                  build/stm32l0xx_hal_adc_ex.o
                                                  build/stm32l0xx_hal_adc.o
HAL_GetUIDw0                                      build/stm32l0xx_hal.o
HAL_GetUIDw1                                      build/stm32l0xx_hal.o
HAL_GetUIDw2                                      build/stm32l0xx_hal.o
HAL_HalfDuplex_EnableReceiver                     build/stm32l0xx_hal_uart.o
HAL_HalfDuplex_EnableTransmitter                  build/stm32l0xx_hal_uart.o
HAL_HalfDuplex_Init                               build/stm32l0xx_hal_uart.o
HAL_I2CEx_ConfigAnalogFilter                      build/stm32l0xx_hal_i2c_ex.o
                                                  build/i2c.o
HAL_I2CEx_ConfigDigitalFilter                     build/stm32l0xx_hal_i2c_ex.o
                                                  build/i2c.o
HAL_I2CEx_DisableFastModePlus                     build/stm32l0xx_hal_i2c_ex.o
HAL_I2CEx_DisableWakeUp                           build/stm32l0xx_hal_i2c_ex.o
HAL_I2CEx_EnableFastModePlus                      build/stm32l0xx_hal_i2c_ex.o
HAL_I2CEx_EnableWakeUp                            build/stm32l0xx_hal_i2c_ex.o
HAL_I2C_AbortCpltCallback                         build/stm32l0xx_hal_i2c.o
HAL_I2C_AddrCallback                              build/stm32l0xx_hal_i2c.o
HAL_I2C_DeInit                                    build/stm32l0xx_hal_i2c.o
HAL_I2C_DisableListen_IT                          build/stm32l0xx_hal_i2c.o
HAL_I2C_ER_IRQHandler                             build/stm32l0xx_hal_i2c.o
HAL_I2C_EV_IRQHandler                             build/stm32l0xx_hal_i2c.o
HAL_I2C_EnableListen_IT                           build/stm32l0xx_hal_i2c.o
HAL_I2C_ErrorCallback                             build/stm32l0xx_hal_i2c.o
HAL_I2C_GetError                                  build/stm32l0xx_hal_i2c.o
HAL_I2C_GetMode                                   build/stm32l0xx_hal_i2c.o
HAL_I2C_GetState                                  build/stm32l0xx_hal_i2c.o
HAL_I2C_Init                                      build/stm32l0xx_hal_i2c.o
                                                  build/i2c.o
HAL_I2C_IsDeviceReady                             build/stm32l0xx_hal_i2c.o
HAL_I2C_ListenCpltCallback                        build/stm32l0xx_hal_i2c.o
HAL_I2C_MasterRxCpltCallback                      build/stm32l0xx_hal_i2c.o
HAL_I2C_MasterTxCpltCallback                      build/stm32l0xx_hal_i2c.o
HAL_I2C_Master_Abort_IT                           build/stm32l0xx_hal_i2c.o
HAL_I2C_Master_Receive                            build/stm32l0xx_hal_i2c.o
HAL_I2C_Master_Receive_DMA                        build/stm32l0xx_hal_i2c.o
HAL_I2C_Master_Receive_IT                         build/stm32l0xx_hal_i2c.o
HAL_I2C_Master_Seq_Receive_DMA                    build/stm32l0xx_hal_i2c.o
HAL_I2C_Master_Seq_Receive_IT                     build/stm32l0xx_hal_i2c.o
HAL_I2C_Master_Seq_Transmit_DMA                   build/stm32l0xx_hal_i2c.o
HAL_I2C_Master_Seq_Transmit_IT                    build/stm32l0xx_hal_i2c.o
HAL_I2C_Master_Transmit                           build/stm32l0xx_hal_i2c.o
HAL_I2C_Master_Transmit_DMA                       build/stm32l0xx_hal_i2c.o
HAL_I2C_Master_Transmit_IT                        build/stm32l0xx_hal_i2c.o
HAL_I2C_MemRxCpltCallback                         build/stm32l0xx_hal_i2c.o
HAL_I2C_MemTxCpltCallback                         build/stm32l0xx_hal_i2c.o
HAL_I2C_Mem_Read                                  build/stm32l0xx_hal_i2c.o
HAL_I2C_Mem_Read_DMA                              build/stm32l0xx_hal_i2c.o
HAL_I2C_Mem_Read_IT                               build/stm32l0xx_hal_i2c.o
HAL_I2C_Mem_Write                                 build/stm32l0xx_hal_i2c.o
HAL_I2C_Mem_Write_DMA                             build/stm32l0xx_hal_i2c.o
HAL_I2C_Mem_Write_IT                              build/stm32l0xx_hal_i2c.o
HAL_I2C_MspDeInit                                 build/i2c.o
HAL_I2C_MspInit                                   build/i2c.o
HAL_I2C_SlaveRxCpltCallback                       build/stm32l0xx_hal_i2c.o
HAL_I2C_SlaveTxCpltCallback                       build/stm32l0xx_hal_i2c.o
HAL_I2C_Slave_Receive                             build/stm32l0xx_hal_i2c.o
HAL_I2C_Slave_Receive_DMA                         build/stm32l0xx_hal_i2c.o
HAL_I2C_Slave_Receive_IT                          build/stm32l0xx_hal_i2c.o
HAL_I2C_Slave_Seq_Receive_DMA                     build/stm32l0xx_hal_i2c.o
HAL_I2C_Slave_Seq_Receive_IT                      build/stm32l0xx_hal_i2c.o
HAL_I2C_Slave_Seq_Transmit_DMA                    build/stm32l0xx_hal_i2c.o
HAL_I2C_Slave_Seq_Transmit_IT                     build/stm32l0xx_hal_i2c.o
HAL_I2C_Slave_Transmit                            build/stm32l0xx_hal_i2c.o
HAL_I2C_Slave_Transmit_DMA                        build/stm32l0xx_hal_i2c.o
HAL_I2C_Slave_Transmit_IT                         build/stm32l0xx_hal_i2c.o
HAL_IncTick                                       build/stm32l0xx_hal.o
                                                  build/stm32l0xx_it.o
HAL_Init                                          build/stm32l0xx_hal.o
                                                  build/main.o
HAL_InitTick                                      build/stm32l0xx_hal.o
                                                  build/stm32l0xx_hal_rcc.o
HAL_LIN_Init                                      build/stm32l0xx_hal_uart.o
HAL_LIN_SendBreak                                 build/stm32l0xx_hal_uart.o
HAL_MPU_ConfigRegion                              build/stm32l0xx_hal_cortex.o
HAL_MPU_Disable                                   build/stm32l0xx_hal_cortex.o
HAL_MPU_Enable                                    build/stm32l0xx_hal_cortex.o
HAL_MspDeInit                                     build/stm32l0xx_hal.o
HAL_MspInit                                       build/stm32l0xx_hal_msp.o
HAL_MultiProcessorEx_AddressLength_Set            build/stm32l0xx_hal_uart_ex.o
HAL_MultiProcessor_DisableMuteMode                build/stm32l0xx_hal_uart.o
HAL_MultiProcessor_EnableMuteMode                 build/stm32l0xx_hal_uart.o
HAL_MultiProcessor_EnterMuteMode                  build/stm32l0xx_hal_uart.o
HAL_MultiProcessor_Init                           build/stm32l0xx_hal_uart.o
HAL_NVIC_ClearPendingIRQ                          build/stm32l0xx_hal_cortex.o
HAL_NVIC_DisableIRQ                               build/stm32l0xx_hal_cortex.o
HAL_NVIC_EnableIRQ                                build/stm32l0xx_hal_cortex.o
HAL_NVIC_GetPendingIRQ                            build/stm32l0xx_hal_cortex.o
HAL_NVIC_GetPriority                              build/stm32l0xx_hal_cortex.o
HAL_NVIC_SetPendingIRQ                            build/stm32l0xx_hal_cortex.o
HAL_NVIC_SetPriority                              build/stm32l0xx_hal_cortex.o
                                                  build/stm32l0xx_hal.o
HAL_NVIC_SystemReset                              build/stm32l0xx_hal_cortex.o
HAL_PWREx_DisableFastWakeUp                       build/stm32l0xx_hal_pwr_ex.o
HAL_PWREx_DisableLowPowerRunMode                  build/stm32l0xx_hal_pwr_ex.o
HAL_PWREx_DisableUltraLowPower                    build/stm32l0xx_hal_pwr_ex.o
HAL_PWREx_EnableFastWakeUp                        build/stm32l0xx_hal_pwr_ex.o
HAL_PWREx_EnableLowPowerRunMode                   build/stm32l0xx_hal_pwr_ex.o
HAL_PWREx_EnableUltraLowPower                     build/stm32l0xx_hal_pwr_ex.o
HAL_PWREx_GetVoltageRange                         build/stm32l0xx_hal_pwr_ex.o
HAL_PWR_ConfigPVD                                 build/stm32l0xx_hal_pwr.o
HAL_PWR_DeInit                                    build/stm32l0xx_hal_pwr.o
HAL_PWR_DisableBkUpAccess                         build/stm32l0xx_hal_pwr.o
HAL_PWR_DisablePVD                                build/stm32l0xx_hal_pwr.o
HAL_PWR_DisableSEVOnPend                          build/stm32l0xx_hal_pwr.o
HAL_PWR_DisableSleepOnExit                        build/stm32l0xx_hal_pwr.o
HAL_PWR_DisableWakeUpPin                          build/stm32l0xx_hal_pwr.o
HAL_PWR_EnableBkUpAccess                          build/stm32l0xx_hal_pwr.o
HAL_PWR_EnablePVD                                 build/stm32l0xx_hal_pwr.o
HAL_PWR_EnableSEVOnPend                           build/stm32l0xx_hal_pwr.o
HAL_PWR_EnableSleepOnExit                         build/stm32l0xx_hal_pwr.o
HAL_PWR_EnableWakeUpPin                           build/stm32l0xx_hal_pwr.o
HAL_PWR_EnterSLEEPMode                            build/stm32l0xx_hal_pwr.o
HAL_PWR_EnterSTANDBYMode                          build/stm32l0xx_hal_pwr.o
HAL_PWR_EnterSTOPMode                             build/stm32l0xx_hal_pwr.o
HAL_PWR_PVDCallback                               build/stm32l0xx_hal_pwr.o
HAL_PWR_PVD_IRQHandler                            build/stm32l0xx_hal_pwr.o
HAL_RCCEx_DisableLSECSS                           build/stm32l0xx_hal_rcc_ex.o
HAL_RCCEx_EnableLSECSS                            build/stm32l0xx_hal_rcc_ex.o
HAL_RCCEx_EnableLSECSS_IT                         build/stm32l0xx_hal_rcc_ex.o
HAL_RCCEx_GetPeriphCLKConfig                      build/stm32l0xx_hal_rcc_ex.o
HAL_RCCEx_GetPeriphCLKFreq                        build/stm32l0xx_hal_rcc_ex.o
HAL_RCCEx_LSECSS_Callback                         build/stm32l0xx_hal_rcc_ex.o
HAL_RCCEx_LSECSS_IRQHandler                       build/stm32l0xx_hal_rcc_ex.o
HAL_RCCEx_PeriphCLKConfig                         build/stm32l0xx_hal_rcc_ex.o
                                                  build/main.o
HAL_RCC_CSSCallback                               build/stm32l0xx_hal_rcc.o
HAL_RCC_ClockConfig                               build/stm32l0xx_hal_rcc.o
                                                  build/main.o
HAL_RCC_DeInit                                    build/stm32l0xx_hal_rcc.o
HAL_RCC_EnableCSS                                 build/stm32l0xx_hal_rcc.o
HAL_RCC_GetClockConfig                            build/stm32l0xx_hal_rcc.o
HAL_RCC_GetHCLKFreq                               build/stm32l0xx_hal_rcc.o
HAL_RCC_GetOscConfig                              build/stm32l0xx_hal_rcc.o
HAL_RCC_GetPCLK1Freq                              build/stm32l0xx_hal_rcc.o
                                                  build/stm32l0xx_hal_uart.o
                                                  build/stm32l0xx_hal_rcc_ex.o
HAL_RCC_GetPCLK2Freq                              build/stm32l0xx_hal_rcc.o
                                                  build/stm32l0xx_hal_uart.o
                                                  build/stm32l0xx_hal_rcc_ex.o
HAL_RCC_GetSysClockFreq                           build/stm32l0xx_hal_rcc.o
                                                  build/stm32l0xx_hal_uart.o
                                                  build/stm32l0xx_hal_rcc_ex.o
HAL_RCC_MCOConfig                                 build/stm32l0xx_hal_rcc.o
HAL_RCC_NMI_IRQHandler                            build/stm32l0xx_hal_rcc.o
HAL_RCC_OscConfig                                 build/stm32l0xx_hal_rcc.o
                                                  build/main.o
HAL_RS485Ex_Init                                  build/stm32l0xx_hal_uart_ex.o
HAL_ResumeTick                                    build/stm32l0xx_hal.o
HAL_SPI_Abort                                     build/stm32l0xx_hal_spi.o
HAL_SPI_AbortCpltCallback                         build/stm32l0xx_hal_spi.o
HAL_SPI_Abort_IT                                  build/stm32l0xx_hal_spi.o
HAL_SPI_DMAPause                                  build/stm32l0xx_hal_spi.o
HAL_SPI_DMAResume                                 build/stm32l0xx_hal_spi.o
HAL_SPI_DMAStop                                   build/stm32l0xx_hal_spi.o
HAL_SPI_DeInit                                    build/stm32l0xx_hal_spi.o
HAL_SPI_ErrorCallback                             build/stm32l0xx_hal_spi.o
HAL_SPI_GetError                                  build/stm32l0xx_hal_spi.o
HAL_SPI_GetState                                  build/stm32l0xx_hal_spi.o
HAL_SPI_IRQHandler                                build/stm32l0xx_hal_spi.o
HAL_SPI_Init                                      build/stm32l0xx_hal_spi.o
                                                  build/spi.o
HAL_SPI_MspDeInit                                 build/spi.o
HAL_SPI_MspInit                                   build/spi.o
HAL_SPI_Receive                                   build/stm32l0xx_hal_spi.o
HAL_SPI_Receive_DMA                               build/stm32l0xx_hal_spi.o
HAL_SPI_Receive_IT                                build/stm32l0xx_hal_spi.o
HAL_SPI_RxCpltCallback                            build/stm32l0xx_hal_spi.o
HAL_SPI_RxHalfCpltCallback                        build/stm32l0xx_hal_spi.o
HAL_SPI_Transmit                                  build/stm32l0xx_hal_spi.o
HAL_SPI_TransmitReceive                           build/stm32l0xx_hal_spi.o
HAL_SPI_TransmitReceive_DMA                       build/stm32l0xx_hal_spi.o
HAL_SPI_TransmitReceive_IT                        build/stm32l0xx_hal_spi.o
HAL_SPI_Transmit_DMA                              build/stm32l0xx_hal_spi.o
HAL_SPI_Transmit_IT                               build/stm32l0xx_hal_spi.o
HAL_SPI_TxCpltCallback                            build/stm32l0xx_hal_spi.o
HAL_SPI_TxHalfCpltCallback                        build/stm32l0xx_hal_spi.o
HAL_SPI_TxRxCpltCallback                          build/stm32l0xx_hal_spi.o
HAL_SPI_TxRxHalfCpltCallback                      build/stm32l0xx_hal_spi.o
HAL_SYSCFG_Disable_Lock_VREFINT                   build/stm32l0xx_hal.o
HAL_SYSCFG_Enable_Lock_VREFINT                    build/stm32l0xx_hal.o
HAL_SYSCFG_GetBootMode                            build/stm32l0xx_hal.o
HAL_SYSCFG_VREFINT_OutputSelect                   build/stm32l0xx_hal.o
HAL_SYSTICK_CLKSourceConfig                       build/stm32l0xx_hal_cortex.o
HAL_SYSTICK_Callback                              build/stm32l0xx_hal_cortex.o
HAL_SYSTICK_Config                                build/stm32l0xx_hal_cortex.o
                                                  build/stm32l0xx_hal.o
HAL_SYSTICK_IRQHandler                            build/stm32l0xx_hal_cortex.o
HAL_SuspendTick                                   build/stm32l0xx_hal.o
HAL_UARTEx_DisableClockStopMode                   build/stm32l0xx_hal_uart_ex.o
HAL_UARTEx_DisableStopMode                        build/stm32l0xx_hal_uart_ex.o
HAL_UARTEx_EnableClockStopMode                    build/stm32l0xx_hal_uart_ex.o
HAL_UARTEx_EnableStopMode                         build/stm32l0xx_hal_uart_ex.o
HAL_UARTEx_StopModeWakeUpSourceConfig             build/stm32l0xx_hal_uart_ex.o
HAL_UARTEx_WakeupCallback                         build/stm32l0xx_hal_uart_ex.o
                                                  build/stm32l0xx_hal_uart.o
HAL_UART_Abort                                    build/stm32l0xx_hal_uart.o
HAL_UART_AbortCpltCallback                        build/stm32l0xx_hal_uart.o
HAL_UART_AbortReceive                             build/stm32l0xx_hal_uart.o
HAL_UART_AbortReceiveCpltCallback                 build/stm32l0xx_hal_uart.o
HAL_UART_AbortReceive_IT                          build/stm32l0xx_hal_uart.o
HAL_UART_AbortTransmit                            build/stm32l0xx_hal_uart.o
HAL_UART_AbortTransmitCpltCallback                build/stm32l0xx_hal_uart.o
HAL_UART_AbortTransmit_IT                         build/stm32l0xx_hal_uart.o
HAL_UART_Abort_IT                                 build/stm32l0xx_hal_uart.o
HAL_UART_DMAPause                                 build/stm32l0xx_hal_uart.o
HAL_UART_DMAResume                                build/stm32l0xx_hal_uart.o
HAL_UART_DMAStop                                  build/stm32l0xx_hal_uart.o
HAL_UART_DeInit                                   build/stm32l0xx_hal_uart.o
HAL_UART_ErrorCallback                            build/stm32l0xx_hal_uart.o
HAL_UART_GetError                                 build/stm32l0xx_hal_uart.o
HAL_UART_GetState                                 build/stm32l0xx_hal_uart.o
HAL_UART_IRQHandler                               build/stm32l0xx_hal_uart.o
HAL_UART_Init                                     build/stm32l0xx_hal_uart.o
                                                  build/usart.o
HAL_UART_MspDeInit                                build/usart.o
HAL_UART_MspInit                                  build/usart.o
                                                  build/stm32l0xx_hal_uart_ex.o
HAL_UART_Receive                                  build/stm32l0xx_hal_uart.o
HAL_UART_Receive_DMA                              build/stm32l0xx_hal_uart.o
HAL_UART_Receive_IT                               build/stm32l0xx_hal_uart.o
HAL_UART_RxCpltCallback                           build/stm32l0xx_hal_uart.o
HAL_UART_RxHalfCpltCallback                       build/stm32l0xx_hal_uart.o
HAL_UART_Transmit                                 build/stm32l0xx_hal_uart.o
HAL_UART_Transmit_DMA                             build/stm32l0xx_hal_uart.o
HAL_UART_Transmit_IT                              build/stm32l0xx_hal_uart.o
HAL_UART_TxCpltCallback                           build/stm32l0xx_hal_uart.o
HAL_UART_TxHalfCpltCallback                       build/stm32l0xx_hal_uart.o
HardFault_Handler                                 build/stm32l0xx_it.o
I2C1_IRQHandler                                   build/startup_stm32l071xx.o
I2C2_IRQHandler                                   build/startup_stm32l071xx.o
I2C3_IRQHandler                                   build/startup_stm32l071xx.o
LPTIM1_IRQHandler                                 build/startup_stm32l071xx.o
LPUART1_IRQHandler                                build/startup_stm32l071xx.o
MX_ADC_Init                                       build/adc.o
                                                  build/main.o
MX_GPIO_Init                                      build/gpio.o
                                                  build/main.o
MX_I2C1_Init                                      build/i2c.o
                                                  build/main.o
MX_I2C2_Init                                      build/i2c.o
                                                  build/main.o
MX_I2C3_Init                                      build/i2c.o
                                                  build/main.o
MX_SPI1_Init                                      build/spi.o
                                                  build/main.o
MX_SYS_Init                                       build/sys.o
MX_USART1_UART_Init                               build/usart.o
                                                  build/main.o
NMI_Handler                                       build/stm32l0xx_it.o
PLLMulTable                                       build/system_stm32l0xx.o
                                                  build/stm32l0xx_hal_rcc.o
PVD_IRQHandler                                    build/startup_stm32l071xx.o
PendSV_Handler                                    build/stm32l0xx_it.o
RCC_IRQHandler                                    build/startup_stm32l071xx.o
RTC_IRQHandler                                    build/startup_stm32l071xx.o
Reset_Handler                                     build/startup_stm32l071xx.o
SPI1_IRQHandler                                   build/startup_stm32l071xx.o
SPI2_IRQHandler                                   build/startup_stm32l071xx.o
SVC_Handler                                       build/stm32l0xx_it.o
SysTick_Handler                                   build/stm32l0xx_it.o
SystemClock_Config                                build/main.o
SystemCoreClock                                   build/system_stm32l0xx.o
                                                  build/stm32l0xx_hal_spi.o
                                                  build/stm32l0xx_hal_pwr_ex.o
                                                  build/stm32l0xx_hal_rcc.o
                                                  build/stm32l0xx_hal.o
                                                  build/stm32l0xx_hal_adc.o
SystemCoreClockUpdate                             build/system_stm32l0xx.o
SystemInit                                        build/system_stm32l0xx.o
                                                  build/startup_stm32l071xx.o
TIM21_IRQHandler                                  build/startup_stm32l071xx.o
TIM22_IRQHandler                                  build/startup_stm32l071xx.o
TIM2_IRQHandler                                   build/startup_stm32l071xx.o
TIM3_IRQHandler                                   build/startup_stm32l071xx.o
TIM6_IRQHandler                                   build/startup_stm32l071xx.o
TIM7_IRQHandler                                   build/startup_stm32l071xx.o
UART_AdvFeatureConfig                             build/stm32l0xx_hal_uart.o
                                                  build/stm32l0xx_hal_uart_ex.o
UART_CheckIdleState                               build/stm32l0xx_hal_uart.o
                                                  build/stm32l0xx_hal_uart_ex.o
UART_SetConfig                                    build/stm32l0xx_hal_uart.o
                                                  build/stm32l0xx_hal_uart_ex.o
UART_WaitOnFlagUntilTimeout                       build/stm32l0xx_hal_uart.o
                                                  build/stm32l0xx_hal_uart_ex.o
USART1_IRQHandler                                 build/startup_stm32l071xx.o
USART2_IRQHandler                                 build/startup_stm32l071xx.o
USART4_5_IRQHandler                               build/startup_stm32l071xx.o
WWDG_IRQHandler                                   build/startup_stm32l071xx.o
_ITM_deregisterTMCloneTable                       /usr/lib/gcc/arm-none-eabi/4.9.3/armv6-m/crtbegin.o
_ITM_registerTMCloneTable                         /usr/lib/gcc/arm-none-eabi/4.9.3/armv6-m/crtbegin.o
_Jv_RegisterClasses                               /usr/lib/gcc/arm-none-eabi/4.9.3/armv6-m/crtbegin.o
__TMC_END__                                       /usr/lib/gcc/arm-none-eabi/4.9.3/armv6-m/crtend.o
                                                  /usr/lib/gcc/arm-none-eabi/4.9.3/armv6-m/crtbegin.o
__aeabi_idiv0                                     /usr/lib/gcc/arm-none-eabi/4.9.3/armv6-m/libgcc.a(_dvmd_tls.o)
                                                  /usr/lib/gcc/arm-none-eabi/4.9.3/armv6-m/libgcc.a(_udivsi3.o)
__aeabi_ldiv0                                     /usr/lib/gcc/arm-none-eabi/4.9.3/armv6-m/libgcc.a(_dvmd_tls.o)
                                                  /usr/lib/gcc/arm-none-eabi/4.9.3/armv6-m/libgcc.a(_aeabi_uldivmod.o)
__aeabi_lmul                                      /usr/lib/gcc/arm-none-eabi/4.9.3/armv6-m/libgcc.a(_muldi3.o)
                                                  /usr/lib/gcc/arm-none-eabi/4.9.3/armv6-m/libgcc.a(bpabi.o)
__aeabi_uidiv                                     /usr/lib/gcc/arm-none-eabi/4.9.3/armv6-m/libgcc.a(_udivsi3.o)
                                                  build/system_stm32l0xx.o
                                                  build/stm32l0xx_hal_uart.o
                                                  build/stm32l0xx_hal_spi.o
                                                  build/stm32l0xx_hal_pwr_ex.o
                                                  build/stm32l0xx_hal_dma.o
                                                  build/stm32l0xx_hal_rcc.o
                                                  build/stm32l0xx_hal.o
                                                  build/stm32l0xx_hal_adc.o
__aeabi_uidivmod                                  /usr/lib/gcc/arm-none-eabi/4.9.3/armv6-m/libgcc.a(_udivsi3.o)
__aeabi_uldivmod                                  /usr/lib/gcc/arm-none-eabi/4.9.3/armv6-m/libgcc.a(_aeabi_uldivmod.o)
                                                  build/stm32l0xx_hal_uart.o
__atexit_dummy                                    /usr/lib/gcc/arm-none-eabi/4.9.3/../../../arm-none-eabi/lib/armv6-m/libc_nano.a(lib_a-__atexit.o)
__bss_end__                                       /usr/lib/gcc/arm-none-eabi/4.9.3/../../../arm-none-eabi/lib/armv6-m/crt0.o
__bss_start__                                     /usr/lib/gcc/arm-none-eabi/4.9.3/../../../arm-none-eabi/lib/armv6-m/crt0.o
__call_exitprocs                                  /usr/lib/gcc/arm-none-eabi/4.9.3/../../../arm-none-eabi/lib/armv6-m/libc_nano.a(lib_a-__call_atexit.o)
                                                  /usr/lib/gcc/arm-none-eabi/4.9.3/../../../arm-none-eabi/lib/armv6-m/libc_nano.a(lib_a-__atexit.o)
                                                  /usr/lib/gcc/arm-none-eabi/4.9.3/../../../arm-none-eabi/lib/armv6-m/libc_nano.a(lib_a-exit.o)
__clzdi2                                          /usr/lib/gcc/arm-none-eabi/4.9.3/armv6-m/libgcc.a(_clzdi2.o)
                                                  /usr/lib/gcc/arm-none-eabi/4.9.3/armv6-m/libgcc.a(_udivdi3.o)
                                                  /usr/lib/gcc/arm-none-eabi/4.9.3/armv6-m/libgcc.a(_divdi3.o)
__clzsi2                                          /usr/lib/gcc/arm-none-eabi/4.9.3/armv6-m/libgcc.a(_clzsi2.o)
                                                  /usr/lib/gcc/arm-none-eabi/4.9.3/armv6-m/libgcc.a(_clzdi2.o)
__deregister_frame_info                           /usr/lib/gcc/arm-none-eabi/4.9.3/armv6-m/crtbegin.o
__divdi3                                          /usr/lib/gcc/arm-none-eabi/4.9.3/armv6-m/libgcc.a(_divdi3.o)
                                                  /usr/lib/gcc/arm-none-eabi/4.9.3/armv6-m/libgcc.a(bpabi.o)
__dso_handle                                      /usr/lib/gcc/arm-none-eabi/4.9.3/armv6-m/crtbegin.o
__fini_array_end                                  /usr/lib/gcc/arm-none-eabi/4.9.3/../../../arm-none-eabi/lib/armv6-m/libc_nano.a(lib_a-fini.o)
__fini_array_start                                /usr/lib/gcc/arm-none-eabi/4.9.3/../../../arm-none-eabi/lib/armv6-m/libc_nano.a(lib_a-fini.o)
__gnu_ldivmod_helper                              /usr/lib/gcc/arm-none-eabi/4.9.3/armv6-m/libgcc.a(bpabi.o)
__gnu_uldivmod_helper                             /usr/lib/gcc/arm-none-eabi/4.9.3/armv6-m/libgcc.a(bpabi.o)
                                                  /usr/lib/gcc/arm-none-eabi/4.9.3/armv6-m/libgcc.a(_aeabi_uldivmod.o)
__init_array_end                                  /usr/lib/gcc/arm-none-eabi/4.9.3/../../../arm-none-eabi/lib/armv6-m/libc_nano.a(lib_a-init.o)
__init_array_start                                /usr/lib/gcc/arm-none-eabi/4.9.3/../../../arm-none-eabi/lib/armv6-m/libc_nano.a(lib_a-init.o)
__libc_fini_array                                 /usr/lib/gcc/arm-none-eabi/4.9.3/../../../arm-none-eabi/lib/armv6-m/libc_nano.a(lib_a-fini.o)
                                                  /usr/lib/gcc/arm-none-eabi/4.9.3/../../../arm-none-eabi/lib/armv6-m/crt0.o
__libc_init_array                                 /usr/lib/gcc/arm-none-eabi/4.9.3/../../../arm-none-eabi/lib/armv6-m/libc_nano.a(lib_a-init.o)
                                                  build/startup_stm32l071xx.o
                                                  /usr/lib/gcc/arm-none-eabi/4.9.3/../../../arm-none-eabi/lib/armv6-m/crt0.o
__muldi3                                          /usr/lib/gcc/arm-none-eabi/4.9.3/armv6-m/libgcc.a(_muldi3.o)
__preinit_array_end                               /usr/lib/gcc/arm-none-eabi/4.9.3/../../../arm-none-eabi/lib/armv6-m/libc_nano.a(lib_a-init.o)
__preinit_array_start                             /usr/lib/gcc/arm-none-eabi/4.9.3/../../../arm-none-eabi/lib/armv6-m/libc_nano.a(lib_a-init.o)
__register_exitproc                               /usr/lib/gcc/arm-none-eabi/4.9.3/../../../arm-none-eabi/lib/armv6-m/libc_nano.a(lib_a-__atexit.o)
                                                  /usr/lib/gcc/arm-none-eabi/4.9.3/../../../arm-none-eabi/lib/armv6-m/libc_nano.a(lib_a-atexit.o)
__register_frame_info                             /usr/lib/gcc/arm-none-eabi/4.9.3/armv6-m/crtbegin.o
__sf_fake_stderr                                  /usr/lib/gcc/arm-none-eabi/4.9.3/../../../arm-none-eabi/lib/armv6-m/libc_nano.a(lib_a-impure.o)
__sf_fake_stdin                                   /usr/lib/gcc/arm-none-eabi/4.9.3/../../../arm-none-eabi/lib/armv6-m/libc_nano.a(lib_a-impure.o)
__sf_fake_stdout                                  /usr/lib/gcc/arm-none-eabi/4.9.3/../../../arm-none-eabi/lib/armv6-m/libc_nano.a(lib_a-impure.o)
__stack                                           /usr/lib/gcc/arm-none-eabi/4.9.3/../../../arm-none-eabi/lib/armv6-m/crt0.o
__udivdi3                                         /usr/lib/gcc/arm-none-eabi/4.9.3/armv6-m/libgcc.a(_udivdi3.o)
                                                  /usr/lib/gcc/arm-none-eabi/4.9.3/armv6-m/libgcc.a(bpabi.o)
__udivsi3                                         /usr/lib/gcc/arm-none-eabi/4.9.3/armv6-m/libgcc.a(_udivsi3.o)
_ebss                                             build/startup_stm32l071xx.o
_edata                                            build/startup_stm32l071xx.o
_estack                                           build/startup_stm32l071xx.o
_exit                                             /usr/lib/gcc/arm-none-eabi/4.9.3/../../../arm-none-eabi/lib/armv6-m/libnosys.a(_exit.o)
                                                  /usr/lib/gcc/arm-none-eabi/4.9.3/../../../arm-none-eabi/lib/armv6-m/libc_nano.a(lib_a-exit.o)
_fini                                             /usr/lib/gcc/arm-none-eabi/4.9.3/armv6-m/crti.o
                                                  /usr/lib/gcc/arm-none-eabi/4.9.3/../../../arm-none-eabi/lib/armv6-m/libc_nano.a(lib_a-fini.o)
_global_atexit                                    /usr/lib/gcc/arm-none-eabi/4.9.3/../../../arm-none-eabi/lib/armv6-m/libc_nano.a(lib_a-__call_atexit.o)
                                                  /usr/lib/gcc/arm-none-eabi/4.9.3/../../../arm-none-eabi/lib/armv6-m/libc_nano.a(lib_a-__atexit.o)
_global_impure_ptr                                /usr/lib/gcc/arm-none-eabi/4.9.3/../../../arm-none-eabi/lib/armv6-m/libc_nano.a(lib_a-impure.o)
                                                  /usr/lib/gcc/arm-none-eabi/4.9.3/../../../arm-none-eabi/lib/armv6-m/libc_nano.a(lib_a-exit.o)
_impure_ptr                                       /usr/lib/gcc/arm-none-eabi/4.9.3/../../../arm-none-eabi/lib/armv6-m/libc_nano.a(lib_a-impure.o)
_init                                             /usr/lib/gcc/arm-none-eabi/4.9.3/armv6-m/crti.o
                                                  /usr/lib/gcc/arm-none-eabi/4.9.3/../../../arm-none-eabi/lib/armv6-m/libc_nano.a(lib_a-init.o)
_mainCRTStartup                                   /usr/lib/gcc/arm-none-eabi/4.9.3/../../../arm-none-eabi/lib/armv6-m/crt0.o
_sbss                                             build/startup_stm32l071xx.o
_sdata                                            build/startup_stm32l071xx.o
_sidata                                           build/startup_stm32l071xx.o
_start                                            /usr/lib/gcc/arm-none-eabi/4.9.3/../../../arm-none-eabi/lib/armv6-m/crt0.o
atexit                                            /usr/lib/gcc/arm-none-eabi/4.9.3/../../../arm-none-eabi/lib/armv6-m/libc_nano.a(lib_a-atexit.o)
                                                  /usr/lib/gcc/arm-none-eabi/4.9.3/../../../arm-none-eabi/lib/armv6-m/crt0.o
exit                                              /usr/lib/gcc/arm-none-eabi/4.9.3/../../../arm-none-eabi/lib/armv6-m/libc_nano.a(lib_a-exit.o)
                                                  /usr/lib/gcc/arm-none-eabi/4.9.3/../../../arm-none-eabi/lib/armv6-m/crt0.o
free                                              /usr/lib/gcc/arm-none-eabi/4.9.3/../../../arm-none-eabi/lib/armv6-m/libc_nano.a(lib_a-__call_atexit.o)
g_pfnVectors                                      build/startup_stm32l071xx.o
hadc                                              build/adc.o
hardware_init_hook                                /usr/lib/gcc/arm-none-eabi/4.9.3/../../../arm-none-eabi/lib/armv6-m/crt0.o
hi2c1                                             build/i2c.o
hi2c2                                             build/i2c.o
hi2c3                                             build/i2c.o
hspi1                                             build/spi.o
huart1                                            build/usart.o
main                                              build/main.o
                                                  build/startup_stm32l071xx.o
                                                  /usr/lib/gcc/arm-none-eabi/4.9.3/../../../arm-none-eabi/lib/armv6-m/crt0.o
malloc                                            /usr/lib/gcc/arm-none-eabi/4.9.3/../../../arm-none-eabi/lib/armv6-m/libc_nano.a(lib_a-__atexit.o)
memset                                            /usr/lib/gcc/arm-none-eabi/4.9.3/../../../arm-none-eabi/lib/armv6-m/libc_nano.a(lib_a-memset.o)
                                                  /usr/lib/gcc/arm-none-eabi/4.9.3/../../../arm-none-eabi/lib/armv6-m/crt0.o
pFlash                                            build/stm32l0xx_hal_flash.o
                                                  build/stm32l0xx_hal_flash_ex.o
                                                  build/stm32l0xx_hal_flash_ramfunc.o
software_init_hook                                /usr/lib/gcc/arm-none-eabi/4.9.3/../../../arm-none-eabi/lib/armv6-m/crt0.o
uwTick                                            build/stm32l0xx_hal.o
